Linux 5.15.0-177-generic (node0.paper.datacntr-effcy-pg0.utah.cloudlab.us) 	07/10/26 	_x86_64_	(32 CPU)

23:16:16     CPU    %usr   %nice    %sys %iowait    %irq   %soft  %steal  %guest  %gnice   %idle
23:16:17     all    6.11    0.00    1.35    0.00    0.00    0.63    0.00    0.00    0.00   91.92
23:16:17       0    0.89    0.00    0.89    0.00    0.00   12.50    0.00    0.00    0.00   85.71
23:16:17       1   89.22    0.00    0.00    0.00    0.00    2.94    0.00    0.00    0.00    7.84
23:16:17       2    0.97    0.00    0.97    0.00    0.00    2.91    0.00    0.00    0.00   95.15
23:16:17       3    1.01    0.00    0.00    0.00    0.00    0.00    0.00    0.00    0.00   98.99
23:16:17       4    1.00    0.00    1.00    0.00    0.00    0.00    0.00    0.00    0.00   98.00
23:16:17       5    2.00    0.00    0.00    0.00    0.00    0.00    0.00    0.00    0.00   98.00
23:16:17       6    2.97    0.00    0.99    0.00    0.00    0.00    0.00    0.00    0.00   96.04
23:16:17       7    1.00    0.00    1.00    0.00    0.00    0.00    0.00    0.00    0.00   98.00
23:16:17       8    1.02    0.00    0.00    0.00    0.00    0.00    0.00    0.00    0.00   98.98
23:16:17       9    1.02    0.00    0.00    0.00    0.00    0.00    0.00    0.00    0.00   98.98
23:16:17      10    1.96    0.00    1.96    0.00    0.00    0.00    0.00    0.00    0.00   96.08
23:16:17      11    0.00    0.00    0.00    0.00    0.00    0.00    0.00    0.00    0.00  100.00
23:16:17      12    1.01    0.00    1.01    0.00    0.00    0.00    0.00    0.00    0.00   97.98
23:16:17      13    1.01    0.00    0.00    0.00    0.00    0.00    0.00    0.00    0.00   98.99
23:16:17      14   29.29    0.00    9.09    0.00    0.00    0.00    0.00    0.00    0.00   61.62
23:16:17      15    0.00    0.00    2.00    0.00    0.00    0.00    0.00    0.00    0.00   98.00
23:16:17      16    6.19    0.00    0.00    0.00    0.00    0.00    0.00    0.00    0.00   93.81
23:16:17      17    0.00    0.00    0.00    0.00    0.00    0.00    0.00    0.00    0.00  100.00
23:16:17      18    1.01    0.00    1.01    0.00    0.00    0.00    0.00    0.00    0.00   97.98
23:16:17      19    1.01    0.00    0.00    0.00    0.00    0.00    0.00    0.00    0.00   98.99
23:16:17      20    1.00    0.00    1.00    0.00    0.00    0.00    0.00    0.00    0.00   98.00
23:16:17      21    2.00    0.00    0.00    0.00    0.00    0.00    0.00    0.00    0.00   98.00
23:16:17      22    2.02    0.00    0.00    0.00    0.00    0.00    0.00    0.00    0.00   97.98
23:16:17      23    1.01    0.00    1.01    0.00    0.00    0.00    0.00    0.00    0.00   97.98
23:16:17      24    4.04    0.00    1.01    0.00    0.00    0.00    0.00    0.00    0.00   94.95
23:16:17      25    3.03    0.00    1.01    0.00    0.00    0.00    0.00    0.00    0.00   95.96
23:16:17      26    3.06    0.00    0.00    0.00    0.00    0.00    0.00    0.00    0.00   96.94
23:16:17      27    3.00    0.00    2.00    0.00    0.00    0.00    0.00    0.00    0.00   95.00
23:16:17      28   27.55    0.00   11.22    0.00    0.00    0.00    0.00    0.00    0.00   61.22
23:16:17      29    1.00    0.00    3.00    0.00    0.00    0.00    0.00    0.00    0.00   96.00
23:16:17      30    1.00    0.00    2.00    0.00    0.00    0.00    0.00    0.00    0.00   97.00
23:16:17      31    3.00    0.00    1.00    0.00    0.00    0.00    0.00    0.00    0.00   96.00

23:16:17     CPU    %usr   %nice    %sys %iowait    %irq   %soft  %steal  %guest  %gnice   %idle
23:16:18     all    5.92    0.00    1.31    0.00    0.00    1.15    0.00    0.00    0.00   91.63
23:16:18       0    0.00    0.00    0.75    0.00    0.00   26.87    0.00    0.00    0.00   72.39
23:16:18       1   99.00    0.00    1.00    0.00    0.00    0.00    0.00    0.00    0.00    0.00
23:16:18       2    1.01    0.00    0.00    0.00    0.00    0.00    0.00    0.00    0.00   98.99
23:16:18       3    0.00    0.00    0.00    0.00    0.00    0.00    0.00    0.00    0.00  100.00
23:16:18       4    1.00    0.00    0.00    0.00    0.00    0.00    0.00    0.00    0.00   99.00
23:16:18       5    0.00    0.00    1.01    0.00    0.00    0.00    0.00    0.00    0.00   98.99
23:16:18       6    0.00    0.00    1.02    0.00    0.00    0.00    0.00    0.00    0.00   98.98
23:16:18       7    1.00    0.00    0.00    0.00    0.00    0.00    0.00    0.00    0.00   99.00
23:16:18       8    1.01    0.00    1.01    0.00    0.00    0.00    0.00    0.00    0.00   97.98
23:16:18       9    1.00    0.00    1.00    0.00    0.00    0.00    0.00    0.00    0.00   98.00
23:16:18      10    0.00    0.00    0.00    0.00    0.00    0.00    0.00    0.00    0.00  100.00
23:16:18      11    1.02    0.00    0.00    0.00    0.00    0.00    0.00    0.00    0.00   98.98
23:16:18      12    0.00    0.00    1.02    0.00    0.00    0.00    0.00    0.00    0.00   98.98
23:16:18      13    2.00    0.00    1.00    0.00    0.00    0.00    0.00    0.00    0.00   97.00
23:16:18      14   74.00    0.00   26.00    0.00    0.00    0.00    0.00    0.00    0.00    0.00
23:16:18      15    0.00    0.00    0.00    0.00    0.00    0.00    0.00    0.00    0.00  100.00
23:16:18      16    0.00    0.00    0.00    0.00    0.00    1.00    0.00    0.00    0.00   99.00
23:16:18      17    0.00    0.00    0.00    0.00    0.00    0.00    0.00    0.00    0.00  100.00
23:16:18      18    1.00    0.00    1.00    0.00    0.00    0.00    0.00    0.00    0.00   98.00
23:16:18      19    0.00    0.00    0.00    0.00    0.00    0.00    0.00    0.00    0.00  100.00
23:16:18      20    1.01    0.00    0.00    0.00    0.00    0.00    0.00    0.00    0.00   98.99
23:16:18      21    0.00    0.00    0.00    0.00    0.00    0.00    0.00    0.00    0.00  100.00
23:16:18      22    0.99    0.00    0.99    0.00    0.00    0.00    0.00    0.00    0.00   98.02
23:16:18      23    0.00    0.00    0.00    0.00    0.00    0.00    0.00    0.00    0.00  100.00
23:16:18      24    0.00    0.00    1.00    0.00    0.00    0.00    0.00    0.00    0.00   99.00
23:16:18      25    1.01    0.00    0.00    0.00    0.00    0.00    0.00    0.00    0.00   98.99
23:16:18      26    0.99    0.00    0.99    0.00    0.00    0.00    0.00    0.00    0.00   98.02
23:16:18      27    0.99    0.00    0.99    0.00    0.00    0.00    0.00    0.00    0.00   98.02
23:16:18      28    1.03    0.00    0.00    0.00    0.00    0.00    0.00    0.00    0.00   98.97
23:16:18      29    1.00    0.00    1.00    0.00    0.00    0.00    0.00    0.00    0.00   98.00
23:16:18      30    1.00    0.00    1.00    0.00    0.00    0.00    0.00    0.00    0.00   98.00
23:16:18      31    0.00    0.00    1.01    0.00    0.00    0.00    0.00    0.00    0.00   98.99

23:16:18     CPU    %usr   %nice    %sys %iowait    %irq   %soft  %steal  %guest  %gnice   %idle
23:16:19     all    6.29    0.00    1.68    0.78    0.00    0.62    0.00    0.00    0.00   90.62
23:16:19       0    0.86    0.00    0.86    0.00    0.00   13.79    0.00    0.00    0.00   84.48
23:16:19       1   99.01    0.00    0.99    0.00    0.00    0.00    0.00    0.00    0.00    0.00
23:16:19       2    2.04    0.00    0.00    0.00    0.00    0.00    0.00    0.00    0.00   97.96
23:16:19       3    0.96    0.00    0.96    0.00    0.00    3.85    0.00    0.00    0.00   94.23
23:16:19       4    1.01    0.00    0.00    0.00    0.00    0.00    0.00    0.00    0.00   98.99
23:16:19       5    0.00    0.00    5.00   25.00    0.00    0.00    0.00    0.00    0.00   70.00
23:16:19       6    1.98    0.00    0.99    0.00    0.00    0.00    0.00    0.00    0.00   97.03
23:16:19       7    0.00    0.00    0.00    0.00    0.00    0.00    0.00    0.00    0.00  100.00
23:16:19       8    2.00    0.00    1.00    0.00    0.00    0.00    0.00    0.00    0.00   97.00
23:16:19       9    0.99    0.00    0.99    0.00    0.00    0.00    0.00    0.00    0.00   98.02
23:16:19      10    0.00    0.00    0.00    0.00    0.00    0.00    0.00    0.00    0.00  100.00
23:16:19      11    0.99    0.00    0.99    0.00    0.00    0.00    0.00    0.00    0.00   98.02
23:16:19      12    2.06    0.00    0.00    0.00    0.00    0.00    0.00    0.00    0.00   97.94
23:16:19      13    1.98    0.00    0.99    0.00    0.00    0.00    0.00    0.00    0.00   97.03
23:16:19      14   74.00    0.00   26.00    0.00    0.00    0.00    0.00    0.00    0.00    0.00
23:16:19      15    1.01    0.00    0.00    0.00    0.00    0.00    0.00    0.00    0.00   98.99
23:16:19      16    0.99    0.00    0.99    0.00    0.00    0.00    0.00    0.00    0.00   98.02
23:16:19      17    0.00    0.00    1.98    0.00    0.00    0.00    0.00    0.00    0.00   98.02
23:16:19      18    2.00    0.00    0.00    0.00    0.00    0.00    0.00    0.00    0.00   98.00
23:16:19      19    1.00    0.00    1.00    0.00    0.00    0.00    0.00    0.00    0.00   98.00
23:16:19      20    0.00    0.00    2.00    0.00    0.00    0.00    0.00    0.00    0.00   98.00
23:16:19      21    0.00    0.00    3.00    0.00    0.00    0.00    0.00    0.00    0.00   97.00
23:16:19      22    2.00    0.00    1.00    0.00    0.00    0.00    0.00    0.00    0.00   97.00
23:16:19      23    0.00    0.00    0.00    0.00    0.00    0.00    0.00    0.00    0.00  100.00
23:16:19      24    0.00    0.00    0.00    0.00    0.00    0.00    0.00    0.00    0.00  100.00
23:16:19      25    0.99    0.00    0.99    0.00    0.00    0.00    0.00    0.00    0.00   98.02
23:16:19      26    0.00    0.00    0.00    0.00    0.00    0.00    0.00    0.00    0.00  100.00
23:16:19      27    1.00    0.00    0.00    0.00    0.00    0.00    0.00    0.00    0.00   99.00
23:16:19      28    1.01    0.00    2.02    0.00    0.00    0.00    0.00    0.00    0.00   96.97
23:16:19      29    2.00    0.00    1.00    0.00    0.00    0.00    0.00    0.00    0.00   97.00
23:16:19      30    0.00    0.00    0.00    0.00    0.00    0.00    0.00    0.00    0.00  100.00
23:16:19      31    0.99    0.00    0.99    0.00    0.00    0.00    0.00    0.00    0.00   98.02

23:16:19     CPU    %usr   %nice    %sys %iowait    %irq   %soft  %steal  %guest  %gnice   %idle
23:16:20     all    6.48    0.00    1.21    0.93    0.00    1.24    0.00    0.00    0.00   90.13
23:16:20       0    0.79    0.00    0.79    0.00    0.00   20.63    0.00    0.00    0.00   77.78
23:16:20       1   99.00    0.00    1.00    0.00    0.00    0.00    0.00    0.00    0.00    0.00
23:16:20       2    3.70    0.00    0.00    0.00    0.00    7.41    0.00    0.00    0.00   88.89
23:16:20       3    0.00    0.00    0.00    0.00    0.00    5.71    0.00    0.00    0.00   94.29
23:16:20       4    0.00    0.00    6.00   29.00    0.00    0.00    0.00    0.00    0.00   65.00
23:16:20       5    1.00    0.00    0.00    0.00    0.00    0.00    0.00    0.00    0.00   99.00
23:16:20       6    0.00    0.00    0.00    0.00    0.00    0.00    0.00    0.00    0.00  100.00
23:16:20       7    0.99    0.00    0.99    0.00    0.00    0.00    0.00    0.00    0.00   98.02
23:16:20       8    2.02    0.00    0.00    0.00    0.00    0.00    0.00    0.00    0.00   97.98
23:16:20       9    1.01    0.00    0.00    0.00    0.00    0.00    0.00    0.00    0.00   98.99
23:16:20      10    0.00    0.00    0.00    0.00    0.00    0.00    0.00    0.00    0.00  100.00
23:16:20      11    0.00    0.00    0.00    0.00    0.00    0.00    0.00    0.00    0.00  100.00
23:16:20      12    0.00    0.00    2.04    0.00    0.00    0.00    0.00    0.00    0.00   97.96
23:16:20      13    2.02    0.00    0.00    0.00    0.00    0.00    0.00    0.00    0.00   97.98
23:16:20      14   80.00    0.00   20.00    0.00    0.00    0.00    0.00    0.00    0.00    0.00
23:16:20      15    1.98    0.00    0.00    0.00    0.00    0.00    0.00    0.00    0.00   98.02
23:16:20      16    1.01    0.00    0.00    0.00    0.00    0.00    0.00    0.00    0.00   98.99
23:16:20      17    2.02    0.00    0.00    0.00    0.00    0.00    0.00    0.00    0.00   97.98
23:16:20      18    2.00    0.00    0.00    0.00    0.00    0.00    0.00    0.00    0.00   98.00
23:16:20      19    0.00    0.00    0.00    0.00    0.00    0.00    0.00    0.00    0.00  100.00
23:16:20      20    0.00    0.00    0.00    0.00    0.00    0.00    0.00    0.00    0.00  100.00
23:16:20      21    0.99    0.00    2.97    0.99    0.00    0.00    0.00    0.00    0.00   95.05
23:16:20      22    2.00    0.00    1.00    0.00    0.00    0.00    0.00    0.00    0.00   97.00
23:16:20      23    0.99    0.00    0.99    0.00    0.00    0.00    0.00    0.00    0.00   98.02
23:16:20      24    0.99    0.00    0.99    0.00    0.00    0.00    0.00    0.00    0.00   98.02
23:16:20      25    1.00    0.00    1.00    0.00    0.00    0.00    0.00    0.00    0.00   98.00
23:16:20      26    1.00    0.00    0.00    0.00    0.00    0.00    0.00    0.00    0.00   99.00
23:16:20      27    0.00    0.00    0.00    0.00    0.00    0.00    0.00    0.00    0.00  100.00
23:16:20      28    2.04    0.00    0.00    0.00    0.00    0.00    0.00    0.00    0.00   97.96
23:16:20      29    0.00    0.00    0.00    0.00    0.00    0.00    0.00    0.00    0.00  100.00
23:16:20      30    1.01    0.00    1.01    0.00    0.00    0.00    0.00    0.00    0.00   97.98
23:16:20      31    1.00    0.00    0.00    0.00    0.00    0.00    0.00    0.00    0.00   99.00

23:16:20     CPU    %usr   %nice    %sys %iowait    %irq   %soft  %steal  %guest  %gnice   %idle
23:16:21     all    6.27    0.00    1.27    0.53    0.00    1.30    0.00    0.00    0.00   90.63
23:16:21       0    0.00    0.00    0.71    0.00    0.00   30.00    0.00    0.00    0.00   69.29
23:16:21       1   99.00    0.00    1.00    0.00    0.00    0.00    0.00    0.00    0.00    0.00
23:16:21       2    1.02    0.00    0.00    0.00    0.00    0.00    0.00    0.00    0.00   98.98
23:16:21       3    1.98    0.00    0.00    0.00    0.00    0.00    0.00    0.00    0.00   98.02
23:16:21       4    1.02    0.00    0.00    0.00    0.00    0.00    0.00    0.00    0.00   98.98
23:16:21       5    0.00    0.00    1.00    0.00    0.00    0.00    0.00    0.00    0.00   99.00
23:16:21       6    1.00    0.00    1.00    0.00    0.00    0.00    0.00    0.00    0.00   98.00
23:16:21       7    1.01    0.00    0.00    0.00    0.00    0.00    0.00    0.00    0.00   98.99
23:16:21       8    0.00    0.00    0.00    0.00    0.00    0.00    0.00    0.00    0.00  100.00
23:16:21       9    2.02    0.00    0.00    0.00    0.00    0.00    0.00    0.00    0.00   97.98
23:16:21      10    0.00    0.00    0.00    0.00    0.00    0.00    0.00    0.00    0.00  100.00
23:16:21      11    1.00    0.00    0.00    0.00    0.00    0.00    0.00    0.00    0.00   99.00
23:16:21      12    2.06    0.00    0.00    0.00    0.00    0.00    0.00    0.00    0.00   97.94
23:16:21      13    1.01    0.00    1.01    0.00    0.00    0.00    0.00    0.00    0.00   97.98
23:16:21      14   75.00    0.00   25.00    0.00    0.00    0.00    0.00    0.00    0.00    0.00
23:16:21      15    0.00    0.00    0.00    0.00    0.00    0.00    0.00    0.00    0.00  100.00
23:16:21      16    0.00    0.00    1.00    0.00    0.00    0.00    0.00    0.00    0.00   99.00
23:16:21      17    2.00    0.00    0.00    0.00    0.00    0.00    0.00    0.00    0.00   98.00
23:16:21      18    2.00    0.00    1.00    0.00    0.00    0.00    0.00    0.00    0.00   97.00
23:16:21      19    1.00    0.00    0.00    0.00    0.00    0.00    0.00    0.00    0.00   99.00
23:16:21      20    0.99    0.00    3.96   16.83    0.00    0.00    0.00    0.00    0.00   78.22
23:16:21      21    1.00    0.00    0.00    0.00    0.00    0.00    0.00    0.00    0.00   99.00
23:16:21      22    2.00    0.00    0.00    0.00    0.00    0.00    0.00    0.00    0.00   98.00
23:16:21      23    1.00    0.00    0.00    0.00    0.00    0.00    0.00    0.00    0.00   99.00
23:16:21      24    1.01    0.00    0.00    0.00    0.00    0.00    0.00    0.00    0.00   98.99
23:16:21      25    0.00    0.00    0.00    0.00    0.00    0.00    0.00    0.00    0.00  100.00
23:16:21      26    0.00    0.00    1.00    0.00    0.00    0.00    0.00    0.00    0.00   99.00
23:16:21      27    0.00    0.00    0.00    0.00    0.00    0.00    0.00    0.00    0.00  100.00
23:16:21      28    1.03    0.00    1.03    0.00    0.00    0.00    0.00    0.00    0.00   97.94
23:16:21      29    1.01    0.00    1.01    0.00    0.00    0.00    0.00    0.00    0.00   97.98
23:16:21      30    2.00    0.00    2.00    0.00    0.00    0.00    0.00    0.00    0.00   96.00
23:16:21      31    1.00    0.00    0.00    0.00    0.00    0.00    0.00    0.00    0.00   99.00

23:16:21     CPU    %usr   %nice    %sys %iowait    %irq   %soft  %steal  %guest  %gnice   %idle
23:16:22     all    6.33    0.00    1.12    0.41    0.00    1.09    0.00    0.00    0.00   91.06
23:16:22       0    0.76    0.00    0.00    0.00    0.00   25.19    0.00    0.00    0.00   74.05
23:16:22       1  100.00    0.00    0.00    0.00    0.00    0.00    0.00    0.00    0.00    0.00
23:16:22       2    2.97    0.00    0.00    0.00    0.00    0.99    0.00    0.00    0.00   96.04
23:16:22       3    0.00    0.00    0.00    0.00    0.00    1.01    0.00    0.00    0.00   98.99
23:16:22       4    0.99    0.00    1.98    0.00    0.00    0.00    0.00    0.00    0.00   97.03
23:16:22       5    1.00    0.00    0.00    0.00    0.00    0.00    0.00    0.00    0.00   99.00
23:16:22       6    0.00    0.00    0.00    0.00    0.00    0.00    0.00    0.00    0.00  100.00
23:16:22       7    0.00    0.00    1.00    0.00    0.00    0.00    0.00    0.00    0.00   99.00
23:16:22       8    0.00    0.00    0.00    0.00    0.00    0.00    0.00    0.00    0.00  100.00
23:16:22       9    2.02    0.00    1.01    0.00    0.00    0.00    0.00    0.00    0.00   96.97
23:16:22      10    0.00    0.00    1.01    0.00    0.00    0.00    0.00    0.00    0.00   98.99
23:16:22      11    0.00    0.00    1.01    0.00    0.00    0.00    0.00    0.00    0.00   98.99
23:16:22      12    0.00    0.00    2.04    0.00    0.00    0.00    0.00    0.00    0.00   97.96
23:16:22      13    0.00    0.00    1.01    0.00    0.00    0.00    0.00    0.00    0.00   98.99
23:16:22      14   83.00    0.00   17.00    0.00    0.00    0.00    0.00    0.00    0.00    0.00
23:16:22      15    0.00    0.00    0.00    0.00    0.00    0.00    0.00    0.00    0.00  100.00
23:16:22      16    0.00    0.00    0.00    0.00    0.00    0.00    0.00    0.00    0.00  100.00
23:16:22      17    0.00    0.00    2.02    0.00    0.00    0.00    0.00    0.00    0.00   97.98
23:16:22      18    1.01    0.00    1.01    0.00    0.00    0.00    0.00    0.00    0.00   97.98
23:16:22      19    1.00    0.00    0.00    0.00    0.00    0.00    0.00    0.00    0.00   99.00
23:16:22      20    0.00    0.00    0.00   13.40    0.00    0.00    0.00    0.00    0.00   86.60
23:16:22      21    1.02    0.00    0.00    0.00    0.00    0.00    0.00    0.00    0.00   98.98
23:16:22      22    1.01    0.00    0.00    0.00    0.00    0.00    0.00    0.00    0.00   98.99
23:16:22      23    2.02    0.00    0.00    0.00    0.00    0.00    0.00    0.00    0.00   97.98
23:16:22      24    0.00    0.00    0.00    0.00    0.00    0.00    0.00    0.00    0.00  100.00
23:16:22      25    0.99    0.00    0.99    0.00    0.00    0.00    0.00    0.00    0.00   98.02
23:16:22      26    0.00    0.00    0.00    0.00    0.00    0.00    0.00    0.00    0.00  100.00
23:16:22      27    1.00    0.00    0.00    0.00    0.00    0.00    0.00    0.00    0.00   99.00
23:16:22      28    3.00    0.00    2.00    0.00    0.00    0.00    0.00    0.00    0.00   95.00
23:16:22      29    1.00    0.00    0.00    0.00    0.00    0.00    0.00    0.00    0.00   99.00
23:16:22      30    0.00    0.00    3.00    0.00    0.00    0.00    0.00    0.00    0.00   97.00
23:16:22      31    0.00    0.00    1.01    0.00    0.00    0.00    0.00    0.00    0.00   98.99

23:16:22     CPU    %usr   %nice    %sys %iowait    %irq   %soft  %steal  %guest  %gnice   %idle
23:16:23     all    6.42    0.00    1.24    0.99    0.00    1.21    0.00    0.00    0.00   90.14
23:16:23       0    0.00    0.00    0.72    0.00    0.00   28.26    0.00    0.00    0.00   71.01
23:16:23       1  100.00    0.00    0.00    0.00    0.00    0.00    0.00    0.00    0.00    0.00
23:16:23       2    2.00    0.00    0.00    0.00    0.00    0.00    0.00    0.00    0.00   98.00
23:16:23       3    0.00    0.00    0.00    0.00    0.00    0.00    0.00    0.00    0.00  100.00
23:16:23       4    0.00    0.00    2.00    0.00    0.00    0.00    0.00    0.00    0.00   98.00
23:16:23       5    0.00    0.00    0.00    0.00    0.00    0.00    0.00    0.00    0.00  100.00
23:16:23       6    0.00    0.00    0.00    0.00    0.00    0.00    0.00    0.00    0.00  100.00
23:16:23       7    0.00    0.00    1.00    0.00    0.00    0.00    0.00    0.00    0.00   99.00
23:16:23       8    0.99    0.00    0.99    0.00    0.00    0.00    0.00    0.00    0.00   98.02
23:16:23       9    2.00    0.00    1.00    0.00    0.00    0.00    0.00    0.00    0.00   97.00
23:16:23      10    0.00    0.00    0.00    0.00    0.00    0.00    0.00    0.00    0.00  100.00
23:16:23      11    1.00    0.00    0.00    0.00    0.00    0.00    0.00    0.00    0.00   99.00
23:16:23      12    1.02    0.00    0.00    0.00    0.00    0.00    0.00    0.00    0.00   98.98
23:16:23      13    1.01    0.00    0.00    0.00    0.00    0.00    0.00    0.00    0.00   98.99
23:16:23      14   83.00    0.00   17.00    0.00    0.00    0.00    0.00    0.00    0.00    0.00
23:16:23      15    0.00    0.00    1.00    0.00    0.00    0.00    0.00    0.00    0.00   99.00
23:16:23      16    1.00    0.00    0.00    0.00    0.00    0.00    0.00    0.00    0.00   99.00
23:16:23      17    1.01    0.00    1.01    0.00    0.00    0.00    0.00    0.00    0.00   97.98
23:16:23      18    2.04    0.00    0.00    0.00    0.00    0.00    0.00    0.00    0.00   97.96
23:16:23      19    1.00    0.00    0.00    0.00    0.00    0.00    0.00    0.00    0.00   99.00
23:16:23      20    0.99    0.00    4.95   19.80    0.00    0.00    0.00    0.00    0.00   74.26
23:16:23      21    0.00    0.00    2.02   12.12    0.00    0.00    0.00    0.00    0.00   85.86
23:16:23      22    0.00    0.00    0.00    0.00    0.00    0.00    0.00    0.00    0.00  100.00
23:16:23      23    2.97    0.00    1.98    0.00    0.00    0.00    0.00    0.00    0.00   95.05
23:16:23      24    0.99    0.00    0.99    0.00    0.00    0.00    0.00    0.00    0.00   98.02
23:16:23      25    1.00    0.00    0.00    0.00    0.00    0.00    0.00    0.00    0.00   99.00
23:16:23      26    1.00    0.00    1.00    0.00    0.00    0.00    0.00    0.00    0.00   98.00
23:16:23      27    1.00    0.00    0.00    0.00    0.00    0.00    0.00    0.00    0.00   99.00
23:16:23      28    2.04    0.00    1.02    0.00    0.00    0.00    0.00    0.00    0.00   96.94
23:16:23      29    1.01    0.00    1.01    0.00    0.00    0.00    0.00    0.00    0.00   97.98
23:16:23      30    1.01    0.00    2.02    0.00    0.00    0.00    0.00    0.00    0.00   96.97
23:16:23      31    0.00    0.00    0.00    0.00    0.00    0.00    0.00    0.00    0.00  100.00

23:16:23     CPU    %usr   %nice    %sys %iowait    %irq   %soft  %steal  %guest  %gnice   %idle
23:16:24     all    6.30    0.00    1.43    0.99    0.00    1.18    0.00    0.00    0.00   90.10
23:16:24       0    0.00    0.00    0.00    0.00    0.00   27.94    0.00    0.00    0.00   72.06
23:16:24       1  100.00    0.00    0.00    0.00    0.00    0.00    0.00    0.00    0.00    0.00
23:16:24       2    3.03    0.00    0.00    0.00    0.00    0.00    0.00    0.00    0.00   96.97
23:16:24       3    0.00    0.00    0.00    0.00    0.00    0.00    0.00    0.00    0.00  100.00
23:16:24       4    0.00    0.00    2.04    0.00    0.00    0.00    0.00    0.00    0.00   97.96
23:16:24       5    1.01    0.00    0.00    0.00    0.00    0.00    0.00    0.00    0.00   98.99
23:16:24       6    0.99    0.00    0.99    0.00    0.00    0.00    0.00    0.00    0.00   98.02
23:16:24       7    0.00    0.00    0.00    0.00    0.00    0.00    0.00    0.00    0.00  100.00
23:16:24       8   30.61    0.00   15.31    0.00    0.00    0.00    0.00    0.00    0.00   54.08
23:16:24       9    2.02    0.00    0.00    0.00    0.00    0.00    0.00    0.00    0.00   97.98
23:16:24      10    0.99    0.00    1.98    0.00    0.00    0.00    0.00    0.00    0.00   97.03
23:16:24      11    0.00    0.00    0.00    0.00    0.00    0.00    0.00    0.00    0.00  100.00
23:16:24      12   47.00    0.00    7.00    0.00    0.00    0.00    0.00    0.00    0.00   46.00
23:16:24      13    1.02    0.00    1.02    0.00    0.00    0.00    0.00    0.00    0.00   97.96
23:16:24      14    1.00    0.00    0.00    0.00    0.00    0.00    0.00    0.00    0.00   99.00
23:16:24      15    0.00    0.00    0.00    0.00    0.00    0.00    0.00    0.00    0.00  100.00
23:16:24      16    0.00    0.00    0.00    0.00    0.00    0.00    0.00    0.00    0.00  100.00
23:16:24      17    1.01    0.00    1.01    0.00    0.00    0.00    0.00    0.00    0.00   97.98
23:16:24      18    1.00    0.00    1.00    0.00    0.00    0.00    0.00    0.00    0.00   98.00
23:16:24      19    1.02    0.00    0.00    0.00    0.00    0.00    0.00    0.00    0.00   98.98
23:16:24      20    0.00    0.00    0.00    0.00    0.00    0.00    0.00    0.00    0.00  100.00
23:16:24      21    0.98    0.00    4.90   31.37    0.00    0.00    0.00    0.00    0.00   62.75
23:16:24      22    0.00    0.00    0.99    0.00    0.00    0.00    0.00    0.00    0.00   99.01
23:16:24      23    3.03    0.00    0.00    0.00    0.00    0.00    0.00    0.00    0.00   96.97
23:16:24      24    1.01    0.00    0.00    0.00    0.00    0.00    0.00    0.00    0.00   98.99
23:16:24      25    0.00    0.00    0.00    0.00    0.00    0.00    0.00    0.00    0.00  100.00
23:16:24      26    0.00    0.00    1.98    0.00    0.00    0.00    0.00    0.00    0.00   98.02
23:16:24      27    0.00    0.00    2.00    0.00    0.00    0.00    0.00    0.00    0.00   98.00
23:16:24      28    3.92    0.00    3.92    0.00    0.00    0.00    0.00    0.00    0.00   92.16
23:16:24      29    1.01    0.00    0.00    0.00    0.00    0.00    0.00    0.00    0.00   98.99
23:16:24      30    2.00    0.00    1.00    0.00    0.00    0.00    0.00    0.00    0.00   97.00
23:16:24      31    0.99    0.00    0.99    0.00    0.00    0.00    0.00    0.00    0.00   98.02

23:16:24     CPU    %usr   %nice    %sys %iowait    %irq   %soft  %steal  %guest  %gnice   %idle
23:16:25     all    6.80    0.00    0.94    0.00    0.00    0.84    0.00    0.00    0.00   91.43
23:16:25       0    0.00    0.00    0.81    0.00    0.00   20.97    0.00    0.00    0.00   78.23
23:16:25       1  100.00    0.00    0.00    0.00    0.00    0.00    0.00    0.00    0.00    0.00
23:16:25       2    1.98    0.00    0.99    0.00    0.00    0.99    0.00    0.00    0.00   96.04
23:16:25       3    0.00    0.00    0.99    0.00    0.00    0.00    0.00    0.00    0.00   99.01
23:16:25       4   34.00    0.00    8.00    0.00    0.00    0.00    0.00    0.00    0.00   58.00
23:16:25       5    0.00    0.00    0.00    0.00    0.00    0.00    0.00    0.00    0.00  100.00
23:16:25       6    2.02    0.00    1.01    0.00    0.00    0.00    0.00    0.00    0.00   96.97
23:16:25       7    0.99    0.00    0.99    0.00    0.00    0.00    0.00    0.00    0.00   98.02
23:16:25       8   52.48    0.00    5.94    0.00    0.00    0.00    0.00    0.00    0.00   41.58
23:16:25       9    3.03    0.00    0.00    0.00    0.00    0.00    0.00    0.00    0.00   96.97
23:16:25      10    1.00    0.00    1.00    0.00    0.00    0.00    0.00    0.00    0.00   98.00
23:16:25      11    1.00    0.00    0.00    0.00    0.00    0.00    0.00    0.00    0.00   99.00
23:16:25      12    1.01    0.00    1.01    0.00    0.00    0.00    0.00    0.00    0.00   97.98
23:16:25      13    1.02    0.00    0.00    0.00    0.00    0.00    0.00    0.00    0.00   98.98
23:16:25      14    0.00    0.00    1.01    0.00    0.00    0.00    0.00    0.00    0.00   98.99
23:16:25      15    0.00    0.00    1.01    0.00    0.00    0.00    0.00    0.00    0.00   98.99
23:16:25      16    0.00    0.00    1.00    0.00    0.00    0.00    0.00    0.00    0.00   99.00
23:16:25      17    1.03    0.00    0.00    0.00    0.00    0.00    0.00    0.00    0.00   98.97
23:16:25      18    0.00    0.00    0.00    0.00    0.00    0.00    0.00    0.00    0.00  100.00
23:16:25      19    3.00    0.00    1.00    0.00    0.00    0.00    0.00    0.00    0.00   96.00
23:16:25      20    1.00    0.00    0.00    0.00    0.00    0.00    0.00    0.00    0.00   99.00
23:16:25      21    0.00    0.00    0.00    0.00    0.00    0.00    0.00    0.00    0.00  100.00
23:16:25      22    0.99    0.00    0.99    0.00    0.00    0.00    0.00    0.00    0.00   98.02
23:16:25      23    1.98    0.00    1.98    0.00    0.00    0.00    0.00    0.00    0.00   96.04
23:16:25      24    1.00    0.00    0.00    0.00    0.00    0.00    0.00    0.00    0.00   99.00
23:16:25      25    2.97    0.00    0.00    0.00    0.00    0.00    0.00    0.00    0.00   97.03
23:16:25      26    2.02    0.00    0.00    0.00    0.00    0.00    0.00    0.00    0.00   97.98
23:16:25      27    2.00    0.00    0.00    0.00    0.00    0.00    0.00    0.00    0.00   98.00
23:16:25      28    3.06    0.00    0.00    0.00    0.00    0.00    0.00    0.00    0.00   96.94
23:16:25      29    0.00    0.00    0.00    0.00    0.00    0.00    0.00    0.00    0.00  100.00
23:16:25      30    0.00    0.00    1.01    0.00    0.00    0.00    0.00    0.00    0.00   98.99
23:16:25      31    0.00    0.00    1.02    0.00    0.00    0.00    0.00    0.00    0.00   98.98

23:16:25     CPU    %usr   %nice    %sys %iowait    %irq   %soft  %steal  %guest  %gnice   %idle
23:16:26     all    6.94    0.00    1.06    0.00    0.00    0.87    0.00    0.00    0.00   91.14
23:16:26       0    0.89    0.00    0.00    0.00    0.00   11.61    0.00    0.00    0.00   87.50
23:16:26       1   99.01    0.00    0.99    0.00    0.00    0.00    0.00    0.00    0.00    0.00
23:16:26       2    2.65    0.00    0.88    0.00    0.00   11.50    0.00    0.00    0.00   84.96
23:16:26       3    2.02    0.00    0.00    0.00    0.00    1.01    0.00    0.00    0.00   96.97
23:16:26       4   84.00    0.00   16.00    0.00    0.00    0.00    0.00    0.00    0.00    0.00
23:16:26       5    0.00    0.00    0.99    0.00    0.00    0.99    0.00    0.00    0.00   98.02
23:16:26       6    0.00    0.00    0.00    0.00    0.00    0.00    0.00    0.00    0.00  100.00
23:16:26       7    1.00    0.00    0.00    0.00    0.00    0.00    0.00    0.00    0.00   99.00
23:16:26       8    2.00    0.00    0.00    0.00    0.00    0.00    0.00    0.00    0.00   98.00
23:16:26       9    4.00    0.00    0.00    0.00    0.00    0.00    0.00    0.00    0.00   96.00
23:16:26      10    1.00    0.00    0.00    0.00    0.00    0.00    0.00    0.00    0.00   99.00
23:16:26      11    0.00    0.00    0.00    0.00    0.00    0.00    0.00    0.00    0.00  100.00
23:16:26      12    0.00    0.00    2.04    0.00    0.00    0.00    0.00    0.00    0.00   97.96
23:16:26      13    0.00    0.00    2.02    0.00    0.00    0.00    0.00    0.00    0.00   97.98
23:16:26      14    0.00    0.00    1.00    0.00    0.00    0.00    0.00    0.00    0.00   99.00
23:16:26      15    1.00    0.00    0.00    0.00    0.00    0.00    0.00    0.00    0.00   99.00
23:16:26      16    1.00    0.00    1.00    0.00    0.00    0.00    0.00    0.00    0.00   98.00
23:16:26      17    1.01    0.00    1.01    0.00    0.00    0.00    0.00    0.00    0.00   97.98
23:16:26      18    0.00    0.00    1.01    0.00    0.00    0.00    0.00    0.00    0.00   98.99
23:16:26      19    2.02    0.00    0.00    0.00    0.00    0.00    0.00    0.00    0.00   97.98
23:16:26      20    1.01    0.00    0.00    0.00    0.00    0.00    0.00    0.00    0.00   98.99
23:16:26      21    0.00    0.00    1.00    0.00    0.00    0.00    0.00    0.00    0.00   99.00
23:16:26      22    0.00    0.00    1.01    0.00    0.00    0.00    0.00    0.00    0.00   98.99
23:16:26      23    3.03    0.00    1.01    0.00    0.00    0.00    0.00    0.00    0.00   95.96
23:16:26      24    1.01    0.00    0.00    0.00    0.00    0.00    0.00    0.00    0.00   98.99
23:16:26      25    2.00    0.00    1.00    0.00    0.00    0.00    0.00    0.00    0.00   97.00
23:16:26      26    1.98    0.00    0.99    0.00    0.00    0.00    0.00    0.00    0.00   97.03
23:16:26      27    2.00    0.00    0.00    0.00    0.00    0.00    0.00    0.00    0.00   98.00
23:16:26      28    3.00    0.00    1.00    0.00    0.00    0.00    0.00    0.00    0.00   96.00
23:16:26      29    3.00    0.00    1.00    0.00    0.00    0.00    0.00    0.00    0.00   96.00
23:16:26      30    1.00    0.00    0.00    0.00    0.00    0.00    0.00    0.00    0.00   99.00
23:16:26      31    1.98    0.00    0.00    0.00    0.00    0.00    0.00    0.00    0.00   98.02

23:16:26     CPU    %usr   %nice    %sys %iowait    %irq   %soft  %steal  %guest  %gnice   %idle
23:16:27     all    6.28    0.00    1.09    0.00    0.00    0.87    0.00    0.00    0.00   91.75
23:16:27       0    0.98    0.00    0.00    0.00    0.00    2.94    0.00    0.00    0.00   96.08
23:16:27       1   99.00    0.00    1.00    0.00    0.00    0.00    0.00    0.00    0.00    0.00
23:16:27       2    0.00    0.00    0.00    0.00    0.00   20.33    0.00    0.00    0.00   79.67
23:16:27       3    2.02    0.00    1.01    0.00    0.00    0.00    0.00    0.00    0.00   96.97
23:16:27       4   76.00    0.00   24.00    0.00    0.00    0.00    0.00    0.00    0.00    0.00
23:16:27       5    1.01    0.00    0.00    0.00    0.00    0.00    0.00    0.00    0.00   98.99
23:16:27       6    3.00    0.00    0.00    0.00    0.00    0.00    0.00    0.00    0.00   97.00
23:16:27       7    0.00    0.00    1.01    0.00    0.00    0.00    0.00    0.00    0.00   98.99
23:16:27       8    3.03    0.00    0.00    0.00    0.00    0.00    0.00    0.00    0.00   96.97
23:16:27       9    0.00    0.00    0.00    0.00    0.00    0.00    0.00    0.00    0.00  100.00
23:16:27      10    0.00    0.00    1.01    0.00    0.00    0.00    0.00    0.00    0.00   98.99
23:16:27      11    1.00    0.00    1.00    0.00    0.00    0.00    0.00    0.00    0.00   98.00
23:16:27      12    3.03    0.00    0.00    0.00    0.00    0.00    0.00    0.00    0.00   96.97
23:16:27      13    1.01    0.00    1.01    0.00    0.00    0.00    0.00    0.00    0.00   97.98
23:16:27      14    0.00    0.00    0.00    0.00    0.00    0.00    0.00    0.00    0.00  100.00
23:16:27      15    0.00    0.00    0.00    0.00    0.00    0.00    0.00    0.00    0.00  100.00
23:16:27      16    0.00    0.00    0.00    0.00    0.00    0.00    0.00    0.00    0.00  100.00
23:16:27      17    1.01    0.00    1.01    0.00    0.00    0.00    0.00    0.00    0.00   97.98
23:16:27      18    1.00    0.00    0.00    0.00    0.00    0.00    0.00    0.00    0.00   99.00
23:16:27      19    3.96    0.00    1.98    0.00    0.00    0.00    0.00    0.00    0.00   94.06
23:16:27      20    0.00    0.00    0.00    0.00    0.00    0.00    0.00    0.00    0.00  100.00
23:16:27      21    0.00    0.00    0.00    0.00    0.00    0.00    0.00    0.00    0.00  100.00
23:16:27      22    1.00    0.00    0.00    0.00    0.00    0.00    0.00    0.00    0.00   99.00
23:16:27      23    2.02    0.00    0.00    0.00    0.00    0.00    0.00    0.00    0.00   97.98
23:16:27      24    0.00    0.00    0.00    0.00    0.00    0.00    0.00    0.00    0.00  100.00
23:16:27      25    1.01    0.00    0.00    0.00    0.00    0.00    0.00    0.00    0.00   98.99
23:16:27      26    0.00    0.00    0.00    0.00    0.00    0.00    0.00    0.00    0.00  100.00
23:16:27      27    0.00    0.00    0.00    0.00    0.00    0.00    0.00    0.00    0.00  100.00
23:16:27      28    0.00    0.00    1.01    0.00    0.00    0.00    0.00    0.00    0.00   98.99
23:16:27      29    1.01    0.00    1.01    0.00    0.00    0.00    0.00    0.00    0.00   97.98
23:16:27      30    0.00    0.00    0.00    0.00    0.00    0.00    0.00    0.00    0.00  100.00
23:16:27      31    0.00    0.00    0.00    0.00    0.00    0.00    0.00    0.00    0.00  100.00

23:16:27     CPU    %usr   %nice    %sys %iowait    %irq   %soft  %steal  %guest  %gnice   %idle
23:16:28     all    6.65    0.00    0.90    0.00    0.00    1.03    0.00    0.00    0.00   91.42
23:16:28       0    0.96    0.00    0.96    0.00    0.00    3.85    0.00    0.00    0.00   94.23
23:16:28       1  100.00    0.00    0.00    0.00    0.00    0.00    0.00    0.00    0.00    0.00
23:16:28       2    0.82    0.00    0.82    0.00    0.00   19.67    0.00    0.00    0.00   78.69
23:16:28       3    1.94    0.00    0.97    0.00    0.00    1.94    0.00    0.00    0.00   95.15
23:16:28       4   85.00    0.00   15.00    0.00    0.00    0.00    0.00    0.00    0.00    0.00
23:16:28       5    0.00    0.00    0.00    0.00    0.00    1.98    0.00    0.00    0.00   98.02
23:16:28       6    1.02    0.00    0.00    0.00    0.00    0.00    0.00    0.00    0.00   98.98
23:16:28       7    0.00    0.00    0.00    0.00    0.00    0.00    0.00    0.00    0.00  100.00
23:16:28       8    2.02    0.00    0.00    0.00    0.00    0.00    0.00    0.00    0.00   97.98
23:16:28       9    1.01    0.00    1.01    0.00    0.00    0.00    0.00    0.00    0.00   97.98
23:16:28      10    1.00    0.00    0.00    0.00    0.00    0.00    0.00    0.00    0.00   99.00
23:16:28      11    0.00    0.00    0.00    0.00    0.00    0.00    0.00    0.00    0.00  100.00
23:16:28      12    2.00    0.00    0.00    0.00    0.00    0.00    0.00    0.00    0.00   98.00
23:16:28      13    1.01    0.00    2.02    0.00    0.00    0.00    0.00    0.00    0.00   96.97
23:16:28      14    1.98    0.00    0.99    0.00    0.00    0.00    0.00    0.00    0.00   97.03
23:16:28      15    0.00    0.00    0.00    0.00    0.00    0.00    0.00    0.00    0.00  100.00
23:16:28      16    1.00    0.00    0.00    0.00    0.00    1.00    0.00    0.00    0.00   98.00
23:16:28      17    1.01    0.00    1.01    0.00    0.00    0.00    0.00    0.00    0.00   97.98
23:16:28      18    1.01    0.00    0.00    0.00    0.00    0.00    0.00    0.00    0.00   98.99
23:16:28      19    1.98    0.00    0.99    0.00    0.00    0.00    0.00    0.00    0.00   97.03
23:16:28      20    0.00    0.00    1.01    0.00    0.00    0.00    0.00    0.00    0.00   98.99
23:16:28      21    2.00    0.00    0.00    0.00    0.00    0.00    0.00    0.00    0.00   98.00
23:16:28      22    0.00    0.00    0.00    0.00    0.00    0.00    0.00    0.00    0.00  100.00
23:16:28      23    2.00    0.00    1.00    0.00    0.00    0.00    0.00    0.00    0.00   97.00
23:16:28      24    1.01    0.00    0.00    0.00    0.00    0.00    0.00    0.00    0.00   98.99
23:16:28      25    0.00    0.00    1.00    0.00    0.00    0.00    0.00    0.00    0.00   99.00
23:16:28      26    1.98    0.00    0.99    0.00    0.00    0.00    0.00    0.00    0.00   97.03
23:16:28      27    0.00    0.00    0.00    0.00    0.00    0.00    0.00    0.00    0.00  100.00
23:16:28      28    1.02    0.00    0.00    0.00    0.00    0.00    0.00    0.00    0.00   98.98
23:16:28      29    0.00    0.00    0.00    0.00    0.00    0.00    0.00    0.00    0.00  100.00
23:16:28      30    1.96    0.00    0.98    0.00    0.00    0.00    0.00    0.00    0.00   97.06
23:16:28      31    0.00    0.00    0.00    0.00    0.00    0.00    0.00    0.00    0.00  100.00

23:16:28     CPU    %usr   %nice    %sys %iowait    %irq   %soft  %steal  %guest  %gnice   %idle
23:16:29     all    6.04    0.00    1.43    0.81    0.00    1.18    0.00    0.00    0.00   90.54
23:16:29       0    0.00    0.00    0.75    0.00    0.00   26.87    0.00    0.00    0.00   72.39
23:16:29       1   39.39    0.00    0.00    0.00    0.00    0.00    0.00    0.00    0.00   60.61
23:16:29       2    0.00    0.00    0.98    0.00    0.00    1.96    0.00    0.00    0.00   97.06
23:16:29       3    3.96    0.00    0.00    0.00    0.00    0.00    0.00    0.00    0.00   96.04
23:16:29       4   26.00    0.00   11.00    0.00    0.00    0.00    0.00    0.00    0.00   63.00
23:16:29       5    0.00    0.00    4.04   21.21    0.00    0.00    0.00    0.00    0.00   74.75
23:16:29       6    1.00    0.00    0.00    0.00    0.00    0.00    0.00    0.00    0.00   99.00
23:16:29       7    1.01    0.00    0.00    0.00    0.00    0.00    0.00    0.00    0.00   98.99
23:16:29       8    1.03    0.00    0.00    0.00    0.00    0.00    0.00    0.00    0.00   98.97
23:16:29       9    1.01    0.00    0.00    0.00    0.00    0.00    0.00    0.00    0.00   98.99
23:16:29      10    0.99    0.00    0.99    0.00    0.00    0.00    0.00    0.00    0.00   98.02
23:16:29      11    0.00    0.00    0.00    0.00    0.00    0.00    0.00    0.00    0.00  100.00
23:16:29      12   49.49    0.00   16.16    0.00    0.00    0.00    0.00    0.00    0.00   34.34
23:16:29      13    1.03    0.00    0.00    0.00    0.00    0.00    0.00    0.00    0.00   98.97
23:16:29      14    0.00    0.00    1.00    0.00    0.00    0.00    0.00    0.00    0.00   99.00
23:16:29      15    0.00    0.00    0.00    0.00    0.00    0.00    0.00    0.00    0.00  100.00
23:16:29      16    0.00    0.00    1.01    0.00    0.00    0.00    0.00    0.00    0.00   98.99
23:16:29      17   61.62    0.00    1.01    0.00    0.00    0.00    0.00    0.00    0.00   37.37
23:16:29      18    2.00    0.00    1.00    0.00    0.00    0.00    0.00    0.00    0.00   97.00
23:16:29      19    1.00    0.00    0.00    0.00    0.00    0.00    0.00    0.00    0.00   99.00
23:16:29      20    0.00    0.00    1.01    5.05    0.00    0.00    0.00    0.00    0.00   93.94
23:16:29      21    0.00    0.00    2.02    0.00    0.00    0.00    0.00    0.00    0.00   97.98
23:16:29      22    0.00    0.00    1.00    0.00    0.00    0.00    0.00    0.00    0.00   99.00
23:16:29      23    1.00    0.00    0.00    0.00    0.00    0.00    0.00    0.00    0.00   99.00
23:16:29      24    0.00    0.00    0.00    0.00    0.00    0.00    0.00    0.00    0.00  100.00
23:16:29      25    0.00    0.00    0.00    0.00    0.00    0.00    0.00    0.00    0.00  100.00
23:16:29      26    0.00    0.00    0.00    0.00    0.00    0.00    0.00    0.00    0.00  100.00
23:16:29      27    1.00    0.00    0.00    0.00    0.00    0.00    0.00    0.00    0.00   99.00
23:16:29      28    2.02    0.00    2.02    0.00    0.00    0.00    0.00    0.00    0.00   95.96
23:16:29      29    1.02    0.00    1.02    0.00    0.00    0.00    0.00    0.00    0.00   97.96
23:16:29      30    0.99    0.00    0.99    0.00    0.00    0.00    0.00    0.00    0.00   98.02
23:16:29      31    0.00    0.00    0.00    0.00    0.00    0.00    0.00    0.00    0.00  100.00

23:16:29     CPU    %usr   %nice    %sys %iowait    %irq   %soft  %steal  %guest  %gnice   %idle
23:16:30     all    6.61    0.00    1.06    0.00    0.00    1.27    0.00    0.00    0.00   91.06
23:16:30       0    0.00    0.00    0.00    0.00    0.00   29.50    0.00    0.00    0.00   70.50
23:16:30       1    1.02    0.00    0.00    0.00    0.00    0.00    0.00    0.00    0.00   98.98
23:16:30       2    3.03    0.00    1.01    0.00    0.00    0.00    0.00    0.00    0.00   95.96
23:16:30       3    0.00    0.00    0.00    0.00    0.00    0.00    0.00    0.00    0.00  100.00
23:16:30       4    1.00    0.00    0.00    0.00    0.00    0.00    0.00    0.00    0.00   99.00
23:16:30       5    1.98    0.00    0.00    0.00    0.00    0.00    0.00    0.00    0.00   98.02
23:16:30       6    1.00    0.00    0.00    0.00    0.00    0.00    0.00    0.00    0.00   99.00
23:16:30       7    0.00    0.00    0.00    0.00    0.00    0.00    0.00    0.00    0.00  100.00
23:16:30       8    4.00    0.00    1.00    0.00    0.00    0.00    0.00    0.00    0.00   95.00
23:16:30       9    0.00    0.00    1.01    0.00    0.00    0.00    0.00    0.00    0.00   98.99
23:16:30      10    0.00    0.00    0.00    0.00    0.00    0.00    0.00    0.00    0.00  100.00
23:16:30      11    1.01    0.00    0.00    0.00    0.00    0.00    0.00    0.00    0.00   98.99
23:16:30      12   84.00    0.00   16.00    0.00    0.00    0.00    0.00    0.00    0.00    0.00
23:16:30      13    1.02    0.00    1.02    0.00    0.00    0.00    0.00    0.00    0.00   97.96
23:16:30      14    1.00    0.00    0.00    0.00    0.00    0.00    0.00    0.00    0.00   99.00
23:16:30      15    0.00    0.00    1.00    0.00    0.00    0.00    0.00    0.00    0.00   99.00
23:16:30      16    1.00    0.00    1.00    0.00    0.00    0.00    0.00    0.00    0.00   98.00
23:16:30      17   99.00    0.00    1.00    0.00    0.00    0.00    0.00    0.00    0.00    0.00
23:16:30      18    1.02    0.00    1.02    0.00    0.00    0.00    0.00    0.00    0.00   97.96
23:16:30      19    1.98    0.00    0.99    0.00    0.00    0.00    0.00    0.00    0.00   97.03
23:16:30      20    0.99    0.00    0.99    0.00    0.00    0.00    0.00    0.00    0.00   98.02
23:16:30      21    0.00    0.00    0.00    0.00    0.00    0.00    0.00    0.00    0.00  100.00
23:16:30      22    0.00    0.00    0.00    0.00    0.00    0.00    0.00    0.00    0.00  100.00
23:16:30      23    5.00    0.00    0.00    0.00    0.00    0.00    0.00    0.00    0.00   95.00
23:16:30      24    0.99    0.00    0.99    0.00    0.00    0.00    0.00    0.00    0.00   98.02
23:16:30      25    0.00    0.00    1.01    0.00    0.00    0.00    0.00    0.00    0.00   98.99
23:16:30      26    0.00    0.00    0.00    0.00    0.00    0.00    0.00    0.00    0.00  100.00
23:16:30      27    0.00    0.00    0.00    0.00    0.00    0.00    0.00    0.00    0.00  100.00
23:16:30      28    2.02    0.00    3.03    0.00    0.00    0.00    0.00    0.00    0.00   94.95
23:16:30      29    1.98    0.00    2.97    0.00    0.00    0.00    0.00    0.00    0.00   95.05
23:16:30      30    0.00    0.00    0.00    0.00    0.00    0.00    0.00    0.00    0.00  100.00
23:16:30      31    0.00    0.00    0.00    0.00    0.00    0.00    0.00    0.00    0.00  100.00

23:16:30     CPU    %usr   %nice    %sys %iowait    %irq   %soft  %steal  %guest  %gnice   %idle
23:16:31     all    6.71    0.00    1.05    0.00    0.00    1.42    0.00    0.00    0.00   90.82
23:16:31       0    0.69    0.00    1.38    0.00    0.00   31.03    0.00    0.00    0.00   66.90
23:16:31       1    2.02    0.00    0.00    0.00    0.00    0.00    0.00    0.00    0.00   97.98
23:16:31       2    1.98    0.00    0.00    0.00    0.00    0.99    0.00    0.00    0.00   97.03
23:16:31       3    3.00    0.00    0.00    0.00    0.00    0.00    0.00    0.00    0.00   97.00
23:16:31       4    1.00    0.00    0.00    0.00    0.00    0.00    0.00    0.00    0.00   99.00
23:16:31       5    1.00    0.00    1.00    0.00    0.00    0.00    0.00    0.00    0.00   98.00
23:16:31       6    1.00    0.00    1.00    0.00    0.00    0.00    0.00    0.00    0.00   98.00
23:16:31       7    1.01    0.00    0.00    0.00    0.00    0.00    0.00    0.00    0.00   98.99
23:16:31       8    3.00    0.00    1.00    0.00    0.00    0.00    0.00    0.00    0.00   96.00
23:16:31       9    1.01    0.00    0.00    0.00    0.00    0.00    0.00    0.00    0.00   98.99
23:16:31      10    0.00    0.00    0.00    0.00    0.00    0.00    0.00    0.00    0.00  100.00
23:16:31      11    0.00    0.00    1.00    0.00    0.00    0.00    0.00    0.00    0.00   99.00
23:16:31      12   81.00    0.00   19.00    0.00    0.00    0.00    0.00    0.00    0.00    0.00
23:16:31      13    1.01    0.00    1.01    0.00    0.00    0.00    0.00    0.00    0.00   97.98
23:16:31      14    1.00    0.00    0.00    0.00    0.00    0.00    0.00    0.00    0.00   99.00
23:16:31      15    1.00    0.00    1.00    0.00    0.00    0.00    0.00    0.00    0.00   98.00
23:16:31      16    1.01    0.00    0.00    0.00    0.00    0.00    0.00    0.00    0.00   98.99
23:16:31      17  100.00    0.00    0.00    0.00    0.00    0.00    0.00    0.00    0.00    0.00
23:16:31      18    1.00    0.00    1.00    0.00    0.00    0.00    0.00    0.00    0.00   98.00
23:16:31      19    1.02    0.00    0.00    0.00    0.00    0.00    0.00    0.00    0.00   98.98
23:16:31      20    1.01    0.00    0.00    0.00    0.00    0.00    0.00    0.00    0.00   98.99
23:16:31      21    1.00    0.00    0.00    0.00    0.00    0.00    0.00    0.00    0.00   99.00
23:16:31      22    0.99    0.00    0.99    0.00    0.00    0.00    0.00    0.00    0.00   98.02
23:16:31      23    3.00    0.00    0.00    0.00    0.00    0.00    0.00    0.00    0.00   97.00
23:16:31      24    0.00    0.00    0.00    0.00    0.00    0.00    0.00    0.00    0.00  100.00
23:16:31      25    0.00    0.00    0.00    0.00    0.00    0.00    0.00    0.00    0.00  100.00
23:16:31      26    0.98    0.00    1.96    0.00    0.00    0.00    0.00    0.00    0.00   97.06
23:16:31      27    0.00    0.00    0.00    0.00    0.00    0.00    0.00    0.00    0.00  100.00
23:16:31      28    4.90    0.00    0.98    0.00    0.00    0.00    0.00    0.00    0.00   94.12
23:16:31      29    1.02    0.00    2.04    0.00    0.00    0.00    0.00    0.00    0.00   96.94
23:16:31      30    0.00    0.00    0.00    0.00    0.00    0.00    0.00    0.00    0.00  100.00
23:16:31      31    1.00    0.00    0.00    0.00    0.00    0.00    0.00    0.00    0.00   99.00

23:16:31     CPU    %usr   %nice    %sys %iowait    %irq   %soft  %steal  %guest  %gnice   %idle
23:16:32     all    6.55    0.00    1.02    0.00    0.00    1.40    0.00    0.00    0.00   91.03
23:16:32       0    0.00    0.00    0.00    0.00    0.00   31.69    0.00    0.00    0.00   68.31
23:16:32       1    0.00    0.00    1.01    0.00    0.00    0.00    0.00    0.00    0.00   98.99
23:16:32       2    2.04    0.00    0.00    0.00    0.00    0.00    0.00    0.00    0.00   97.96
23:16:32       3    3.92    0.00    0.98    0.00    0.00    0.00    0.00    0.00    0.00   95.10
23:16:32       4    0.99    0.00    0.99    0.00    0.00    0.00    0.00    0.00    0.00   98.02
23:16:32       5    0.00    0.00    1.00    0.00    0.00    0.00    0.00    0.00    0.00   99.00
23:16:32       6    0.99    0.00    0.99    0.00    0.00    0.00    0.00    0.00    0.00   98.02
23:16:32       7    0.00    0.00    0.00    0.00    0.00    0.00    0.00    0.00    0.00  100.00
23:16:32       8    1.02    0.00    0.00    0.00    0.00    0.00    0.00    0.00    0.00   98.98
23:16:32       9    1.01    0.00    1.01    0.00    0.00    0.00    0.00    0.00    0.00   97.98
23:16:32      10    0.00    0.00    1.00    0.00    0.00    0.00    0.00    0.00    0.00   99.00
23:16:32      11    0.00    0.00    0.00    0.00    0.00    0.00    0.00    0.00    0.00  100.00
23:16:32      12   85.15    0.00   14.85    0.00    0.00    0.00    0.00    0.00    0.00    0.00
23:16:32      13    1.02    0.00    1.02    0.00    0.00    0.00    0.00    0.00    0.00   97.96
23:16:32      14    0.00    0.00    1.01    0.00    0.00    0.00    0.00    0.00    0.00   98.99
23:16:32      15    0.00    0.00    0.00    0.00    0.00    0.00    0.00    0.00    0.00  100.00
23:16:32      16    0.98    0.00    2.94    0.00    0.00    0.00    0.00    0.00    0.00   96.08
23:16:32      17   99.00    0.00    1.00    0.00    0.00    0.00    0.00    0.00    0.00    0.00
23:16:32      18    2.04    0.00    0.00    0.00    0.00    0.00    0.00    0.00    0.00   97.96
23:16:32      19    1.00    0.00    1.00    0.00    0.00    0.00    0.00    0.00    0.00   98.00
23:16:32      20    0.00    0.00    1.01    0.00    0.00    0.00    0.00    0.00    0.00   98.99
23:16:32      21    0.00    0.00    1.01    0.00    0.00    0.00    0.00    0.00    0.00   98.99
23:16:32      22    1.00    0.00    0.00    0.00    0.00    0.00    0.00    0.00    0.00   99.00
23:16:32      23    3.09    0.00    0.00    0.00    0.00    0.00    0.00    0.00    0.00   96.91
23:16:32      24    1.00    0.00    1.00    0.00    0.00    0.00    0.00    0.00    0.00   98.00
23:16:32      25    0.00    0.00    1.00    0.00    0.00    0.00    0.00    0.00    0.00   99.00
23:16:32      26    0.99    0.00    0.00    0.00    0.00    0.00    0.00    0.00    0.00   99.01
23:16:32      27    0.00    0.00    0.00    0.00    0.00    0.00    0.00    0.00    0.00  100.00
23:16:32      28    1.04    0.00    0.00    0.00    0.00    0.00    0.00    0.00    0.00   98.96
23:16:32      29    2.04    0.00    0.00    0.00    0.00    0.00    0.00    0.00    0.00   97.96
23:16:32      30    1.00    0.00    0.00    0.00    0.00    0.00    0.00    0.00    0.00   99.00
23:16:32      31    1.00    0.00    0.00    0.00    0.00    0.00    0.00    0.00    0.00   99.00

23:16:32     CPU    %usr   %nice    %sys %iowait    %irq   %soft  %steal  %guest  %gnice   %idle
23:16:33     all    6.61    0.00    0.84    0.00    0.00    1.12    0.00    0.00    0.00   91.43
23:16:33       0    0.76    0.00    0.00    0.00    0.00   25.19    0.00    0.00    0.00   74.05
23:16:33       1    1.01    0.00    1.01    0.00    0.00    0.00    0.00    0.00    0.00   97.98
23:16:33       2    0.96    0.00    0.96    0.00    0.00    2.88    0.00    0.00    0.00   95.19
23:16:33       3    4.04    0.00    0.00    0.00    0.00    0.00    0.00    0.00    0.00   95.96
23:16:33       4    0.00    0.00    0.00    0.00    0.00    0.00    0.00    0.00    0.00  100.00
23:16:33       5    1.01    0.00    0.00    0.00    0.00    0.00    0.00    0.00    0.00   98.99
23:16:33       6    0.00    0.00    0.00    0.00    0.00    0.00    0.00    0.00    0.00  100.00
23:16:33       7    1.00    0.00    1.00    0.00    0.00    0.00    0.00    0.00    0.00   98.00
23:16:33       8    4.00    0.00    0.00    0.00    0.00    0.00    0.00    0.00    0.00   96.00
23:16:33       9    0.00    0.00    1.00    0.00    0.00    0.00    0.00    0.00    0.00   99.00
23:16:33      10    1.01    0.00    0.00    0.00    0.00    0.00    0.00    0.00    0.00   98.99
23:16:33      11    1.00    0.00    1.00    0.00    0.00    0.00    0.00    0.00    0.00   98.00
23:16:33      12   83.84    0.00   16.16    0.00    0.00    0.00    0.00    0.00    0.00    0.00
23:16:33      13    0.00    0.00    1.02    0.00    0.00    0.00    0.00    0.00    0.00   98.98
23:16:33      14    0.00    0.00    0.00    0.00    0.00    0.00    0.00    0.00    0.00  100.00
23:16:33      15    1.01    0.00    0.00    0.00    0.00    0.00    0.00    0.00    0.00   98.99
23:16:33      16    1.01    0.00    0.00    0.00    0.00    0.00    0.00    0.00    0.00   98.99
23:16:33      17  100.00    0.00    0.00    0.00    0.00    0.00    0.00    0.00    0.00    0.00
23:16:33      18    2.02    0.00    0.00    0.00    0.00    0.00    0.00    0.00    0.00   97.98
23:16:33      19    0.00    0.00    0.00    0.00    0.00    0.00    0.00    0.00    0.00  100.00
23:16:33      20    1.98    0.00    0.00    0.00    0.00    0.00    0.00    0.00    0.00   98.02
23:16:33      21    1.00    0.00    0.00    0.00    0.00    0.00    0.00    0.00    0.00   99.00
23:16:33      22    0.00    0.00    0.00    0.00    0.00    0.00    0.00    0.00    0.00  100.00
23:16:33      23    3.00    0.00    1.00    0.00    0.00    0.00    0.00    0.00    0.00   96.00
23:16:33      24    0.00    0.00    0.00    0.00    0.00    0.00    0.00    0.00    0.00  100.00
23:16:33      25    1.01    0.00    0.00    0.00    0.00    0.00    0.00    0.00    0.00   98.99
23:16:33      26    1.01    0.00    0.00    0.00    0.00    0.00    0.00    0.00    0.00   98.99
23:16:33      27    0.00    0.00    1.00    0.00    0.00    0.00    0.00    0.00    0.00   99.00
23:16:33      28    1.04    0.00    1.04    0.00    0.00    0.00    0.00    0.00    0.00   97.92
23:16:33      29    1.02    0.00    0.00    0.00    0.00    0.00    0.00    0.00    0.00   98.98
23:16:33      30    0.00    0.00    1.00    0.00    0.00    0.00    0.00    0.00    0.00   99.00
23:16:33      31    0.00    0.00    1.01    0.00    0.00    0.00    0.00    0.00    0.00   98.99

23:16:33     CPU    %usr   %nice    %sys %iowait    %irq   %soft  %steal  %guest  %gnice   %idle
23:16:34     all    6.15    0.00    1.44    1.03    0.00    1.00    0.00    0.00    0.00   90.38
23:16:34       0    0.00    0.00    0.00    0.00    0.00   21.14    0.00    0.00    0.00   78.86
23:16:34       1    0.00    0.00    4.12   19.59    0.00    0.00    0.00    0.00    0.00   76.29
23:16:34       2    1.90    0.00    0.00    0.00    0.00    5.71    0.00    0.00    0.00   92.38
23:16:34       3    2.02    0.00    0.00    0.00    0.00    0.00    0.00    0.00    0.00   97.98
23:16:34       4   11.00    0.00    2.00    0.00    0.00    0.00    0.00    0.00    0.00   87.00
23:16:34       5    0.00    0.00    0.00    0.00    0.00    0.00    0.00    0.00    0.00  100.00
23:16:34       6    2.04    0.00    0.00    0.00    0.00    0.00    0.00    0.00    0.00   97.96
23:16:34       7    1.00    0.00    0.00    0.00    0.00    0.00    0.00    0.00    0.00   99.00
23:16:34       8    2.00    0.00    2.00    0.00    0.00    0.00    0.00    0.00    0.00   96.00
23:16:34       9    1.01    0.00    0.00    0.00    0.00    0.00    0.00    0.00    0.00   98.99
23:16:34      10    1.00    0.00    0.00    0.00    0.00    0.00    0.00    0.00    0.00   99.00
23:16:34      11    0.00    0.00    1.00    0.00    0.00    0.00    0.00    0.00    0.00   99.00
23:16:34      12   66.00    0.00   23.00    0.00    0.00    0.00    0.00    0.00    0.00   11.00
23:16:34      13    2.04    0.00    0.00    0.00    0.00    0.00    0.00    0.00    0.00   97.96
23:16:34      14    1.00    0.00    0.00    0.00    0.00    0.00    0.00    0.00    0.00   99.00
23:16:34      15    0.00    0.00    1.00    0.00    0.00    0.00    0.00    0.00    0.00   99.00
23:16:34      16    0.00    0.00    2.02   14.14    0.00    0.00    0.00    0.00    0.00   83.84
23:16:34      17   99.00    0.00    1.00    0.00    0.00    0.00    0.00    0.00    0.00    0.00
23:16:34      18    0.00    0.00    0.00    0.00    0.00    0.00    0.00    0.00    0.00  100.00
23:16:34      19    1.00    0.00    1.00    0.00    0.00    0.00    0.00    0.00    0.00   98.00
23:16:34      20    0.00    0.00    0.00    0.00    0.00    0.00    0.00    0.00    0.00  100.00
23:16:34      21    0.00    0.00    3.03    0.00    0.00    0.00    0.00    0.00    0.00   96.97
23:16:34      22    0.00    0.00    0.00    0.00    0.00    0.00    0.00    0.00    0.00  100.00
23:16:34      23    2.02    0.00    0.00    0.00    0.00    0.00    0.00    0.00    0.00   97.98
23:16:34      24    0.98    0.00    0.98    0.00    0.00    0.00    0.00    0.00    0.00   98.04
23:16:34      25    0.00    0.00    1.01    0.00    0.00    0.00    0.00    0.00    0.00   98.99
23:16:34      26    0.00    0.00    0.00    0.00    0.00    0.00    0.00    0.00    0.00  100.00
23:16:34      27    0.00    0.00    1.01    0.00    0.00    0.00    0.00    0.00    0.00   98.99
23:16:34      28    2.02    0.00    2.02    0.00    0.00    0.00    0.00    0.00    0.00   95.96
23:16:34      29    0.00    0.00    1.03    0.00    0.00    0.00    0.00    0.00    0.00   98.97
23:16:34      30    1.01    0.00    0.00    0.00    0.00    0.00    0.00    0.00    0.00   98.99
23:16:34      31    0.00    0.00    0.00    0.00    0.00    0.00    0.00    0.00    0.00  100.00

23:16:34     CPU    %usr   %nice    %sys %iowait    %irq   %soft  %steal  %guest  %gnice   %idle
23:16:35     all    6.54    0.00    1.84    0.00    0.00    1.15    0.00    0.00    0.00   90.47
23:16:35       0    0.76    0.00    0.76    0.00    0.00   23.66    0.00    0.00    0.00   74.81
23:16:35       1    1.01    0.00    0.00    0.00    0.00    0.00    0.00    0.00    0.00   98.99
23:16:35       2    0.96    0.00    0.00    0.00    0.00    4.81    0.00    0.00    0.00   94.23
23:16:35       3    1.00    0.00    0.00    0.00    0.00    1.00    0.00    0.00    0.00   98.00
23:16:35       4   23.00    0.00   37.00    0.00    0.00    0.00    0.00    0.00    0.00   40.00
23:16:35       5    1.01    0.00    0.00    0.00    0.00    0.00    0.00    0.00    0.00   98.99
23:16:35       6    0.00    0.00    0.00    0.00    0.00    0.00    0.00    0.00    0.00  100.00
23:16:35       7    0.00    0.00    0.00    0.00    0.00    0.00    0.00    0.00    0.00  100.00
23:16:35       8    1.00    0.00    0.00    0.00    0.00    0.00    0.00    0.00    0.00   99.00
23:16:35       9    1.01    0.00    0.00    0.00    0.00    0.00    0.00    0.00    0.00   98.99
23:16:35      10    1.01    0.00    0.00    0.00    0.00    0.00    0.00    0.00    0.00   98.99
23:16:35      11    0.00    0.00    1.01    0.00    0.00    0.00    0.00    0.00    0.00   98.99
23:16:35      12    0.00    0.00    0.00    0.00    0.00    0.00    0.00    0.00    0.00  100.00
23:16:35      13    2.02    0.00    1.01    0.00    0.00    0.00    0.00    0.00    0.00   96.97
23:16:35      14    1.00    0.00    1.00    0.00    0.00    0.00    0.00    0.00    0.00   98.00
23:16:35      15    1.00    0.00    0.00    0.00    0.00    0.00    0.00    0.00    0.00   99.00
23:16:35      16    1.00    0.00    1.00    0.00    0.00    0.00    0.00    0.00    0.00   98.00
23:16:35      17   99.00    0.00    1.00    0.00    0.00    0.00    0.00    0.00    0.00    0.00
23:16:35      18    0.00    0.00    0.00    0.00    0.00    0.00    0.00    0.00    0.00  100.00
23:16:35      19    1.98    0.00    0.00    0.00    0.00    0.00    0.00    0.00    0.00   98.02
23:16:35      20    0.00    0.00    1.00    0.00    0.00    0.00    0.00    0.00    0.00   99.00
23:16:35      21    0.00    0.00    0.00    0.00    0.00    0.00    0.00    0.00    0.00  100.00
23:16:35      22    0.00    0.00    0.00    0.00    0.00    0.00    0.00    0.00    0.00  100.00
23:16:35      23    1.00    0.00    0.00    0.00    0.00    0.00    0.00    0.00    0.00   99.00
23:16:35      24    0.00    0.00    0.00    0.00    0.00    0.00    0.00    0.00    0.00  100.00
23:16:35      25   10.10    0.00    0.00    0.00    0.00    0.00    0.00    0.00    0.00   89.90
23:16:35      26   11.22    0.00    0.00    0.00    0.00    0.00    0.00    0.00    0.00   88.78
23:16:35      27   11.88    0.00    1.98    0.00    0.00    0.00    0.00    0.00    0.00   86.14
23:16:35      28   28.57    0.00    6.12    0.00    0.00    0.00    0.00    0.00    0.00   65.31
23:16:35      29    1.02    0.00    1.02    0.00    0.00    0.00    0.00    0.00    0.00   97.96
23:16:35      30    5.05    0.00    6.06    0.00    0.00    0.00    0.00    0.00    0.00   88.89
23:16:35      31    5.00    0.00    0.00    0.00    0.00    0.00    0.00    0.00    0.00   95.00

Average:     CPU    %usr   %nice    %sys %iowait    %irq   %soft  %steal  %guest  %gnice   %idle
Average:     all    6.42    0.00    1.22    0.34    0.00    1.08    0.00    0.00    0.00   90.93
Average:       0    0.41    0.00    0.50    0.00    0.00   22.60    0.00    0.00    0.00   76.49
Average:       1   64.98    0.00    0.63    1.00    0.00    0.16    0.00    0.00    0.00   33.23
Average:       2    1.72    0.00    0.35    0.00    0.00    4.65    0.00    0.00    0.00   93.28
Average:       3    1.47    0.00    0.26    0.00    0.00    0.79    0.00    0.00    0.00   97.48
Average:       4   18.30    0.00    6.70    1.53    0.00    0.00    0.00    0.00    0.00   73.47
Average:       5    0.58    0.00    0.74    2.43    0.00    0.16    0.00    0.00    0.00   96.09
Average:       6    1.01    0.00    0.42    0.00    0.00    0.00    0.00    0.00    0.00   98.57
Average:       7    0.53    0.00    0.37    0.00    0.00    0.00    0.00    0.00    0.00   99.10
Average:       8    5.99    0.00    1.48    0.00    0.00    0.00    0.00    0.00    0.00   92.52
Average:       9    1.33    0.00    0.42    0.00    0.00    0.00    0.00    0.00    0.00   98.25
Average:      10    0.53    0.00    0.48    0.00    0.00    0.00    0.00    0.00    0.00   99.00
Average:      11    0.42    0.00    0.37    0.00    0.00    0.00    0.00    0.00    0.00   99.20
Average:      12   27.04    0.00    6.44    0.00    0.00    0.00    0.00    0.00    0.00   66.52
Average:      13    1.12    0.00    0.80    0.00    0.00    0.00    0.00    0.00    0.00   98.08
Average:      14   26.64    0.00    7.70    0.00    0.00    0.00    0.00    0.00    0.00   65.66
Average:      15    0.37    0.00    0.37    0.00    0.00    0.00    0.00    0.00    0.00   99.26
Average:      16    0.85    0.00    0.63    0.74    0.00    0.11    0.00    0.00    0.00   97.67
Average:      17   35.38    0.00    0.74    0.00    0.00    0.00    0.00    0.00    0.00   63.87
Average:      18    1.17    0.00    0.48    0.00    0.00    0.00    0.00    0.00    0.00   98.35
Average:      19    1.32    0.00    0.42    0.00    0.00    0.00    0.00    0.00    0.00   98.26
Average:      20    0.53    0.00    0.90    2.91    0.00    0.00    0.00    0.00    0.00   95.66
Average:      21    0.53    0.00    1.06    2.38    0.00    0.00    0.00    0.00    0.00   96.03
Average:      22    0.74    0.00    0.42    0.00    0.00    0.00    0.00    0.00    0.00   98.84
Average:      23    2.01    0.00    0.48    0.00    0.00    0.00    0.00    0.00    0.00   97.51
Average:      24    0.74    0.00    0.37    0.00    0.00    0.00    0.00    0.00    0.00   98.89
Average:      25    1.32    0.00    0.48    0.00    0.00    0.00    0.00    0.00    0.00   98.20
Average:      26    1.37    0.00    0.48    0.00    0.00    0.00    0.00    0.00    0.00   98.15
Average:      27    1.27    0.00    0.48    0.00    0.00    0.00    0.00    0.00    0.00   98.26
Average:      28    4.75    0.00    2.03    0.00    0.00    0.00    0.00    0.00    0.00   93.22
Average:      29    1.07    0.00    0.91    0.00    0.00    0.00    0.00    0.00    0.00   98.03
Average:      30    1.00    0.00    1.16    0.00    0.00    0.00    0.00    0.00    0.00   97.83
Average:      31    0.85    0.00    0.37    0.00    0.00    0.00    0.00    0.00    0.00   98.78
