Linux 5.15.0-177-generic (node0.paper.datacntr-effcy-pg0.utah.cloudlab.us) 	07/10/26 	_x86_64_	(32 CPU)

16:24:58     CPU    %usr   %nice    %sys %iowait    %irq   %soft  %steal  %guest  %gnice   %idle
16:24:59     all    6.77    0.00    0.94    0.06    0.00    1.06    0.00    0.00    0.00   91.17
16:24:59       0    0.00    0.00    0.99    0.00    0.00    0.99    0.00    0.00    0.00   98.02
16:24:59       1    1.00    0.00    2.00    0.00    0.00    0.00    0.00    0.00    0.00   97.00
16:24:59       2    0.00    0.00    0.00    0.00    0.00   23.26    0.00    0.00    0.00   76.74
16:24:59       3    0.99    0.00    0.99    0.00    0.00    0.00    0.00    0.00    0.00   98.02
16:24:59       4    0.00    0.00    0.00    0.00    0.00    0.00    0.00    0.00    0.00  100.00
16:24:59       5    1.01    0.00    0.00    0.00    0.00    0.00    0.00    0.00    0.00   98.99
16:24:59       6    3.09    0.00    1.03    0.00    0.00    0.00    0.00    0.00    0.00   95.88
16:24:59       7    1.02    0.00    0.00    0.00    0.00    0.00    0.00    0.00    0.00   98.98
16:24:59       8    1.01    0.00    0.00    1.01    0.00    0.00    0.00    0.00    0.00   97.98
16:24:59       9    0.00    0.00    3.03    0.00    0.00    0.00    0.00    0.00    0.00   96.97
16:24:59      10    0.00    0.00    0.00    0.00    0.00    0.00    0.00    0.00    0.00  100.00
16:24:59      11    0.99    0.00    2.97    0.99    0.00    0.00    0.00    0.00    0.00   95.05
16:24:59      12    0.00    0.00    0.00    0.00    0.00    0.00    0.00    0.00    0.00  100.00
16:24:59      13    0.00    0.00    0.00    0.00    0.00    0.00    0.00    0.00    0.00  100.00
16:24:59      14    0.00    0.00    0.00    0.00    0.00    0.00    0.00    0.00    0.00  100.00
16:24:59      15    0.00    0.00    1.00    0.00    0.00    0.00    0.00    0.00    0.00   99.00
16:24:59      16    0.00    0.00    0.00    0.00    0.00    0.00    0.00    0.00    0.00  100.00
16:24:59      17    9.90    0.00    1.98    0.00    0.00    0.99    0.00    0.00    0.00   87.13
16:24:59      18    0.00    0.00    0.00    0.00    0.00    0.00    0.00    0.00    0.00  100.00
16:24:59      19    0.00    0.00    0.00    0.00    0.00    0.00    0.00    0.00    0.00  100.00
16:24:59      20    0.00    0.00    0.00    0.00    0.00    0.00    0.00    0.00    0.00  100.00
16:24:59      21    0.00    0.00    0.00    0.00    0.00    0.00    0.00    0.00    0.00  100.00
16:24:59      22    0.00    0.00    0.00    0.00    0.00    0.00    0.00    0.00    0.00  100.00
16:24:59      23    0.00    0.00    0.00    0.00    0.00    0.00    0.00    0.00    0.00  100.00
16:24:59      24    8.33    0.00    3.12    0.00    0.00    1.04    0.00    0.00    0.00   87.50
16:24:59      25   53.40    0.00    4.85    0.00    0.00    0.97    0.00    0.00    0.00   40.78
16:24:59      26   23.00    0.00    2.00    0.00    0.00    0.00    0.00    0.00    0.00   75.00
16:24:59      27   23.23    0.00    1.01    0.00    0.00    0.00    0.00    0.00    0.00   75.76
16:24:59      28    2.00    0.00    0.00    0.00    0.00    0.00    0.00    0.00    0.00   98.00
16:24:59      29   44.55    0.00    1.98    0.00    0.00    0.00    0.00    0.00    0.00   53.47
16:24:59      30   18.63    0.00    0.98    0.00    0.00    0.00    0.00    0.00    0.00   80.39
16:24:59      31   23.47    0.00    2.04    0.00    0.00    0.00    0.00    0.00    0.00   74.49

16:24:59     CPU    %usr   %nice    %sys %iowait    %irq   %soft  %steal  %guest  %gnice   %idle
16:25:00     all    8.84    0.00    1.94    0.16    0.00    2.03    0.00    0.00    0.00   87.04
16:25:00       0    0.00    0.00    1.03    1.03    0.00    0.00    0.00    0.00    0.00   97.94
16:25:00       1    0.00    0.00    0.00    1.03    0.00    0.00    0.00    0.00    0.00   98.97
16:25:00       2    0.00    0.00    4.00    2.00    0.00    1.00    0.00    0.00    0.00   93.00
16:25:00       3    1.01    0.00    1.01    0.00    0.00    0.00    0.00    0.00    0.00   97.98
16:25:00       4    0.00    0.00    0.00    0.00    0.00   30.28    0.00    0.00    0.00   69.72
16:25:00       5    0.00    0.00    0.00    0.00    0.00    0.00    0.00    0.00    0.00  100.00
16:25:00       6    8.33    0.00    2.08    0.00    0.00    1.04    0.00    0.00    0.00   88.54
16:25:00       7    0.00    0.00    0.00    0.00    0.00    0.00    0.00    0.00    0.00  100.00
16:25:00       8    4.12    0.00    8.25    0.00    0.00    2.06    0.00    0.00    0.00   85.57
16:25:00       9    2.04    0.00    7.14    0.00    0.00    3.06    0.00    0.00    0.00   87.76
16:25:00      10    0.00    0.00    1.00    0.00    0.00    0.00    0.00    0.00    0.00   99.00
16:25:00      11    0.00    0.00    1.08    0.00    0.00    0.00    0.00    0.00    0.00   98.92
16:25:00      12    0.00    0.00    0.00    0.00    0.00    0.00    0.00    0.00    0.00  100.00
16:25:00      13    0.00    0.00    0.00    0.00    0.00    0.00    0.00    0.00    0.00  100.00
16:25:00      14    0.00    0.00    0.00    0.00    0.00    0.00    0.00    0.00    0.00  100.00
16:25:00      15    0.00    0.00    0.00    0.00    0.00    0.00    0.00    0.00    0.00  100.00
16:25:00      16    0.00    0.00    0.00    0.00    0.00    1.00    0.00    0.00    0.00   99.00
16:25:00      17   25.96    0.00   10.58    0.00    0.00    5.77    0.00    0.00    0.00   57.69
16:25:00      18    8.08    0.00    4.04    0.00    0.00    2.02    0.00    0.00    0.00   85.86
16:25:00      19    3.00    0.00    4.00    1.00    0.00    1.00    0.00    0.00    0.00   91.00
16:25:00      20    0.00    0.00    0.00    0.00    0.00    0.00    0.00    0.00    0.00  100.00
16:25:00      21    0.00    0.00    0.00    0.00    0.00    0.00    0.00    0.00    0.00  100.00
16:25:00      22    0.00    0.00    0.00    0.00    0.00    0.00    0.00    0.00    0.00  100.00
16:25:00      23    8.16    0.00    1.02    0.00    0.00    0.00    0.00    0.00    0.00   90.82
16:25:00      24   15.79    0.00    7.37    0.00    0.00    3.16    0.00    0.00    0.00   73.68
16:25:00      25   20.20    0.00    8.08    0.00    0.00    2.02    0.00    0.00    0.00   69.70
16:25:00      26   51.02    0.00    0.00    0.00    0.00    0.00    0.00    0.00    0.00   48.98
16:25:00      27    1.02    0.00    0.00    0.00    0.00    0.00    0.00    0.00    0.00   98.98
16:25:00      28   57.73    0.00    1.03    0.00    0.00    0.00    0.00    0.00    0.00   41.24
16:25:00      29   10.89    0.00    0.00    0.00    0.00    0.00    0.00    0.00    0.00   89.11
16:25:00      30   67.68    0.00    1.01    0.00    0.00    0.00    0.00    0.00    0.00   31.31
16:25:00      31    1.98    0.00    0.00    0.00    0.00    0.00    0.00    0.00    0.00   98.02

16:25:00     CPU    %usr   %nice    %sys %iowait    %irq   %soft  %steal  %guest  %gnice   %idle
16:25:01     all    4.84    0.00    1.87    0.22    0.00    2.15    0.00    0.00    0.00   90.92
16:25:01       0    0.00    0.00    2.00    3.00    0.00    0.00    0.00    0.00    0.00   95.00
16:25:01       1    0.00    0.00    0.00    0.00    0.00    0.00    0.00    0.00    0.00  100.00
16:25:01       2    0.00    0.00    0.00    2.08    0.00    1.04    0.00    0.00    0.00   96.88
16:25:01       3    0.00    0.00    1.02    1.02    0.00    0.00    0.00    0.00    0.00   97.96
16:25:01       4    0.00    0.00    0.00    0.00    0.00   33.56    0.00    0.00    0.00   66.44
16:25:01       5    0.00    0.00    0.00    0.00    0.00    0.00    0.00    0.00    0.00  100.00
16:25:01       6    0.00    0.00    2.06    0.00    0.00    1.03    0.00    0.00    0.00   96.91
16:25:01       7    0.00    0.00    3.03    0.00    0.00    1.01    0.00    0.00    0.00   95.96
16:25:01       8   16.50    0.00    5.83    0.00    0.00    3.88    0.00    0.00    0.00   73.79
16:25:01       9    5.21    0.00    4.17    0.00    0.00    1.04    0.00    0.00    0.00   89.58
16:25:01      10   14.29    0.00    6.12    0.00    0.00    1.02    0.00    0.00    0.00   78.57
16:25:01      11   25.77    0.00    5.15    0.00    0.00    1.03    0.00    0.00    0.00   68.04
16:25:01      12    0.00    0.00    0.00    1.00    0.00    0.00    0.00    0.00    0.00   99.00
16:25:01      13    0.00    0.00    1.01    0.00    0.00    0.00    0.00    0.00    0.00   98.99
16:25:01      14    0.00    0.00    0.00    0.00    0.00    0.00    0.00    0.00    0.00  100.00
16:25:01      15    0.00    0.00    0.00    0.00    0.00    0.00    0.00    0.00    0.00  100.00
16:25:01      16    0.00    0.00    0.00    0.00    0.00    0.00    0.00    0.00    0.00  100.00
16:25:01      17    5.10    0.00    1.02    0.00    0.00    0.00    0.00    0.00    0.00   93.88
16:25:01      18    3.09    0.00    1.03    0.00    0.00    2.06    0.00    0.00    0.00   93.81
16:25:01      19    1.02    0.00    0.00    0.00    0.00    0.00    0.00    0.00    0.00   98.98
16:25:01      20    0.00    0.00    0.00    0.00    0.00    0.00    0.00    0.00    0.00  100.00
16:25:01      21    0.00    0.00    0.00    0.00    0.00    0.00    0.00    0.00    0.00  100.00
16:25:01      22    0.00    0.00    2.04    0.00    0.00    0.00    0.00    0.00    0.00   97.96
16:25:01      23    2.02    0.00    4.04    0.00    0.00    2.02    0.00    0.00    0.00   91.92
16:25:01      24   11.70    0.00    6.38    0.00    0.00    3.19    0.00    0.00    0.00   78.72
16:25:01      25   12.37    0.00    8.25    0.00    0.00    1.03    0.00    0.00    0.00   78.35
16:25:01      26   18.00    0.00    1.00    0.00    0.00    0.00    0.00    0.00    0.00   81.00
16:25:01      27    7.14    0.00    7.14    0.00    0.00    1.02    0.00    0.00    0.00   84.69
16:25:01      28    4.00    0.00    0.00    0.00    0.00    0.00    0.00    0.00    0.00   96.00
16:25:01      29    0.00    0.00    0.00    0.00    0.00    0.00    0.00    0.00    0.00  100.00
16:25:01      30   26.73    0.00    0.00    0.00    0.00    0.00    0.00    0.00    0.00   73.27
16:25:01      31    4.00    0.00    0.00    0.00    0.00    0.00    0.00    0.00    0.00   96.00

16:25:01     CPU    %usr   %nice    %sys %iowait    %irq   %soft  %steal  %guest  %gnice   %idle
16:25:02     all    3.83    0.00    2.27    0.56    0.00    2.40    0.00    0.00    0.00   90.95
16:25:02       0    0.00    0.00    1.02    2.04    0.00    0.00    0.00    0.00    0.00   96.94
16:25:02       1    0.00    0.00    0.00    0.00    0.00    0.00    0.00    0.00    0.00  100.00
16:25:02       2    1.01    0.00    0.00    2.02    0.00    0.00    0.00    0.00    0.00   96.97
16:25:02       3    0.00    0.00    3.00    2.00    0.00    1.00    0.00    0.00    0.00   94.00
16:25:02       4    0.00    0.00    0.88    0.00    0.00   12.28    0.00    0.00    0.00   86.84
16:25:02       5    0.00    0.00    0.00    0.00    0.00    0.00    0.00    0.00    0.00  100.00
16:25:02       6    5.88    0.00    6.86    0.00    0.00    0.98    0.00    0.00    0.00   86.27
16:25:02       7    2.06    0.00    1.03    0.00    0.00    0.00    0.00    0.00    0.00   96.91
16:25:02       8   32.99    0.00    7.22    0.00    0.00    4.12    0.00    0.00    0.00   55.67
16:25:02       9    3.12    0.00    5.21    0.00    0.00    3.12    0.00    0.00    0.00   88.54
16:25:02      10    1.04    0.00    5.21    2.08    0.00    0.00    0.00    0.00    0.00   91.67
16:25:02      11   10.53    0.00    3.16    0.00    0.00    4.21    0.00    0.00    0.00   82.11
16:25:02      12    1.01    0.00    2.02    2.02    0.00    1.01    0.00    0.00    0.00   93.94
16:25:02      13    0.99    0.00    0.99    1.98    0.00    0.00    0.00    0.00    0.00   96.04
16:25:02      14    0.00    0.00    0.00    0.00    0.00    0.00    0.00    0.00    0.00  100.00
16:25:02      15    0.00    0.00    0.00    0.00    0.00    0.00    0.00    0.00    0.00  100.00
16:25:02      16    0.00    0.00    1.00    0.00    0.00    0.00    0.00    0.00    0.00   99.00
16:25:02      17    0.00    0.00    0.00    0.00    0.00    0.00    0.00    0.00    0.00  100.00
16:25:02      18    0.00    0.00    1.02    4.08    0.00    1.02    0.00    0.00    0.00   93.88
16:25:02      19    1.01    0.00    1.01    2.02    0.00    0.00    0.00    0.00    0.00   95.96
16:25:02      20    0.00    0.00    0.00    0.00    0.00   26.12    0.00    0.00    0.00   73.88
16:25:02      21    0.00    0.00    0.00    0.00    0.00    0.00    0.00    0.00    0.00  100.00
16:25:02      22    6.93    0.00    4.95    0.00    0.00    1.98    0.00    0.00    0.00   86.14
16:25:02      23    6.06    0.00    2.02    0.00    0.00    2.02    0.00    0.00    0.00   89.90
16:25:02      24    8.33    0.00   10.42    0.00    0.00    4.17    0.00    0.00    0.00   77.08
16:25:02      25   12.50    0.00   11.54    0.00    0.00    1.92    0.00    0.00    0.00   74.04
16:25:02      26    0.00    0.00    1.02    0.00    0.00    0.00    0.00    0.00    0.00   98.98
16:25:02      27    0.00    0.00    0.00    0.00    0.00    0.00    0.00    0.00    0.00  100.00
16:25:02      28    0.00    0.00    0.00    0.00    0.00    0.00    0.00    0.00    0.00  100.00
16:25:02      29    1.01    0.00    3.03    0.00    0.00    3.03    0.00    0.00    0.00   92.93
16:25:02      30   28.43    0.00    0.98    0.00    0.00    0.00    0.00    0.00    0.00   70.59
16:25:02      31    1.01    0.00    0.00    0.00    0.00    0.00    0.00    0.00    0.00   98.99

16:25:02     CPU    %usr   %nice    %sys %iowait    %irq   %soft  %steal  %guest  %gnice   %idle
16:25:03     all    3.98    0.00    1.93    0.75    0.00    2.40    0.00    0.00    0.00   90.95
16:25:03       0    0.00    0.00    1.01    3.03    0.00    0.00    0.00    0.00    0.00   95.96
16:25:03       1    0.00    0.00    0.00    1.02    0.00    1.02    0.00    0.00    0.00   97.96
16:25:03       2    0.00    0.00    2.06    2.06    0.00    0.00    0.00    0.00    0.00   95.88
16:25:03       3    3.03    0.00    3.03    4.04    0.00    1.01    0.00    0.00    0.00   88.89
16:25:03       4    0.00    0.00    0.00    0.00    0.00    0.00    0.00    0.00    0.00  100.00
16:25:03       5    0.00    0.00    0.00    0.00    0.00    0.00    0.00    0.00    0.00  100.00
16:25:03       6    9.09    0.00    3.03    0.00    0.00    1.01    0.00    0.00    0.00   86.87
16:25:03       7   19.61    0.00    4.90    0.98    0.00    2.94    0.00    0.00    0.00   71.57
16:25:03       8    4.12    0.00    8.25    0.00    0.00    1.03    0.00    0.00    0.00   86.60
16:25:03       9   31.37    0.00    8.82    0.00    0.00    5.88    0.00    0.00    0.00   53.92
16:25:03      10    1.00    0.00    1.00    3.00    0.00    1.00    0.00    0.00    0.00   94.00
16:25:03      11    0.00    0.00    1.01    2.02    0.00    0.00    0.00    0.00    0.00   96.97
16:25:03      12    1.00    0.00    1.00    2.00    0.00    0.00    0.00    0.00    0.00   96.00
16:25:03      13    0.00    0.00    1.02    2.04    0.00    0.00    0.00    0.00    0.00   96.94
16:25:03      14    0.00    0.00    0.99    0.00    0.00    0.00    0.00    0.00    0.00   99.01
16:25:03      15    0.00    0.00    0.00    0.00    0.00    0.00    0.00    0.00    0.00  100.00
16:25:03      16    0.00    0.00    0.00    0.00    0.00    0.00    0.00    0.00    0.00  100.00
16:25:03      17    0.00    0.00    0.00    0.00    0.00    0.00    0.00    0.00    0.00  100.00
16:25:03      18    1.02    0.00    1.02    2.04    0.00    0.00    0.00    0.00    0.00   95.92
16:25:03      19    3.06    0.00    1.02    2.04    0.00    0.00    0.00    0.00    0.00   93.88
16:25:03      20    0.00    0.00    0.00    0.00    0.00   33.56    0.00    0.00    0.00   66.44
16:25:03      21    0.00    0.00    0.00    0.00    0.00    0.00    0.00    0.00    0.00  100.00
16:25:03      22    3.03    0.00    4.04    0.00    0.00    2.02    0.00    0.00    0.00   90.91
16:25:03      23    3.03    0.00    6.06    0.00    0.00    3.03    0.00    0.00    0.00   87.88
16:25:03      24   10.20    0.00    6.12    0.00    0.00    3.06    0.00    0.00    0.00   80.61
16:25:03      25   10.53    0.00    5.26    0.00    0.00    4.21    0.00    0.00    0.00   80.00
16:25:03      26    2.13    0.00    0.00    0.00    0.00    0.00    0.00    0.00    0.00   97.87
16:25:03      27    0.00    0.00    0.00    0.00    0.00    0.00    0.00    0.00    0.00  100.00
16:25:03      28    0.00    0.00    3.06    0.00    0.00    1.02    0.00    0.00    0.00   95.92
16:25:03      29    0.00    0.00    0.00    0.00    0.00    0.00    0.00    0.00    0.00  100.00
16:25:03      30   25.00    0.00    0.00    0.00    0.00    0.00    0.00    0.00    0.00   75.00
16:25:03      31    1.00    0.00    0.00    0.00    0.00    0.00    0.00    0.00    0.00   99.00

16:25:03     CPU    %usr   %nice    %sys %iowait    %irq   %soft  %steal  %guest  %gnice   %idle
16:25:04     all    2.57    0.00    1.85    0.78    0.00    2.47    0.00    0.00    0.00   92.33
16:25:04       0    1.02    0.00    4.08    2.04    0.00    1.02    0.00    0.00    0.00   91.84
16:25:04       1   13.54    0.00    2.08    0.00    0.00    1.04    0.00    0.00    0.00   83.33
16:25:04       2    1.00    0.00    1.00    3.00    0.00    1.00    0.00    0.00    0.00   94.00
16:25:04       3    3.03    0.00    1.01    2.02    0.00    2.02    0.00    0.00    0.00   91.92
16:25:04       4    0.00    0.00    0.00    0.00    0.00    0.00    0.00    0.00    0.00  100.00
16:25:04       5    0.00    0.00    0.00    0.00    0.00    0.00    0.00    0.00    0.00  100.00
16:25:04       6   12.37    0.00    2.06    0.00    0.00    1.03    0.00    0.00    0.00   84.54
16:25:04       7    9.18    0.00    2.04    0.00    0.00    3.06    0.00    0.00    0.00   85.71
16:25:04       8    8.16    0.00    8.16    0.00    0.00    3.06    0.00    0.00    0.00   80.61
16:25:04       9   14.85    0.00    4.95    0.00    0.00    2.97    0.00    0.00    0.00   77.23
16:25:04      10    0.00    0.00    4.17    3.12    0.00    0.00    0.00    0.00    0.00   92.71
16:25:04      11    0.00    0.00    0.00    3.03    0.00    1.01    0.00    0.00    0.00   95.96
16:25:04      12    0.00    0.00    1.01    2.02    0.00    0.00    0.00    0.00    0.00   96.97
16:25:04      13    0.00    0.00    0.00    2.06    0.00    0.00    0.00    0.00    0.00   97.94
16:25:04      14    0.00    0.00    0.00    0.00    0.00    0.00    0.00    0.00    0.00  100.00
16:25:04      15    0.00    0.00    0.00    0.00    0.00    0.00    0.00    0.00    0.00  100.00
16:25:04      16    0.00    0.00    2.06    1.03    0.00    0.00    0.00    0.00    0.00   96.91
16:25:04      17    0.00    0.00    1.04    0.00    0.00    1.04    0.00    0.00    0.00   97.92
16:25:04      18    0.00    0.00    1.02    2.04    0.00    0.00    0.00    0.00    0.00   96.94
16:25:04      19    0.00    0.00    2.06    5.15    0.00    1.03    0.00    0.00    0.00   91.75
16:25:04      20    0.00    0.00    0.00    0.00    0.00   33.56    0.00    0.00    0.00   66.44
16:25:04      21    0.00    0.00    0.00    0.00    0.00    0.00    0.00    0.00    0.00  100.00
16:25:04      22    4.17    0.00    2.08    0.00    0.00    0.00    0.00    0.00    0.00   93.75
16:25:04      23    3.06    0.00    5.10    0.00    0.00    3.06    0.00    0.00    0.00   88.78
16:25:04      24    7.14    0.00    8.16    0.00    0.00    4.08    0.00    0.00    0.00   80.61
16:25:04      25    6.25    0.00    8.33    0.00    0.00    4.17    0.00    0.00    0.00   81.25
16:25:04      26    0.00    0.00    0.00    0.00    0.00    0.00    0.00    0.00    0.00  100.00
16:25:04      27    0.00    0.00    0.00    0.00    0.00    0.00    0.00    0.00    0.00  100.00
16:25:04      28    0.00    0.00    0.00    0.00    0.00    0.00    0.00    0.00    0.00  100.00
16:25:04      29    0.00    0.00    0.00    0.00    0.00    0.00    0.00    0.00    0.00  100.00
16:25:04      30    0.00    0.00    0.00    0.00    0.00    0.00    0.00    0.00    0.00  100.00
16:25:04      31    0.00    0.00    0.00    0.00    0.00    0.00    0.00    0.00    0.00  100.00

16:25:04     CPU    %usr   %nice    %sys %iowait    %irq   %soft  %steal  %guest  %gnice   %idle
16:25:05     all    3.43    0.00    2.15    0.87    0.00    2.31    0.00    0.00    0.00   91.23
16:25:05       0    5.94    0.00    6.93    0.00    0.00    4.95    0.00    0.00    0.00   82.18
16:25:05       1    2.13    0.00    8.51    0.00    0.00    3.19    0.00    0.00    0.00   86.17
16:25:05       2    0.00    0.00    1.02    1.02    0.00    0.00    0.00    0.00    0.00   97.96
16:25:05       3    1.02    0.00    1.02    3.06    0.00    0.00    0.00    0.00    0.00   94.90
16:25:05       4    0.00    0.00    0.00    0.00    0.00    0.00    0.00    0.00    0.00  100.00
16:25:05       5    0.00    0.00    0.00    0.00    0.00    0.00    0.00    0.00    0.00  100.00
16:25:05       6    0.00    0.00    2.00    0.00    0.00    0.00    0.00    0.00    0.00   98.00
16:25:05       7    0.00    0.00    2.02    3.03    0.00    0.00    0.00    0.00    0.00   94.95
16:25:05       8   10.31    0.00    5.15    0.00    0.00    0.00    0.00    0.00    0.00   84.54
16:25:05       9    1.02    0.00    5.10    0.00    0.00    1.02    0.00    0.00    0.00   92.86
16:25:05      10    1.01    0.00    2.02    3.03    0.00    0.00    0.00    0.00    0.00   93.94
16:25:05      11    0.00    0.00    1.01    3.03    0.00    1.01    0.00    0.00    0.00   94.95
16:25:05      12    0.00    0.00    1.01    3.03    0.00    1.01    0.00    0.00    0.00   94.95
16:25:05      13    0.99    0.00    0.99    1.98    0.00    0.00    0.00    0.00    0.00   96.04
16:25:05      14    0.00    0.00    0.00    0.00    0.00    0.00    0.00    0.00    0.00  100.00
16:25:05      15    0.00    0.00    0.00    0.00    0.00    0.00    0.00    0.00    0.00  100.00
16:25:05      16   23.00    0.00    5.00    0.00    0.00    3.00    0.00    0.00    0.00   69.00
16:25:05      17   32.00    0.00    8.00    0.00    0.00    7.00    0.00    0.00    0.00   53.00
16:25:05      18    1.02    0.00    2.04    5.10    0.00    0.00    0.00    0.00    0.00   91.84
16:25:05      19    1.02    0.00    1.02    3.06    0.00    0.00    0.00    0.00    0.00   94.90
16:25:05      20    0.00    0.00    0.00    0.00    0.00   32.65    0.00    0.00    0.00   67.35
16:25:05      21    0.00    0.00    0.00    0.00    0.00    0.00    0.00    0.00    0.00  100.00
16:25:05      22    0.00    0.00    0.00    2.02    0.00    0.00    0.00    0.00    0.00   97.98
16:25:05      23    0.00    0.00    0.00    0.00    0.00    0.00    0.00    0.00    0.00  100.00
16:25:05      24    8.70    0.00    6.52    0.00    0.00    1.09    0.00    0.00    0.00   83.70
16:25:05      25    9.09    0.00    8.08    0.00    0.00    4.04    0.00    0.00    0.00   78.79
16:25:05      26    0.00    0.00    0.00    0.00    0.00    0.00    0.00    0.00    0.00  100.00
16:25:05      27    2.08    0.00    2.08    0.00    0.00    0.00    0.00    0.00    0.00   95.83
16:25:05      28    0.00    0.00    0.00    0.00    0.00    0.00    0.00    0.00    0.00  100.00
16:25:05      29    0.00    0.00    0.00    0.00    0.00    0.00    0.00    0.00    0.00  100.00
16:25:05      30   12.00    0.00    1.00    0.00    0.00    0.00    0.00    0.00    0.00   87.00
16:25:05      31    0.00    0.00    0.00    0.00    0.00    0.00    0.00    0.00    0.00  100.00

16:25:05     CPU    %usr   %nice    %sys %iowait    %irq   %soft  %steal  %guest  %gnice   %idle
16:25:06     all    2.96    0.00    2.21    0.87    0.00    2.30    0.00    0.00    0.00   91.65
16:25:06       0    3.06    0.00    1.02    0.00    0.00    0.00    0.00    0.00    0.00   95.92
16:25:06       1    0.00    0.00    2.04    0.00    0.00    0.00    0.00    0.00    0.00   97.96
16:25:06       2   11.34    0.00    4.12    0.00    0.00    3.09    0.00    0.00    0.00   81.44
16:25:06       3   14.42    0.00    9.62    0.00    0.00    2.88    0.00    0.00    0.00   73.08
16:25:06       4    0.00    0.00    0.00    0.00    0.00    0.00    0.00    0.00    0.00  100.00
16:25:06       5    0.00    0.00    0.00    0.00    0.00    0.00    0.00    0.00    0.00  100.00
16:25:06       6    1.01    0.00    1.01    2.02    0.00    0.00    0.00    0.00    0.00   95.96
16:25:06       7    1.02    0.00    0.00    3.06    0.00    0.00    0.00    0.00    0.00   95.92
16:25:06       8   10.20    0.00    7.14    0.00    0.00    3.06    0.00    0.00    0.00   79.59
16:25:06       9    6.25    0.00    3.12    0.00    0.00    0.00    0.00    0.00    0.00   90.62
16:25:06      10    0.00    0.00    1.08    4.30    0.00    0.00    0.00    0.00    0.00   94.62
16:25:06      11    0.00    0.00    0.00    4.04    0.00    0.00    0.00    0.00    0.00   95.96
16:25:06      12    1.01    0.00    0.00    4.04    0.00    0.00    0.00    0.00    0.00   94.95
16:25:06      13    0.00    0.00    0.00    2.02    0.00    1.01    0.00    0.00    0.00   96.97
16:25:06      14    1.02    0.00    1.02    1.02    0.00    0.00    0.00    0.00    0.00   96.94
16:25:06      15    0.00    0.00    0.00    0.00    0.00    0.00    0.00    0.00    0.00  100.00
16:25:06      16    2.00    0.00    2.00    0.00    0.00    1.00    0.00    0.00    0.00   95.00
16:25:06      17    3.03    0.00    1.01    0.00    0.00    1.01    0.00    0.00    0.00   94.95
16:25:06      18    4.00    0.00    6.00    1.00    0.00    2.00    0.00    0.00    0.00   87.00
16:25:06      19   17.00    0.00    7.00    1.00    0.00    4.00    0.00    0.00    0.00   71.00
16:25:06      20    0.00    0.00    0.00    0.00    0.00   33.56    0.00    0.00    0.00   66.44
16:25:06      21    0.00    0.00    0.00    0.00    0.00    0.00    0.00    0.00    0.00  100.00
16:25:06      22    0.00    0.00    1.01    1.01    0.00    0.00    0.00    0.00    0.00   97.98
16:25:06      23    0.00    0.00    1.01    2.02    0.00    0.00    0.00    0.00    0.00   96.97
16:25:06      24    9.90    0.00   11.88    0.00    0.00    3.96    0.00    0.00    0.00   74.26
16:25:06      25    8.25    0.00   10.31    0.00    0.00    2.06    0.00    0.00    0.00   79.38
16:25:06      26    0.00    0.00    0.00    0.00    0.00    0.00    0.00    0.00    0.00  100.00
16:25:06      27    1.02    0.00    0.00    0.00    0.00    0.00    0.00    0.00    0.00   98.98
16:25:06      28    0.00    0.00    0.00    3.06    0.00    0.00    0.00    0.00    0.00   96.94
16:25:06      29    0.00    0.00    0.00    0.00    0.00    0.00    0.00    0.00    0.00  100.00
16:25:06      30    1.00    0.00    0.00    0.00    0.00    0.00    0.00    0.00    0.00   99.00
16:25:06      31    0.00    0.00    0.99    0.00    0.00    0.00    0.00    0.00    0.00   99.01

16:25:06     CPU    %usr   %nice    %sys %iowait    %irq   %soft  %steal  %guest  %gnice   %idle
16:25:07     all    2.87    0.00    2.12    0.56    0.00    2.15    0.00    0.00    0.00   92.29
16:25:07       0    0.00    0.00    0.00    0.00    0.00    0.00    0.00    0.00    0.00  100.00
16:25:07       1    0.00    0.00    0.00    1.03    0.00    0.00    0.00    0.00    0.00   98.97
16:25:07       2    0.00    0.00    0.00    0.00    0.00    0.00    0.00    0.00    0.00  100.00
16:25:07       3    0.00    0.00    1.00    0.00    0.00    0.00    0.00    0.00    0.00   99.00
16:25:07       4    0.00    0.00    0.00    0.00    0.00    0.00    0.00    0.00    0.00  100.00
16:25:07       5    0.00    0.00    0.00    0.00    0.00    0.00    0.00    0.00    0.00  100.00
16:25:07       6    0.00    0.00    1.01    2.02    0.00    0.00    0.00    0.00    0.00   96.97
16:25:07       7    0.00    0.00    0.00    2.02    0.00    0.00    0.00    0.00    0.00   97.98
16:25:07       8    7.84    0.00    1.96    0.00    0.00    1.96    0.00    0.00    0.00   88.24
16:25:07       9    2.06    0.00    0.00    0.00    0.00    0.00    0.00    0.00    0.00   97.94
16:25:07      10    0.00    0.00    1.03    2.06    0.00    0.00    0.00    0.00    0.00   96.91
16:25:07      11    0.99    0.00    0.99    1.98    0.00    0.00    0.00    0.00    0.00   96.04
16:25:07      12   24.74    0.00    6.19    0.00    0.00    4.12    0.00    0.00    0.00   64.95
16:25:07      13   17.53    0.00    5.15    0.00    0.00    1.03    0.00    0.00    0.00   76.29
16:25:07      14    3.12    0.00    2.08    0.00    0.00    0.00    0.00    0.00    0.00   94.79
16:25:07      15    7.00    0.00    4.00    0.00    0.00    1.00    0.00    0.00    0.00   88.00
16:25:07      16    0.00    0.00    1.02    0.00    0.00    0.00    0.00    0.00    0.00   98.98
16:25:07      17    0.00    0.00    0.00    0.00    0.00    0.00    0.00    0.00    0.00  100.00
16:25:07      18    0.00    0.00    2.04    4.08    0.00    0.00    0.00    0.00    0.00   93.88
16:25:07      19    0.00    0.00    1.01    0.00    0.00    0.00    0.00    0.00    0.00   98.99
16:25:07      20    0.00    0.00    0.00    0.00    0.00   33.56    0.00    0.00    0.00   66.44
16:25:07      21    0.00    0.00    0.00    0.00    0.00    0.00    0.00    0.00    0.00  100.00
16:25:07      22    0.00    0.00    0.00    2.02    0.00    0.00    0.00    0.00    0.00   97.98
16:25:07      23    0.00    0.00    1.02    2.04    0.00    0.00    0.00    0.00    0.00   96.94
16:25:07      24   10.31    0.00    8.25    0.00    0.00    1.03    0.00    0.00    0.00   80.41
16:25:07      25    9.09    0.00    9.09    0.00    0.00    3.03    0.00    0.00    0.00   78.79
16:25:07      26    0.00    0.00    0.00    0.00    0.00    0.00    0.00    0.00    0.00  100.00
16:25:07      27    2.06    0.00    3.09    0.00    0.00    0.00    0.00    0.00    0.00   94.85
16:25:07      28    3.06    0.00    8.16    0.00    0.00    3.06    0.00    0.00    0.00   85.71
16:25:07      29    2.08    0.00    6.25    1.04    0.00    2.08    0.00    0.00    0.00   88.54
16:25:07      30    2.94    0.00    0.98    0.00    0.00    0.00    0.00    0.00    0.00   96.08
16:25:07      31    1.01    0.00    5.05    0.00    0.00    2.02    0.00    0.00    0.00   91.92

16:25:07     CPU    %usr   %nice    %sys %iowait    %irq   %soft  %steal  %guest  %gnice   %idle
16:25:08     all    3.54    0.00    1.77    0.22    0.00    0.79    0.00    0.00    0.00   93.67
16:25:08       0    0.00    0.00    0.00    0.00    0.00    0.00    0.00    0.00    0.00  100.00
16:25:08       1    1.02    0.00    0.00    0.00    0.00    0.00    0.00    0.00    0.00   98.98
16:25:08       2    0.00    0.00    0.00    0.00    0.00    0.00    0.00    0.00    0.00  100.00
16:25:08       3    0.00    0.00    1.01    0.00    0.00    0.00    0.00    0.00    0.00   98.99
16:25:08       4   22.68    0.00    5.15    0.00    0.00    3.09    0.00    0.00    0.00   69.07
16:25:08       5    2.04    0.00    0.00    0.00    0.00    0.00    0.00    0.00    0.00   97.96
16:25:08       6    0.00    0.00    1.02    3.06    0.00    0.00    0.00    0.00    0.00   95.92
16:25:08       7    0.00    0.00    0.00    0.00    0.00    0.00    0.00    0.00    0.00  100.00
16:25:08       8    1.01    0.00    0.00    0.00    0.00    0.00    0.00    0.00    0.00   98.99
16:25:08       9    0.00    0.00    0.00    0.00    0.00    0.00    0.00    0.00    0.00  100.00
16:25:08      10    0.00    0.00    0.00    0.00    0.00    0.00    0.00    0.00    0.00  100.00
16:25:08      11    0.00    0.00    0.00    0.00    0.00    0.00    0.00    0.00    0.00  100.00
16:25:08      12    5.15    0.00    2.06    0.00    0.00    2.06    0.00    0.00    0.00   90.72
16:25:08      13    8.00    0.00    1.00    0.00    0.00    1.00    0.00    0.00    0.00   90.00
16:25:08      14    2.04    0.00    1.02    0.00    0.00    1.02    0.00    0.00    0.00   95.92
16:25:08      15    1.02    0.00    0.00    0.00    0.00    0.00    0.00    0.00    0.00   98.98
16:25:08      16    1.01    0.00    0.00    0.00    0.00    0.00    0.00    0.00    0.00   98.99
16:25:08      17    0.00    0.00    0.00    0.00    0.00    0.00    0.00    0.00    0.00  100.00
16:25:08      18    0.00    0.00    1.98    2.97    0.00    0.99    0.00    0.00    0.00   94.06
16:25:08      19    0.00    0.00    0.00    1.02    0.00    0.00    0.00    0.00    0.00   98.98
16:25:08      20   29.41    0.00    8.82    0.00    0.00    5.88    0.00    0.00    0.00   55.88
16:25:08      21    2.02    0.00    5.05    0.00    0.00    2.02    0.00    0.00    0.00   90.91
16:25:08      22    0.00    0.00    0.00    0.00    0.00    0.00    0.00    0.00    0.00  100.00
16:25:08      23    0.00    0.00    0.00    0.00    0.00    0.00    0.00    0.00    0.00  100.00
16:25:08      24    9.09    0.00    9.09    0.00    0.00    1.01    0.00    0.00    0.00   80.81
16:25:08      25   10.89    0.00    7.92    0.00    0.00    1.98    0.00    0.00    0.00   79.21
16:25:08      26    0.00    0.00    0.00    0.00    0.00    0.00    0.00    0.00    0.00  100.00
16:25:08      27    2.11    0.00    2.11    0.00    0.00    0.00    0.00    0.00    0.00   95.79
16:25:08      28    4.08    0.00    6.12    0.00    0.00    3.06    0.00    0.00    0.00   86.73
16:25:08      29    1.98    0.00    1.98    0.00    0.00    0.99    0.00    0.00    0.00   95.05
16:25:08      30    9.09    0.00    2.02    0.00    0.00    2.02    0.00    0.00    0.00   86.87
16:25:08      31    0.00    0.00    0.00    0.00    0.00    0.00    0.00    0.00    0.00  100.00

16:25:08     CPU    %usr   %nice    %sys %iowait    %irq   %soft  %steal  %guest  %gnice   %idle
16:25:09     all    3.38    0.00    2.31    0.54    0.00    0.60    0.00    0.00    0.00   93.17
16:25:09       0    1.02    0.00    0.00    0.00    0.00    0.00    0.00    0.00    0.00   98.98
16:25:09       1    3.06    0.00    4.08    0.00    0.00    1.02    0.00    0.00    0.00   91.84
16:25:09       2    1.01    0.00    0.00    0.00    0.00    0.00    0.00    0.00    0.00   98.99
16:25:09       3    0.00    0.00    0.00    0.00    0.00    0.00    0.00    0.00    0.00  100.00
16:25:09       4   27.84    0.00    3.09    0.00    0.00    4.12    0.00    0.00    0.00   64.95
16:25:09       5    1.06    0.00    4.26    0.00    0.00    1.06    0.00    0.00    0.00   93.62
16:25:09       6    0.00    0.00    1.02    1.02    0.00    0.00    0.00    0.00    0.00   97.96
16:25:09       7    0.00    0.00    0.00    1.03    0.00    0.00    0.00    0.00    0.00   98.97
16:25:09       8    0.00    0.00    0.00    0.00    0.00    0.00    0.00    0.00    0.00  100.00
16:25:09       9    0.00    0.00    0.00    0.00    0.00    0.00    0.00    0.00    0.00  100.00
16:25:09      10    0.00    0.00    1.00    1.00    0.00    0.00    0.00    0.00    0.00   98.00
16:25:09      11    0.00    0.00    2.02    1.01    0.00    0.00    0.00    0.00    0.00   96.97
16:25:09      12   11.00    0.00    2.00    0.00    0.00    0.00    0.00    0.00    0.00   87.00
16:25:09      13    0.00    0.00    1.01    0.00    0.00    0.00    0.00    0.00    0.00   98.99
16:25:09      14    0.00    0.00    0.00    0.00    0.00    0.00    0.00    0.00    0.00  100.00
16:25:09      15    0.00    0.00    0.99    0.99    0.00    0.00    0.00    0.00    0.00   98.02
16:25:09      16    1.00    0.00    2.00    2.00    0.00    0.00    0.00    0.00    0.00   95.00
16:25:09      17    1.03    0.00    4.12    0.00    0.00    1.03    0.00    0.00    0.00   93.81
16:25:09      18    0.00    0.00    1.01    0.00    0.00    0.00    0.00    0.00    0.00   98.99
16:25:09      19    0.00    0.00    3.03    4.04    0.00    0.00    0.00    0.00    0.00   92.93
16:25:09      20   35.64    0.00    7.92    0.00    0.00    3.96    0.00    0.00    0.00   52.48
16:25:09      21    1.01    0.00    7.07    0.00    0.00    2.02    0.00    0.00    0.00   89.90
16:25:09      22    1.01    0.00    1.01    1.01    0.00    0.00    0.00    0.00    0.00   96.97
16:25:09      23    0.00    0.00    2.00    2.00    0.00    1.00    0.00    0.00    0.00   95.00
16:25:09      24    7.14    0.00   10.20    0.00    0.00    2.04    0.00    0.00    0.00   80.61
16:25:09      25    8.00    0.00    9.00    0.00    0.00    2.00    0.00    0.00    0.00   81.00
16:25:09      26    0.00    0.00    1.98    2.97    0.00    0.99    0.00    0.00    0.00   94.06
16:25:09      27    3.09    0.00    3.09    0.00    0.00    0.00    0.00    0.00    0.00   93.81
16:25:09      28    0.00    0.00    0.00    0.00    0.00    0.00    0.00    0.00    0.00  100.00
16:25:09      29    0.00    0.00    1.00    0.00    0.00    0.00    0.00    0.00    0.00   99.00
16:25:09      30    5.00    0.00    1.00    0.00    0.00    0.00    0.00    0.00    0.00   94.00
16:25:09      31    0.00    0.00    0.00    0.00    0.00    0.00    0.00    0.00    0.00  100.00

16:25:09     CPU    %usr   %nice    %sys %iowait    %irq   %soft  %steal  %guest  %gnice   %idle
16:25:10     all    4.22    0.00    2.46    0.69    0.00    0.91    0.00    0.00    0.00   91.71
16:25:10       0    4.12    0.00    0.00    0.00    0.00    2.06    0.00    0.00    0.00   93.81
16:25:10       1    4.12    0.00    4.12    0.00    0.00    1.03    0.00    0.00    0.00   90.72
16:25:10       2    0.00    0.00    1.00    1.00    0.00    0.00    0.00    0.00    0.00   98.00
16:25:10       3    0.00    0.00    1.00    1.00    0.00    0.00    0.00    0.00    0.00   98.00
16:25:10       4    9.80    0.00    4.90    0.00    0.00    2.94    0.00    0.00    0.00   82.35
16:25:10       5    6.93    0.00    5.94    0.00    0.00    3.96    0.00    0.00    0.00   83.17
16:25:10       6    0.00    0.00    1.01    3.03    0.00    0.00    0.00    0.00    0.00   95.96
16:25:10       7    0.00    0.00    1.96    2.94    0.00    0.98    0.00    0.00    0.00   94.12
16:25:10       8    0.00    0.00    0.00    0.00    0.00    0.00    0.00    0.00    0.00  100.00
16:25:10       9    0.00    0.00    0.00    0.00    0.00    0.00    0.00    0.00    0.00  100.00
16:25:10      10    0.00    0.00    1.00    0.00    0.00    1.00    0.00    0.00    0.00   98.00
16:25:10      11    1.05    0.00    2.11    2.11    0.00    0.00    0.00    0.00    0.00   94.74
16:25:10      12    3.92    0.00    0.98    0.00    0.00    0.98    0.00    0.00    0.00   94.12
16:25:10      13    0.00    0.00    1.00    0.00    0.00    1.00    0.00    0.00    0.00   98.00
16:25:10      14    0.00    0.00    0.00    0.00    0.00    0.00    0.00    0.00    0.00  100.00
16:25:10      15    0.00    0.00    1.00    0.00    0.00    0.00    0.00    0.00    0.00   99.00
16:25:10      16    7.29    0.00    1.04    0.00    0.00    1.04    0.00    0.00    0.00   90.62
16:25:10      17    4.08    0.00   10.20    0.00    0.00    2.04    0.00    0.00    0.00   83.67
16:25:10      18    0.00    0.00    1.01    1.01    0.00    0.00    0.00    0.00    0.00   97.98
16:25:10      19    0.00    0.00    3.00    5.00    0.00    1.00    0.00    0.00    0.00   91.00
16:25:10      20   21.65    0.00    6.19    0.00    0.00    4.12    0.00    0.00    0.00   68.04
16:25:10      21    9.38    0.00    7.29    0.00    0.00    3.12    0.00    0.00    0.00   80.21
16:25:10      22    1.01    0.00    0.00    2.02    0.00    0.00    0.00    0.00    0.00   96.97
16:25:10      23    1.00    0.00    1.00    1.00    0.00    0.00    0.00    0.00    0.00   97.00
16:25:10      24    7.22    0.00    9.28    0.00    0.00    2.06    0.00    0.00    0.00   81.44
16:25:10      25    7.22    0.00   10.31    0.00    0.00    1.03    0.00    0.00    0.00   81.44
16:25:10      26    0.00    0.00    0.00    1.01    0.00    1.01    0.00    0.00    0.00   97.98
16:25:10      27    0.00    0.00    2.04    2.04    0.00    0.00    0.00    0.00    0.00   95.92
16:25:10      28    0.00    0.00    0.00    0.00    0.00    0.00    0.00    0.00    0.00  100.00
16:25:10      29    0.00    0.00    0.00    0.00    0.00    0.00    0.00    0.00    0.00  100.00
16:25:10      30   46.53    0.00    1.98    0.00    0.00    0.00    0.00    0.00    0.00   51.49
16:25:10      31    0.00    0.00    0.00    0.00    0.00    0.00    0.00    0.00    0.00  100.00

16:25:10     CPU    %usr   %nice    %sys %iowait    %irq   %soft  %steal  %guest  %gnice   %idle
16:25:11     all    3.70    0.00    2.12    0.63    0.00    0.47    0.00    0.00    0.00   93.07
16:25:11       0    1.01    0.00    3.03    0.00    0.00    0.00    0.00    0.00    0.00   95.96
16:25:11       1    2.02    0.00    5.05    0.00    0.00    1.01    0.00    0.00    0.00   91.92
16:25:11       2    0.00    0.00    1.01    0.00    0.00    0.00    0.00    0.00    0.00   98.99
16:25:11       3    1.01    0.00    0.00    1.01    0.00    0.00    0.00    0.00    0.00   97.98
16:25:11       4    6.00    0.00    3.00    0.00    0.00    0.00    0.00    0.00    0.00   91.00
16:25:11       5    0.00    0.00    3.00    0.00    0.00    1.00    0.00    0.00    0.00   96.00
16:25:11       6    1.00    0.00    0.00    2.00    0.00    0.00    0.00    0.00    0.00   97.00
16:25:11       7    1.01    0.00    0.00    2.02    0.00    0.00    0.00    0.00    0.00   96.97
16:25:11       8   24.00    0.00    5.00    0.00    0.00    3.00    0.00    0.00    0.00   68.00
16:25:11       9    2.00    0.00    6.00    0.00    0.00    2.00    0.00    0.00    0.00   90.00
16:25:11      10    0.00    0.00    0.00    2.00    0.00    0.00    0.00    0.00    0.00   98.00
16:25:11      11    1.01    0.00    1.01    2.02    0.00    0.00    0.00    0.00    0.00   95.96
16:25:11      12    0.00    0.00    0.00    0.00    0.00    0.00    0.00    0.00    0.00  100.00
16:25:11      13    0.00    0.00    0.00    0.00    0.00    0.00    0.00    0.00    0.00  100.00
16:25:11      14    0.00    0.00    0.00    0.00    0.00    0.00    0.00    0.00    0.00  100.00
16:25:11      15    0.00    0.00    0.00    0.00    0.00    0.00    0.00    0.00    0.00  100.00
16:25:11      16    1.00    0.00    3.00    0.00    0.00    0.00    0.00    0.00    0.00   96.00
16:25:11      17    1.01    0.00    4.04    0.00    0.00    0.00    0.00    0.00    0.00   94.95
16:25:11      18    0.00    0.00    1.01    1.01    0.00    0.00    0.00    0.00    0.00   97.98
16:25:11      19    0.00    0.00    0.00    4.08    0.00    2.04    0.00    0.00    0.00   93.88
16:25:11      20   20.83    0.00    6.25    0.00    0.00    1.04    0.00    0.00    0.00   71.88
16:25:11      21    0.00    0.00    1.01    0.00    0.00    0.00    0.00    0.00    0.00   98.99
16:25:11      22    0.00    0.00    0.00    1.02    0.00    0.00    0.00    0.00    0.00   98.98
16:25:11      23    1.01    0.00    0.00    2.02    0.00    0.00    0.00    0.00    0.00   96.97
16:25:11      24    5.32    0.00    7.45    0.00    0.00    2.13    0.00    0.00    0.00   85.11
16:25:11      25    6.25    0.00    6.25    0.00    0.00    3.12    0.00    0.00    0.00   84.38
16:25:11      26    2.06    0.00    1.03    0.00    0.00    0.00    0.00    0.00    0.00   96.91
16:25:11      27   12.24    0.00   10.20    3.06    0.00    0.00    0.00    0.00    0.00   74.49
16:25:11      28    9.00    0.00    0.00    0.00    0.00    0.00    0.00    0.00    0.00   91.00
16:25:11      29    0.00    0.00    0.00    0.00    0.00    0.00    0.00    0.00    0.00  100.00
16:25:11      30   16.16    0.00    0.00    0.00    0.00    0.00    0.00    0.00    0.00   83.84
16:25:11      31    5.05    0.00    1.01    0.00    0.00    0.00    0.00    0.00    0.00   93.94

Average:     CPU    %usr   %nice    %sys %iowait    %irq   %soft  %steal  %guest  %gnice   %idle
Average:     all    4.23    0.00    1.99    0.53    0.00    1.70    0.00    0.00    0.00   91.54
Average:       0    1.25    0.00    1.64    0.86    0.00    0.70    0.00    0.00    0.00   95.56
Average:       1    2.06    0.00    2.13    0.24    0.00    0.63    0.00    0.00    0.00   94.94
Average:       2    1.07    0.00    1.07    0.99    0.00    2.75    0.00    0.00    0.00   94.13
Average:       3    1.93    0.00    1.85    1.08    0.00    0.54    0.00    0.00    0.00   94.59
Average:       4    4.66    0.00    1.22    0.00    0.00    8.39    0.00    0.00    0.00   85.73
Average:       5    0.86    0.00    1.01    0.00    0.00    0.47    0.00    0.00    0.00   97.67
Average:       6    3.12    0.00    1.87    1.01    0.00    0.39    0.00    0.00    0.00   93.60
Average:       7    2.64    0.00    1.17    1.17    0.00    0.62    0.00    0.00    0.00   94.40
Average:       8    9.25    0.00    4.35    0.08    0.00    1.71    0.00    0.00    0.00   84.60
Average:       9    5.30    0.00    3.67    0.00    0.00    1.48    0.00    0.00    0.00   89.55
Average:      10    1.33    0.00    1.81    1.57    0.00    0.24    0.00    0.00    0.00   95.05
Average:      11    3.06    0.00    1.57    1.57    0.00    0.55    0.00    0.00    0.00   93.25
Average:      12    3.65    0.00    1.24    1.09    0.00    0.70    0.00    0.00    0.00   93.33
Average:      13    2.10    0.00    0.93    0.78    0.00    0.31    0.00    0.00    0.00   95.89
Average:      14    0.47    0.00    0.39    0.08    0.00    0.08    0.00    0.00    0.00   98.99
Average:      15    0.62    0.00    0.54    0.08    0.00    0.08    0.00    0.00    0.00   98.68
Average:      16    2.72    0.00    1.32    0.23    0.00    0.47    0.00    0.00    0.00   95.26
Average:      17    6.44    0.00    3.26    0.00    0.00    1.47    0.00    0.00    0.00   88.83
Average:      18    1.33    0.00    1.79    1.79    0.00    0.62    0.00    0.00    0.00   94.46
Average:      19    2.03    0.00    1.79    2.18    0.00    0.70    0.00    0.00    0.00   93.29
Average:      20    6.82    0.00    1.85    0.00    0.00   18.98    0.00    0.00    0.00   72.36
Average:      21    0.93    0.00    1.56    0.00    0.00    0.54    0.00    0.00    0.00   96.97
Average:      22    1.25    0.00    1.17    0.70    0.00    0.31    0.00    0.00    0.00   96.57
Average:      23    1.87    0.00    1.79    0.70    0.00    0.86    0.00    0.00    0.00   94.78
Average:      24    9.16    0.00    8.05    0.00    0.00    2.47    0.00    0.00    0.00   80.32
Average:      25   13.56    0.00    8.26    0.00    0.00    2.42    0.00    0.00    0.00   75.76
Average:      26    7.40    0.00    0.55    0.31    0.00    0.16    0.00    0.00    0.00   91.59
Average:      27    4.16    0.00    2.35    0.39    0.00    0.08    0.00    0.00    0.00   93.01
Average:      28    6.05    0.00    1.40    0.23    0.00    0.54    0.00    0.00    0.00   91.78
Average:      29    4.70    0.00    1.08    0.08    0.00    0.46    0.00    0.00    0.00   93.68
Average:      30   19.92    0.00    0.77    0.00    0.00    0.15    0.00    0.00    0.00   79.16
Average:      31    2.86    0.00    0.70    0.00    0.00    0.15    0.00    0.00    0.00   96.29
