[INFO ] 2026-07-10 23:11:46,604 [main]  com.oltpbenchmark.DBWorkload main - ======================================================================

Benchmark:              TPCC {com.oltpbenchmark.benchmarks.tpcc.TPCCBenchmark}
Configuration:          /mnt/hpca2027-db/screening/mysql_tpcc_100w_64t/measured-run1.xml
Type:                   MYSQL
Driver:                 com.mysql.cj.jdbc.Driver
URL:                    jdbc:mysql://localhost:3307/benchbase?rewriteBatchedStatements=true&allowPublicKeyRetrieval=True&sslMode=DISABLED
Isolation:              TRANSACTION_SERIALIZABLE
Batch Size:             128
Scale Factor:           100.0
Terminals:              64
New Connection Per Txn: false

[INFO ] 2026-07-10 23:11:46,605 [main]  com.oltpbenchmark.DBWorkload main - ======================================================================
[INFO ] 2026-07-10 23:11:46,877 [main]  com.oltpbenchmark.DBWorkload runWorkload - Creating 64 virtual terminals...
[INFO ] 2026-07-10 23:11:47,031 [main]  com.oltpbenchmark.DBWorkload runWorkload - Launching the TPCC Benchmark with 1 Phase...
[INFO ] 2026-07-10 23:11:47,085 [main]  com.oltpbenchmark.ThreadBench runRateLimitedMultiPhase - [0;1mPHASE START[0;0m :: [Workload=TPCC] [Serial=false] [Time=600] [WarmupTime=0] [Rate=unlimited] [Arrival=REGULAR] [Ratios=[45.0, 43.0, 4.0, 4.0, 4.0]] [ActiveWorkers=64]
[INFO ] 2026-07-10 23:11:48,084 [main]  com.oltpbenchmark.ThreadBench runRateLimitedMultiPhase - [0;1mMEASURE[0;0m :: Warmup complete, starting measurements.
[INFO ] 2026-07-10 23:21:49,084 [main]  com.oltpbenchmark.ThreadBench runRateLimitedMultiPhase - [0;1mTERMINATE[0;0m :: Waiting for all terminals to finish ..
[INFO ] 2026-07-10 23:21:49,166 [Thread-64]  com.oltpbenchmark.ThreadBench run - Starting WatchDogThread
[INFO ] 2026-07-10 23:21:49,613 [main]  com.oltpbenchmark.DBWorkload runWorkload - ======================================================================
[INFO ] 2026-07-10 23:21:49,614 [main]  com.oltpbenchmark.DBWorkload runWorkload - Rate limited reqs/s: Results(nanoSeconds=600999760943, measuredRequests=1110511) = 1847.7727815690814 requests/sec (throughput), 1841.5365062099709 requests/sec (goodput)
[INFO ] 2026-07-10 23:21:49,628 [main]  com.oltpbenchmark.DBWorkload writeOutputs - Output Raw data into file: tpcc_2026-07-10_23-21-49.raw.csv
[INFO ] 2026-07-10 23:21:54,815 [main]  com.oltpbenchmark.DBWorkload writeOutputs - Output samples into file: tpcc_2026-07-10_23-21-49.samples.csv
[INFO ] 2026-07-10 23:21:54,984 [main]  com.oltpbenchmark.DBWorkload writeOutputs - Output summary data into file: tpcc_2026-07-10_23-21-49.summary.json
[INFO ] 2026-07-10 23:21:54,990 [main]  com.oltpbenchmark.DBWorkload writeOutputs - Output DBMS parameters into file: tpcc_2026-07-10_23-21-49.params.json
[INFO ] 2026-07-10 23:21:55,000 [main]  com.oltpbenchmark.DBWorkload writeOutputs - Output DBMS metrics into file: tpcc_2026-07-10_23-21-49.metrics.json
[INFO ] 2026-07-10 23:21:55,004 [main]  com.oltpbenchmark.DBWorkload writeOutputs - Output benchmark config into file: tpcc_2026-07-10_23-21-49.config.xml
[INFO ] 2026-07-10 23:21:55,024 [main]  com.oltpbenchmark.DBWorkload writeOutputs - Output results into file: tpcc_2026-07-10_23-21-49.results.csv with window size 5
[INFO ] 2026-07-10 23:21:55,408 [main]  com.oltpbenchmark.DBWorkload writeHistograms - ======================================================================
[INFO ] 2026-07-10 23:21:55,409 [main]  com.oltpbenchmark.DBWorkload writeHistograms - Workload Histograms:

[0;1mCompleted Transactions:[0;0m
com.oltpbenchmark.benchmarks.tpcc.procedures.NewOrder/01                         [494849] ********************************************************************************
com.oltpbenchmark.benchmarks.tpcc.procedures.Payment/02                          [477988] *****************************************************************************
com.oltpbenchmark.benchmarks.tpcc.procedures.OrderStatus/03                      [ 44650] *******
com.oltpbenchmark.benchmarks.tpcc.procedures.Delivery/04                         [ 44629] *******
com.oltpbenchmark.benchmarks.tpcc.procedures.StockLevel/05                       [ 44647] *******

[0;1mAborted Transactions:[0;0m
com.oltpbenchmark.benchmarks.tpcc.procedures.NewOrder/01                         [5024] ********************************************************************************

[0;1mRejected Transactions (Server Retry):[0;0m
com.oltpbenchmark.benchmarks.tpcc.procedures.Payment/02                          [   1] ********************************************************************************

[0;1mRejected Transactions (Retry Different):[0;0m
<EMPTY>

[0;1mUnexpected SQL Errors:[0;0m
<EMPTY>

[0;1mUnknown Status Transactions:[0;0m
<EMPTY>


[INFO ] 2026-07-10 23:21:55,409 [main]  com.oltpbenchmark.DBWorkload writeHistograms - ======================================================================
