Linux 5.15.0-177-generic (node0.paper.datacntr-effcy-pg0.utah.cloudlab.us) 	07/10/26 	_x86_64_	(32 CPU)

21:17:19     CPU    %usr   %nice    %sys %iowait    %irq   %soft  %steal  %guest  %gnice   %idle
21:17:20     all    2.51    0.00    2.36    0.00    0.00    1.64    0.00    0.00    0.00   93.49
21:17:20       0    1.02    0.00    0.00    0.00    0.00    0.00    0.00    0.00    0.00   98.98
21:17:20       1    1.02    0.00    0.00    0.00    0.00    0.00    0.00    0.00    0.00   98.98
21:17:20       2    0.00    0.00    0.00    0.00    0.00    0.00    0.00    0.00    0.00  100.00
21:17:20       3    0.00    0.00    0.00    0.00    0.00    0.00    0.00    0.00    0.00  100.00
21:17:20       4    0.00    0.00    0.00    0.00    0.00    0.00    0.00    0.00    0.00  100.00
21:17:20       5    0.00    0.00    0.00    0.00    0.00    0.00    0.00    0.00    0.00  100.00
21:17:20       6    0.00    0.00    0.00    0.00    0.00    0.00    0.00    0.00    0.00  100.00
21:17:20       7    0.99    0.00    0.99    0.00    0.00    0.00    0.00    0.00    0.00   98.02
21:17:20       8    0.00    0.00   49.49    0.00    0.00    0.00    0.00    0.00    0.00   50.51
21:17:20       9    0.00    0.00    5.00    0.00    0.00    0.00    0.00    0.00    0.00   95.00
21:17:20      10    1.01    0.00    0.00    0.00    0.00    0.00    0.00    0.00    0.00   98.99
21:17:20      11    0.00    0.00    0.00    0.00    0.00    0.00    0.00    0.00    0.00  100.00
21:17:20      12    0.00    0.00    0.00    0.00    0.00   34.44    0.00    0.00    0.00   65.56
21:17:20      13    0.00    0.00    0.00    0.00    0.00    0.00    0.00    0.00    0.00  100.00
21:17:20      14    0.00    0.00    1.00    0.00    0.00    0.00    0.00    0.00    0.00   99.00
21:17:20      15    0.99    0.00    0.99    0.00    0.00    0.00    0.00    0.00    0.00   98.02
21:17:20      16    1.00    0.00    1.00    0.00    0.00    1.00    0.00    0.00    0.00   97.00
21:17:20      17    1.01    0.00    1.01    0.00    0.00    0.00    0.00    0.00    0.00   97.98
21:17:20      18   68.00    0.00   12.00    0.00    0.00    0.00    0.00    0.00    0.00   20.00
21:17:20      19    0.00    0.00    0.00    0.00    0.00    0.00    0.00    0.00    0.00  100.00
21:17:20      20    0.00    0.00    0.00    0.00    0.00    0.00    0.00    0.00    0.00  100.00
21:17:20      21    0.00    0.00    0.00    0.00    0.00    0.00    0.00    0.00    0.00  100.00
21:17:20      22    0.00    0.00    0.00    0.00    0.00    0.00    0.00    0.00    0.00  100.00
21:17:20      23    0.00    0.00    0.00    0.00    0.00    0.00    0.00    0.00    0.00  100.00
21:17:20      24    2.00    0.00    0.00    0.00    0.00    0.00    0.00    0.00    0.00   98.00
21:17:20      25    0.00    0.00    0.00    0.00    0.00    0.00    0.00    0.00    0.00  100.00
21:17:20      26    3.00    0.00    2.00    0.00    0.00    0.00    0.00    0.00    0.00   95.00
21:17:20      27    0.00    0.00    0.00    0.00    0.00    0.00    0.00    0.00    0.00  100.00
21:17:20      28    0.00    0.00    0.00    0.00    0.00    0.00    0.00    0.00    0.00  100.00
21:17:20      29    0.00    0.00    0.00    0.00    0.00    0.00    0.00    0.00    0.00  100.00
21:17:20      30    0.00    0.00    1.00    0.00    0.00    0.00    0.00    0.00    0.00   99.00
21:17:20      31    1.00    0.00    2.00    0.00    0.00    0.00    0.00    0.00    0.00   97.00

21:17:20     CPU    %usr   %nice    %sys %iowait    %irq   %soft  %steal  %guest  %gnice   %idle
21:17:21     all    2.90    0.00    0.19    0.00    0.00    1.73    0.00    0.00    0.00   95.18
21:17:21       0    0.00    0.00    0.00    0.00    0.00    0.00    0.00    0.00    0.00  100.00
21:17:21       1    0.00    0.00    0.00    0.00    0.00    0.00    0.00    0.00    0.00  100.00
21:17:21       2    0.00    0.00    0.00    0.00    0.00    0.00    0.00    0.00    0.00  100.00
21:17:21       3    0.00    0.00    0.00    0.00    0.00    0.00    0.00    0.00    0.00  100.00
21:17:21       4    0.00    0.00    0.00    0.00    0.00    0.00    0.00    0.00    0.00  100.00
21:17:21       5    0.00    0.00    0.00    0.00    0.00    0.00    0.00    0.00    0.00  100.00
21:17:21       6    0.00    0.00    1.00    0.00    0.00    0.00    0.00    0.00    0.00   99.00
21:17:21       7    0.00    0.00    0.00    0.00    0.00    0.00    0.00    0.00    0.00  100.00
21:17:21       8    0.00    0.00    0.00    0.00    0.00    0.00    0.00    0.00    0.00  100.00
21:17:21       9    0.00    0.00    0.00    0.00    0.00    0.00    0.00    0.00    0.00  100.00
21:17:21      10    0.00    0.00    0.00    0.00    0.00    0.00    0.00    0.00    0.00  100.00
21:17:21      11    0.00    0.00    0.00    0.00    0.00    0.00    0.00    0.00    0.00  100.00
21:17:21      12    0.00    0.00    0.00    0.00    0.00   36.13    0.00    0.00    0.00   63.87
21:17:21      13    0.00    0.00    0.00    0.00    0.00    0.00    0.00    0.00    0.00  100.00
21:17:21      14    0.00    0.00    0.00    0.00    0.00    0.00    0.00    0.00    0.00  100.00
21:17:21      15    0.00    0.00    0.00    0.00    0.00    0.00    0.00    0.00    0.00  100.00
21:17:21      16    0.00    0.00    0.00    0.00    0.00    0.00    0.00    0.00    0.00  100.00
21:17:21      17    0.00    0.00    0.00    0.00    0.00    0.00    0.00    0.00    0.00  100.00
21:17:21      18   94.95    0.00    5.05    0.00    0.00    0.00    0.00    0.00    0.00    0.00
21:17:21      19    0.00    0.00    0.00    0.00    0.00    0.00    0.00    0.00    0.00  100.00
21:17:21      20    0.00    0.00    0.00    0.00    0.00    0.00    0.00    0.00    0.00  100.00
21:17:21      21    0.00    0.00    0.00    0.00    0.00    0.00    0.00    0.00    0.00  100.00
21:17:21      22    0.00    0.00    0.00    0.00    0.00    0.00    0.00    0.00    0.00  100.00
21:17:21      23    0.00    0.00    0.00    0.00    0.00    0.00    0.00    0.00    0.00  100.00
21:17:21      24    0.00    0.00    0.00    0.00    0.00    0.00    0.00    0.00    0.00  100.00
21:17:21      25    0.00    0.00    0.00    0.00    0.00    0.00    0.00    0.00    0.00  100.00
21:17:21      26    0.00    0.00    0.00    0.00    0.00    0.00    0.00    0.00    0.00  100.00
21:17:21      27    0.00    0.00    0.00    0.00    0.00    0.00    0.00    0.00    0.00  100.00
21:17:21      28    0.00    0.00    0.00    0.00    0.00    0.00    0.00    0.00    0.00  100.00
21:17:21      29    0.00    0.00    0.00    0.00    0.00    0.00    0.00    0.00    0.00  100.00
21:17:21      30    0.00    0.00    0.00    0.00    0.00    0.00    0.00    0.00    0.00  100.00
21:17:21      31    0.00    0.00    0.00    0.00    0.00    0.00    0.00    0.00    0.00  100.00

21:17:21     CPU    %usr   %nice    %sys %iowait    %irq   %soft  %steal  %guest  %gnice   %idle
21:17:22     all    2.51    0.00    0.62    0.00    0.00    1.64    0.00    0.00    0.00   95.24
21:17:22       0    0.00    0.00    0.00    0.00    0.00    0.00    0.00    0.00    0.00  100.00
21:17:22       1    0.00    0.00    0.00    0.00    0.00    0.00    0.00    0.00    0.00  100.00
21:17:22       2    0.00    0.00    0.00    0.00    0.00    0.00    0.00    0.00    0.00  100.00
21:17:22       3    0.00    0.00    0.00    0.00    0.00    0.00    0.00    0.00    0.00  100.00
21:17:22       4    0.00    0.00    0.00    0.00    0.00    0.00    0.00    0.00    0.00  100.00
21:17:22       5    0.00    0.00    0.00    0.00    0.00    0.00    0.00    0.00    0.00  100.00
21:17:22       6    0.00    0.00    0.00    0.00    0.00    0.00    0.00    0.00    0.00  100.00
21:17:22       7    0.00    0.00    0.00    0.00    0.00    0.00    0.00    0.00    0.00  100.00
21:17:22       8    0.00    0.00    0.00    0.00    0.00    0.00    0.00    0.00    0.00  100.00
21:17:22       9    0.00    0.00    0.00    0.00    0.00    0.00    0.00    0.00    0.00  100.00
21:17:22      10    0.00    0.00    0.00    0.00    0.00    0.00    0.00    0.00    0.00  100.00
21:17:22      11    0.00    0.00    0.00    0.00    0.00    0.00    0.00    0.00    0.00  100.00
21:17:22      12    0.00    0.00    0.00    0.00    0.00   34.87    0.00    0.00    0.00   65.13
21:17:22      13    0.00    0.00    0.00    0.00    0.00    0.00    0.00    0.00    0.00  100.00
21:17:22      14    0.00    0.00    0.00    0.00    0.00    0.00    0.00    0.00    0.00  100.00
21:17:22      15    0.00    0.00    0.00    0.00    0.00    0.00    0.00    0.00    0.00  100.00
21:17:22      16    0.00    0.00    0.00    0.00    0.00    0.00    0.00    0.00    0.00  100.00
21:17:22      17    0.00    0.00    0.00    0.00    0.00    0.00    0.00    0.00    0.00  100.00
21:17:22      18   80.20    0.00   19.80    0.00    0.00    0.00    0.00    0.00    0.00    0.00
21:17:22      19    0.00    0.00    0.00    0.00    0.00    0.00    0.00    0.00    0.00  100.00
21:17:22      20    0.00    0.00    0.00    0.00    0.00    0.00    0.00    0.00    0.00  100.00
21:17:22      21    0.00    0.00    0.00    0.00    0.00    0.00    0.00    0.00    0.00  100.00
21:17:22      22    0.00    0.00    0.00    0.00    0.00    0.00    0.00    0.00    0.00  100.00
21:17:22      23    0.00    0.00    0.00    0.00    0.00    0.00    0.00    0.00    0.00  100.00
21:17:22      24    0.00    0.00    0.00    0.00    0.00    0.00    0.00    0.00    0.00  100.00
21:17:22      25    0.00    0.00    0.00    0.00    0.00    0.00    0.00    0.00    0.00  100.00
21:17:22      26    0.00    0.00    0.00    0.00    0.00    0.00    0.00    0.00    0.00  100.00
21:17:22      27    0.00    0.00    0.00    0.00    0.00    0.00    0.00    0.00    0.00  100.00
21:17:22      28    0.00    0.00    0.00    0.00    0.00    0.00    0.00    0.00    0.00  100.00
21:17:22      29    0.00    0.00    0.00    0.00    0.00    0.00    0.00    0.00    0.00  100.00
21:17:22      30    0.00    0.00    0.00    0.00    0.00    0.00    0.00    0.00    0.00  100.00
21:17:22      31    0.00    0.00    0.00    0.00    0.00    0.00    0.00    0.00    0.00  100.00

21:17:22     CPU    %usr   %nice    %sys %iowait    %irq   %soft  %steal  %guest  %gnice   %idle
21:17:23     all    2.94    0.00    0.12    0.00    0.00    1.70    0.00    0.00    0.00   95.24
21:17:23       0    0.00    0.00    0.00    0.00    0.00    0.00    0.00    0.00    0.00  100.00
21:17:23       1    0.00    0.00    0.00    0.00    0.00    0.00    0.00    0.00    0.00  100.00
21:17:23       2    0.00    0.00    0.00    0.00    0.00    0.00    0.00    0.00    0.00  100.00
21:17:23       3    0.00    0.00    0.00    0.00    0.00    0.00    0.00    0.00    0.00  100.00
21:17:23       4    0.00    0.00    0.00    0.00    0.00    0.00    0.00    0.00    0.00  100.00
21:17:23       5    0.00    0.00    0.00    0.00    0.00    0.00    0.00    0.00    0.00  100.00
21:17:23       6    0.00    0.00    0.00    0.00    0.00    0.00    0.00    0.00    0.00  100.00
21:17:23       7    0.00    0.00    0.00    0.00    0.00    0.00    0.00    0.00    0.00  100.00
21:17:23       8    0.00    0.00    0.00    0.00    0.00    0.00    0.00    0.00    0.00  100.00
21:17:23       9    0.00    0.00    0.00    0.00    0.00    0.00    0.00    0.00    0.00  100.00
21:17:23      10    0.00    0.00    0.00    0.00    0.00    0.00    0.00    0.00    0.00  100.00
21:17:23      11    0.00    0.00    0.00    0.00    0.00    0.00    0.00    0.00    0.00  100.00
21:17:23      12    0.00    0.00    0.00    0.00    0.00   35.29    0.00    0.00    0.00   64.71
21:17:23      13    0.00    0.00    0.00    0.00    0.00    0.00    0.00    0.00    0.00  100.00
21:17:23      14    0.00    0.00    0.00    0.00    0.00    0.00    0.00    0.00    0.00  100.00
21:17:23      15    0.00    0.00    0.00    0.00    0.00    0.00    0.00    0.00    0.00  100.00
21:17:23      16    0.00    0.00    0.00    0.00    0.00    1.00    0.00    0.00    0.00   99.00
21:17:23      17    0.00    0.00    0.00    0.00    0.00    0.00    0.00    0.00    0.00  100.00
21:17:23      18   95.96    0.00    4.04    0.00    0.00    0.00    0.00    0.00    0.00    0.00
21:17:23      19    0.00    0.00    0.00    0.00    0.00    0.00    0.00    0.00    0.00  100.00
21:17:23      20    0.00    0.00    0.00    0.00    0.00    0.00    0.00    0.00    0.00  100.00
21:17:23      21    0.00    0.00    0.00    0.00    0.00    0.00    0.00    0.00    0.00  100.00
21:17:23      22    0.00    0.00    0.00    0.00    0.00    0.00    0.00    0.00    0.00  100.00
21:17:23      23    0.00    0.00    0.00    0.00    0.00    0.00    0.00    0.00    0.00  100.00
21:17:23      24    0.00    0.00    0.00    0.00    0.00    0.00    0.00    0.00    0.00  100.00
21:17:23      25    0.00    0.00    0.00    0.00    0.00    0.00    0.00    0.00    0.00  100.00
21:17:23      26    0.00    0.00    0.00    0.00    0.00    0.00    0.00    0.00    0.00  100.00
21:17:23      27    0.00    0.00    0.00    0.00    0.00    0.00    0.00    0.00    0.00  100.00
21:17:23      28    0.00    0.00    0.00    0.00    0.00    0.00    0.00    0.00    0.00  100.00
21:17:23      29    0.00    0.00    0.00    0.00    0.00    0.00    0.00    0.00    0.00  100.00
21:17:23      30    0.00    0.00    0.00    0.00    0.00    0.00    0.00    0.00    0.00  100.00
21:17:23      31    0.00    0.00    0.00    0.00    0.00    0.00    0.00    0.00    0.00  100.00

21:17:23     CPU    %usr   %nice    %sys %iowait    %irq   %soft  %steal  %guest  %gnice   %idle
21:17:24     all    2.90    0.00    0.25    0.00    0.00    1.70    0.00    0.00    0.00   95.15
21:17:24       0    1.01    0.00    0.00    0.00    0.00    0.00    0.00    0.00    0.00   98.99
21:17:24       1    0.00    0.00    0.00    0.00    0.00    0.00    0.00    0.00    0.00  100.00
21:17:24       2    0.00    0.00    0.00    0.00    0.00    0.00    0.00    0.00    0.00  100.00
21:17:24       3    0.00    0.00    0.00    0.00    0.00    0.00    0.00    0.00    0.00  100.00
21:17:24       4    0.00    0.00    0.00    0.00    0.00    0.00    0.00    0.00    0.00  100.00
21:17:24       5    0.00    0.00    0.00    0.00    0.00    0.00    0.00    0.00    0.00  100.00
21:17:24       6    0.00    0.00    1.00    0.00    0.00    0.00    0.00    0.00    0.00   99.00
21:17:24       7    0.00    0.00    0.00    0.00    0.00    0.00    0.00    0.00    0.00  100.00
21:17:24       8    0.00    0.00    0.00    0.00    0.00    0.00    0.00    0.00    0.00  100.00
21:17:24       9    0.00    0.00    0.00    0.00    0.00    0.00    0.00    0.00    0.00  100.00
21:17:24      10    0.00    0.00    0.00    0.00    0.00    0.00    0.00    0.00    0.00  100.00
21:17:24      11    0.00    0.00    0.00    0.00    0.00    0.00    0.00    0.00    0.00  100.00
21:17:24      12    0.00    0.00    0.00    0.00    0.00   35.71    0.00    0.00    0.00   64.29
21:17:24      13    0.00    0.00    0.00    0.00    0.00    0.00    0.00    0.00    0.00  100.00
21:17:24      14    0.00    0.00    0.00    0.00    0.00    0.00    0.00    0.00    0.00  100.00
21:17:24      15    0.00    0.00    0.00    0.00    0.00    0.00    0.00    0.00    0.00  100.00
21:17:24      16    0.00    0.00    0.00    0.00    0.00    0.00    0.00    0.00    0.00  100.00
21:17:24      17    0.00    0.00    0.00    0.00    0.00    0.00    0.00    0.00    0.00  100.00
21:17:24      18   93.00    0.00    7.00    0.00    0.00    0.00    0.00    0.00    0.00    0.00
21:17:24      19    0.00    0.00    0.00    0.00    0.00    0.00    0.00    0.00    0.00  100.00
21:17:24      20    0.00    0.00    0.00    0.00    0.00    0.00    0.00    0.00    0.00  100.00
21:17:24      21    0.00    0.00    0.00    0.00    0.00    0.00    0.00    0.00    0.00  100.00
21:17:24      22    0.00    0.00    0.00    0.00    0.00    0.00    0.00    0.00    0.00  100.00
21:17:24      23    0.00    0.00    0.00    0.00    0.00    0.00    0.00    0.00    0.00  100.00
21:17:24      24    0.00    0.00    0.00    0.00    0.00    0.00    0.00    0.00    0.00  100.00
21:17:24      25    0.00    0.00    0.00    0.00    0.00    0.00    0.00    0.00    0.00  100.00
21:17:24      26    0.00    0.00    0.00    0.00    0.00    0.00    0.00    0.00    0.00  100.00
21:17:24      27    0.00    0.00    0.00    0.00    0.00    0.00    0.00    0.00    0.00  100.00
21:17:24      28    0.00    0.00    0.00    0.00    0.00    0.00    0.00    0.00    0.00  100.00
21:17:24      29    0.00    0.00    0.00    0.00    0.00    0.00    0.00    0.00    0.00  100.00
21:17:24      30    0.00    0.00    0.00    0.00    0.00    0.00    0.00    0.00    0.00  100.00
21:17:24      31    0.00    0.00    0.00    0.00    0.00    0.00    0.00    0.00    0.00  100.00

21:17:24     CPU    %usr   %nice    %sys %iowait    %irq   %soft  %steal  %guest  %gnice   %idle
21:17:25     all    2.84    0.00    0.34    0.00    0.00    1.67    0.00    0.00    0.00   95.15
21:17:25       0    0.00    0.00    0.00    0.00    0.00    0.00    0.00    0.00    0.00  100.00
21:17:25       1    0.00    0.00    0.00    0.00    0.00    0.00    0.00    0.00    0.00  100.00
21:17:25       2    0.00    0.00    0.00    0.00    0.00    0.00    0.00    0.00    0.00  100.00
21:17:25       3    0.00    0.00    0.00    0.00    0.00    0.00    0.00    0.00    0.00  100.00
21:17:25       4    0.00    0.00    0.00    0.00    0.00    0.00    0.00    0.00    0.00  100.00
21:17:25       5    0.00    0.00    0.00    0.00    0.00    0.00    0.00    0.00    0.00  100.00
21:17:25       6    0.00    0.00    0.00    0.00    0.00    0.00    0.00    0.00    0.00  100.00
21:17:25       7    0.00    0.00    0.00    0.00    0.00    0.00    0.00    0.00    0.00  100.00
21:17:25       8    0.00    0.00    0.00    0.00    0.00    0.00    0.00    0.00    0.00  100.00
21:17:25       9    0.00    0.00    0.00    0.00    0.00    0.00    0.00    0.00    0.00  100.00
21:17:25      10    0.00    0.00    0.00    0.00    0.00    0.00    0.00    0.00    0.00  100.00
21:17:25      11    0.00    0.00    0.00    0.00    0.00    0.00    0.00    0.00    0.00  100.00
21:17:25      12    0.65    0.00    0.65    0.00    0.00   34.84    0.00    0.00    0.00   63.87
21:17:25      13    0.00    0.00    0.00    0.00    0.00    0.00    0.00    0.00    0.00  100.00
21:17:25      14    0.00    0.00    0.00    0.00    0.00    0.00    0.00    0.00    0.00  100.00
21:17:25      15    0.00    0.00    0.00    0.00    0.00    0.00    0.00    0.00    0.00  100.00
21:17:25      16    0.00    0.00    0.00    0.00    0.00    0.00    0.00    0.00    0.00  100.00
21:17:25      17    0.00    0.00    0.00    0.00    0.00    0.00    0.00    0.00    0.00  100.00
21:17:25      18   90.00    0.00   10.00    0.00    0.00    0.00    0.00    0.00    0.00    0.00
21:17:25      19    0.00    0.00    0.00    0.00    0.00    0.00    0.00    0.00    0.00  100.00
21:17:25      20    1.00    0.00    0.00    0.00    0.00    0.00    0.00    0.00    0.00   99.00
21:17:25      21    0.00    0.00    0.00    0.00    0.00    0.00    0.00    0.00    0.00  100.00
21:17:25      22    0.00    0.00    0.00    0.00    0.00    0.00    0.00    0.00    0.00  100.00
21:17:25      23    0.00    0.00    0.00    0.00    0.00    0.00    0.00    0.00    0.00  100.00
21:17:25      24    0.00    0.00    0.00    0.00    0.00    0.00    0.00    0.00    0.00  100.00
21:17:25      25    0.00    0.00    0.00    0.00    0.00    0.00    0.00    0.00    0.00  100.00
21:17:25      26    0.00    0.00    0.00    0.00    0.00    0.00    0.00    0.00    0.00  100.00
21:17:25      27    0.00    0.00    0.00    0.00    0.00    0.00    0.00    0.00    0.00  100.00
21:17:25      28    0.00    0.00    0.00    0.00    0.00    0.00    0.00    0.00    0.00  100.00
21:17:25      29    0.00    0.00    0.00    0.00    0.00    0.00    0.00    0.00    0.00  100.00
21:17:25      30    0.00    0.00    0.00    0.00    0.00    0.00    0.00    0.00    0.00  100.00
21:17:25      31    0.00    0.00    0.00    0.00    0.00    0.00    0.00    0.00    0.00  100.00

21:17:25     CPU    %usr   %nice    %sys %iowait    %irq   %soft  %steal  %guest  %gnice   %idle
21:17:26     all    2.86    0.00    0.60    0.00    0.00    0.03    0.00    0.00    0.00   96.51
21:17:26       0    0.00    0.00    0.00    0.00    0.00    0.00    0.00    0.00    0.00  100.00
21:17:26       1    1.00    0.00    0.00    0.00    0.00    0.00    0.00    0.00    0.00   99.00
21:17:26       2    0.00    0.00    0.00    0.00    0.00    0.00    0.00    0.00    0.00  100.00
21:17:26       3    0.00    0.00    0.00    0.00    0.00    0.00    0.00    0.00    0.00  100.00
21:17:26       4    1.01    0.00    0.00    0.00    0.00    0.00    0.00    0.00    0.00   98.99
21:17:26       5    0.00    0.00    1.01    0.00    0.00    0.00    0.00    0.00    0.00   98.99
21:17:26       6    1.01    0.00    0.00    0.00    0.00    0.00    0.00    0.00    0.00   98.99
21:17:26       7    0.00    0.00    0.00    0.00    0.00    0.00    0.00    0.00    0.00  100.00
21:17:26       8    0.00    0.00    1.00    0.00    0.00    0.00    0.00    0.00    0.00   99.00
21:17:26       9    0.00    0.00    0.00    0.00    0.00    0.00    0.00    0.00    0.00  100.00
21:17:26      10    0.00    0.00    0.00    0.00    0.00    0.00    0.00    0.00    0.00  100.00
21:17:26      11    0.00    0.00    0.00    0.00    0.00    0.00    0.00    0.00    0.00  100.00
21:17:26      12    0.00    0.00    0.00    0.00    0.00    0.00    0.00    0.00    0.00  100.00
21:17:26      13    0.00    0.00    0.00    0.00    0.00    0.00    0.00    0.00    0.00  100.00
21:17:26      14    0.00    0.00    0.00    0.00    0.00    0.00    0.00    0.00    0.00  100.00
21:17:26      15    1.01    0.00    0.00    0.00    0.00    0.00    0.00    0.00    0.00   98.99
21:17:26      16    0.00    0.00    0.00    0.00    0.00    1.00    0.00    0.00    0.00   99.00
21:17:26      17    0.00    0.00    0.00    0.00    0.00    0.00    0.00    0.00    0.00  100.00
21:17:26      18   85.15    0.00   14.85    0.00    0.00    0.00    0.00    0.00    0.00    0.00
21:17:26      19    1.00    0.00    0.00    0.00    0.00    0.00    0.00    0.00    0.00   99.00
21:17:26      20    0.00    0.00    0.00    0.00    0.00    0.00    0.00    0.00    0.00  100.00
21:17:26      21    0.00    0.00    1.00    0.00    0.00    0.00    0.00    0.00    0.00   99.00
21:17:26      22    0.00    0.00    0.00    0.00    0.00    0.00    0.00    0.00    0.00  100.00
21:17:26      23    0.00    0.00    0.00    0.00    0.00    0.00    0.00    0.00    0.00  100.00
21:17:26      24    0.00    0.00    0.00    0.00    0.00    0.00    0.00    0.00    0.00  100.00
21:17:26      25    0.00    0.00    1.00    0.00    0.00    0.00    0.00    0.00    0.00   99.00
21:17:26      26    0.00    0.00    0.00    0.00    0.00    0.00    0.00    0.00    0.00  100.00
21:17:26      27    0.00    0.00    0.00    0.00    0.00    0.00    0.00    0.00    0.00  100.00
21:17:26      28    0.00    0.00    0.00    0.00    0.00    0.00    0.00    0.00    0.00  100.00
21:17:26      29    0.00    0.00    0.00    0.00    0.00    0.00    0.00    0.00    0.00  100.00
21:17:26      30    0.00    0.00    0.00    0.00    0.00    0.00    0.00    0.00    0.00  100.00
21:17:26      31    0.00    0.00    0.00    0.00    0.00    0.00    0.00    0.00    0.00  100.00

21:17:26     CPU    %usr   %nice    %sys %iowait    %irq   %soft  %steal  %guest  %gnice   %idle
21:17:27     all    2.70    0.00    0.47    0.00    0.00    0.00    0.00    0.00    0.00   96.82
21:17:27       0    0.00    0.00    0.00    0.00    0.00    0.00    0.00    0.00    0.00  100.00
21:17:27       1    0.00    0.00    0.00    0.00    0.00    0.00    0.00    0.00    0.00  100.00
21:17:27       2    0.00    0.00    0.00    0.00    0.00    0.00    0.00    0.00    0.00  100.00
21:17:27       3    0.00    0.00    0.00    0.00    0.00    0.00    0.00    0.00    0.00  100.00
21:17:27       4    0.00    0.00    0.00    0.00    0.00    0.00    0.00    0.00    0.00  100.00
21:17:27       5    0.00    0.00    0.00    0.00    0.00    0.00    0.00    0.00    0.00  100.00
21:17:27       6    0.00    0.00    1.00    0.00    0.00    0.00    0.00    0.00    0.00   99.00
21:17:27       7    0.00    0.00    0.00    0.00    0.00    0.00    0.00    0.00    0.00  100.00
21:17:27       8    0.00    0.00    0.00    0.00    0.00    0.00    0.00    0.00    0.00  100.00
21:17:27       9    0.00    0.00    0.00    0.00    0.00    0.00    0.00    0.00    0.00  100.00
21:17:27      10    0.00    0.00    0.00    0.00    0.00    0.00    0.00    0.00    0.00  100.00
21:17:27      11    0.00    0.00    0.00    0.00    0.00    0.00    0.00    0.00    0.00  100.00
21:17:27      12    0.00    0.00    0.00    0.00    0.00    0.00    0.00    0.00    0.00  100.00
21:17:27      13    0.00    0.00    0.00    0.00    0.00    0.00    0.00    0.00    0.00  100.00
21:17:27      14    0.00    0.00    0.00    0.00    0.00    0.00    0.00    0.00    0.00  100.00
21:17:27      15    0.00    0.00    0.00    0.00    0.00    0.00    0.00    0.00    0.00  100.00
21:17:27      16    0.00    0.00    0.00    0.00    0.00    0.00    0.00    0.00    0.00  100.00
21:17:27      17    0.00    0.00    0.00    0.00    0.00    0.00    0.00    0.00    0.00  100.00
21:17:27      18   86.00    0.00   14.00    0.00    0.00    0.00    0.00    0.00    0.00    0.00
21:17:27      19    0.00    0.00    0.00    0.00    0.00    0.00    0.00    0.00    0.00  100.00
21:17:27      20    0.00    0.00    0.00    0.00    0.00    0.00    0.00    0.00    0.00  100.00
21:17:27      21    0.00    0.00    0.00    0.00    0.00    0.00    0.00    0.00    0.00  100.00
21:17:27      22    0.00    0.00    0.00    0.00    0.00    0.00    0.00    0.00    0.00  100.00
21:17:27      23    0.00    0.00    0.00    0.00    0.00    0.00    0.00    0.00    0.00  100.00
21:17:27      24    0.00    0.00    0.00    0.00    0.00    0.00    0.00    0.00    0.00  100.00
21:17:27      25    0.00    0.00    0.00    0.00    0.00    0.00    0.00    0.00    0.00  100.00
21:17:27      26    0.00    0.00    0.00    0.00    0.00    0.00    0.00    0.00    0.00  100.00
21:17:27      27    0.00    0.00    0.00    0.00    0.00    0.00    0.00    0.00    0.00  100.00
21:17:27      28    0.00    0.00    0.00    0.00    0.00    0.00    0.00    0.00    0.00  100.00
21:17:27      29    0.00    0.00    0.00    0.00    0.00    0.00    0.00    0.00    0.00  100.00
21:17:27      30    0.00    0.00    0.00    0.00    0.00    0.00    0.00    0.00    0.00  100.00
21:17:27      31    0.00    0.00    0.00    0.00    0.00    0.00    0.00    0.00    0.00  100.00

21:17:27     CPU    %usr   %nice    %sys %iowait    %irq   %soft  %steal  %guest  %gnice   %idle
21:17:28     all    2.67    0.00    0.47    0.00    0.00    0.00    0.00    0.00    0.00   96.86
21:17:28       0    0.00    0.00    0.00    0.00    0.00    0.00    0.00    0.00    0.00  100.00
21:17:28       1    0.00    0.00    0.00    0.00    0.00    0.00    0.00    0.00    0.00  100.00
21:17:28       2    0.00    0.00    0.00    0.00    0.00    0.00    0.00    0.00    0.00  100.00
21:17:28       3    0.00    0.00    0.00    0.00    0.00    0.00    0.00    0.00    0.00  100.00
21:17:28       4    0.00    0.00    0.00    0.00    0.00    0.00    0.00    0.00    0.00  100.00
21:17:28       5    0.00    0.00    0.00    0.00    0.00    0.00    0.00    0.00    0.00  100.00
21:17:28       6    0.00    0.00    0.00    0.00    0.00    0.00    0.00    0.00    0.00  100.00
21:17:28       7    0.00    0.00    0.00    0.00    0.00    0.00    0.00    0.00    0.00  100.00
21:17:28       8    0.00    0.00    0.00    0.00    0.00    0.00    0.00    0.00    0.00  100.00
21:17:28       9    0.00    0.00    0.00    0.00    0.00    0.00    0.00    0.00    0.00  100.00
21:17:28      10    0.00    0.00    0.00    0.00    0.00    0.00    0.00    0.00    0.00  100.00
21:17:28      11    0.00    0.00    0.00    0.00    0.00    0.00    0.00    0.00    0.00  100.00
21:17:28      12    0.00    0.00    0.00    0.00    0.00    0.00    0.00    0.00    0.00  100.00
21:17:28      13    0.00    0.00    0.00    0.00    0.00    0.00    0.00    0.00    0.00  100.00
21:17:28      14    0.00    0.00    0.00    0.00    0.00    0.00    0.00    0.00    0.00  100.00
21:17:28      15    0.00    0.00    0.00    0.00    0.00    0.00    0.00    0.00    0.00  100.00
21:17:28      16    0.00    0.00    0.00    0.00    0.00    0.00    0.00    0.00    0.00  100.00
21:17:28      17    0.00    0.00    0.00    0.00    0.00    0.00    0.00    0.00    0.00  100.00
21:17:28      18   85.00    0.00   15.00    0.00    0.00    0.00    0.00    0.00    0.00    0.00
21:17:28      19    0.00    0.00    0.00    0.00    0.00    0.00    0.00    0.00    0.00  100.00
21:17:28      20    0.00    0.00    0.00    0.00    0.00    0.00    0.00    0.00    0.00  100.00
21:17:28      21    0.00    0.00    0.00    0.00    0.00    0.00    0.00    0.00    0.00  100.00
21:17:28      22    0.00    0.00    0.00    0.00    0.00    0.00    0.00    0.00    0.00  100.00
21:17:28      23    0.00    0.00    0.00    0.00    0.00    0.00    0.00    0.00    0.00  100.00
21:17:28      24    0.00    0.00    0.00    0.00    0.00    0.00    0.00    0.00    0.00  100.00
21:17:28      25    0.00    0.00    0.00    0.00    0.00    0.00    0.00    0.00    0.00  100.00
21:17:28      26    0.00    0.00    0.00    0.00    0.00    0.00    0.00    0.00    0.00  100.00
21:17:28      27    0.00    0.00    0.00    0.00    0.00    0.00    0.00    0.00    0.00  100.00
21:17:28      28    0.00    0.00    0.00    0.00    0.00    0.00    0.00    0.00    0.00  100.00
21:17:28      29    0.00    0.00    0.00    0.00    0.00    0.00    0.00    0.00    0.00  100.00
21:17:28      30    0.00    0.00    0.00    0.00    0.00    0.00    0.00    0.00    0.00  100.00
21:17:28      31    0.00    0.00    0.00    0.00    0.00    0.00    0.00    0.00    0.00  100.00

21:17:28     CPU    %usr   %nice    %sys %iowait    %irq   %soft  %steal  %guest  %gnice   %idle
21:17:29     all    2.64    0.00    0.57    0.00    0.00    0.00    0.00    0.00    0.00   96.80
21:17:29       0    0.00    0.00    0.00    0.00    0.00    0.00    0.00    0.00    0.00  100.00
21:17:29       1    0.00    0.00    0.00    0.00    0.00    0.00    0.00    0.00    0.00  100.00
21:17:29       2    0.00    0.00    0.00    0.00    0.00    0.00    0.00    0.00    0.00  100.00
21:17:29       3    0.00    0.00    0.00    0.00    0.00    0.00    0.00    0.00    0.00  100.00
21:17:29       4    0.00    0.00    0.00    0.00    0.00    0.00    0.00    0.00    0.00  100.00
21:17:29       5    0.00    0.00    0.00    0.00    0.00    0.00    0.00    0.00    0.00  100.00
21:17:29       6    0.00    0.00    1.00    0.00    0.00    0.00    0.00    0.00    0.00   99.00
21:17:29       7    0.00    0.00    0.00    0.00    0.00    0.00    0.00    0.00    0.00  100.00
21:17:29       8    0.00    0.00    0.00    0.00    0.00    0.00    0.00    0.00    0.00  100.00
21:17:29       9    0.00    0.00    0.00    0.00    0.00    0.00    0.00    0.00    0.00  100.00
21:17:29      10    0.00    0.00    0.00    0.00    0.00    0.00    0.00    0.00    0.00  100.00
21:17:29      11    0.00    0.00    0.00    0.00    0.00    0.00    0.00    0.00    0.00  100.00
21:17:29      12    0.00    0.00    0.00    0.00    0.00    0.00    0.00    0.00    0.00  100.00
21:17:29      13    0.00    0.00    0.00    0.00    0.00    0.00    0.00    0.00    0.00  100.00
21:17:29      14    0.00    0.00    0.00    0.00    0.00    0.00    0.00    0.00    0.00  100.00
21:17:29      15    0.00    0.00    0.00    0.00    0.00    0.00    0.00    0.00    0.00  100.00
21:17:29      16    0.00    0.00    0.00    0.00    0.00    0.00    0.00    0.00    0.00  100.00
21:17:29      17    0.00    0.00    0.00    0.00    0.00    0.00    0.00    0.00    0.00  100.00
21:17:29      18   83.00    0.00   17.00    0.00    0.00    0.00    0.00    0.00    0.00    0.00
21:17:29      19    0.00    0.00    0.00    0.00    0.00    0.00    0.00    0.00    0.00  100.00
21:17:29      20    1.00    0.00    0.00    0.00    0.00    0.00    0.00    0.00    0.00   99.00
21:17:29      21    0.00    0.00    0.00    0.00    0.00    0.00    0.00    0.00    0.00  100.00
21:17:29      22    0.00    0.00    0.00    0.00    0.00    0.00    0.00    0.00    0.00  100.00
21:17:29      23    0.00    0.00    0.00    0.00    0.00    0.00    0.00    0.00    0.00  100.00
21:17:29      24    0.00    0.00    0.00    0.00    0.00    0.00    0.00    0.00    0.00  100.00
21:17:29      25    0.00    0.00    0.00    0.00    0.00    0.00    0.00    0.00    0.00  100.00
21:17:29      26    0.00    0.00    0.00    0.00    0.00    0.00    0.00    0.00    0.00  100.00
21:17:29      27    0.00    0.00    0.00    0.00    0.00    0.00    0.00    0.00    0.00  100.00
21:17:29      28    0.00    0.00    0.00    0.00    0.00    0.00    0.00    0.00    0.00  100.00
21:17:29      29    0.00    0.00    0.00    0.00    0.00    0.00    0.00    0.00    0.00  100.00
21:17:29      30    0.00    0.00    0.00    0.00    0.00    0.00    0.00    0.00    0.00  100.00
21:17:29      31    0.00    0.00    0.00    0.00    0.00    0.00    0.00    0.00    0.00  100.00

Average:     CPU    %usr   %nice    %sys %iowait    %irq   %soft  %steal  %guest  %gnice   %idle
Average:     all    2.75    0.00    0.60    0.00    0.00    1.02    0.00    0.00    0.00   95.64
Average:       0    0.20    0.00    0.00    0.00    0.00    0.00    0.00    0.00    0.00   99.80
Average:       1    0.20    0.00    0.00    0.00    0.00    0.00    0.00    0.00    0.00   99.80
Average:       2    0.00    0.00    0.00    0.00    0.00    0.00    0.00    0.00    0.00  100.00
Average:       3    0.00    0.00    0.00    0.00    0.00    0.00    0.00    0.00    0.00  100.00
Average:       4    0.10    0.00    0.00    0.00    0.00    0.00    0.00    0.00    0.00   99.90
Average:       5    0.00    0.00    0.10    0.00    0.00    0.00    0.00    0.00    0.00   99.90
Average:       6    0.10    0.00    0.40    0.00    0.00    0.00    0.00    0.00    0.00   99.50
Average:       7    0.10    0.00    0.10    0.00    0.00    0.00    0.00    0.00    0.00   99.80
Average:       8    0.00    0.00    5.04    0.00    0.00    0.00    0.00    0.00    0.00   94.96
Average:       9    0.00    0.00    0.50    0.00    0.00    0.00    0.00    0.00    0.00   99.50
Average:      10    0.10    0.00    0.00    0.00    0.00    0.00    0.00    0.00    0.00   99.90
Average:      11    0.00    0.00    0.00    0.00    0.00    0.00    0.00    0.00    0.00  100.00
Average:      12    0.08    0.00    0.08    0.00    0.00   24.62    0.00    0.00    0.00   75.23
Average:      13    0.00    0.00    0.00    0.00    0.00    0.00    0.00    0.00    0.00  100.00
Average:      14    0.00    0.00    0.10    0.00    0.00    0.00    0.00    0.00    0.00   99.90
Average:      15    0.20    0.00    0.10    0.00    0.00    0.00    0.00    0.00    0.00   99.70
Average:      16    0.10    0.00    0.10    0.00    0.00    0.30    0.00    0.00    0.00   99.50
Average:      17    0.10    0.00    0.10    0.00    0.00    0.00    0.00    0.00    0.00   99.80
Average:      18   86.10    0.00   11.90    0.00    0.00    0.00    0.00    0.00    0.00    2.00
Average:      19    0.10    0.00    0.00    0.00    0.00    0.00    0.00    0.00    0.00   99.90
Average:      20    0.20    0.00    0.00    0.00    0.00    0.00    0.00    0.00    0.00   99.80
Average:      21    0.00    0.00    0.10    0.00    0.00    0.00    0.00    0.00    0.00   99.90
Average:      22    0.00    0.00    0.00    0.00    0.00    0.00    0.00    0.00    0.00  100.00
Average:      23    0.00    0.00    0.00    0.00    0.00    0.00    0.00    0.00    0.00  100.00
Average:      24    0.20    0.00    0.00    0.00    0.00    0.00    0.00    0.00    0.00   99.80
Average:      25    0.00    0.00    0.10    0.00    0.00    0.00    0.00    0.00    0.00   99.90
Average:      26    0.30    0.00    0.20    0.00    0.00    0.00    0.00    0.00    0.00   99.50
Average:      27    0.00    0.00    0.00    0.00    0.00    0.00    0.00    0.00    0.00  100.00
Average:      28    0.00    0.00    0.00    0.00    0.00    0.00    0.00    0.00    0.00  100.00
Average:      29    0.00    0.00    0.00    0.00    0.00    0.00    0.00    0.00    0.00  100.00
Average:      30    0.00    0.00    0.10    0.00    0.00    0.00    0.00    0.00    0.00   99.90
Average:      31    0.10    0.00    0.20    0.00    0.00    0.00    0.00    0.00    0.00   99.70
