Linux 5.15.0-177-generic (node0.paper.datacntr-effcy-pg0.utah.cloudlab.us) 	07/10/26 	_x86_64_	(32 CPU)

23:18:06     CPU    %usr   %nice    %sys %iowait    %irq   %soft  %steal  %guest  %gnice   %idle
23:18:07     all    6.05    0.00    1.47    0.00    0.00    0.90    0.00    0.00    0.00   91.58
23:18:07       0    0.83    0.00    0.00    0.00    0.00   18.33    0.00    0.00    0.00   80.83
23:18:07       1    3.00    0.00    1.00    0.00    0.00    0.00    0.00    0.00    0.00   96.00
23:18:07       2    1.02    0.00    0.00    0.00    0.00    0.00    0.00    0.00    0.00   98.98
23:18:07       3    0.95    0.00    0.00    0.00    0.00    5.71    0.00    0.00    0.00   93.33
23:18:07       4   21.00    0.00    1.00    0.00    0.00    1.00    0.00    0.00    0.00   77.00
23:18:07       5    2.04    0.00    0.00    0.00    0.00    0.00    0.00    0.00    0.00   97.96
23:18:07       6    0.99    0.00    0.99    0.00    0.00    0.00    0.00    0.00    0.00   98.02
23:18:07       7    0.00    0.00    0.00    0.00    0.00    0.00    0.00    0.00    0.00  100.00
23:18:07       8    0.00    0.00    0.00    0.00    0.00    0.00    0.00    0.00    0.00  100.00
23:18:07       9    0.00    0.00    0.00    0.00    0.00    0.00    0.00    0.00    0.00  100.00
23:18:07      10    0.00    0.00    1.00    0.00    0.00    0.00    0.00    0.00    0.00   99.00
23:18:07      11    1.01    0.00    1.01    0.00    0.00    0.00    0.00    0.00    0.00   97.98
23:18:07      12   67.68    0.00    1.01    0.00    0.00    0.00    0.00    0.00    0.00   31.31
23:18:07      13    0.00    0.00    0.00    0.00    0.00    0.00    0.00    0.00    0.00  100.00
23:18:07      14    0.00    0.00    1.01    0.00    0.00    0.00    0.00    0.00    0.00   98.99
23:18:07      15    0.00    0.00    1.00    0.00    0.00    0.00    0.00    0.00    0.00   99.00
23:18:07      16    0.99    0.00    0.99    0.00    0.00    0.00    0.00    0.00    0.00   98.02
23:18:07      17    0.00    0.00    1.01    0.00    0.00    0.00    0.00    0.00    0.00   98.99
23:18:07      18    1.01    0.00    0.00    0.00    0.00    0.00    0.00    0.00    0.00   98.99
23:18:07      19   25.25    0.00   12.12    0.00    0.00    0.00    0.00    0.00    0.00   62.63
23:18:07      20    2.04    0.00    1.02    0.00    0.00    0.00    0.00    0.00    0.00   96.94
23:18:07      21    2.02    0.00    1.01    0.00    0.00    0.00    0.00    0.00    0.00   96.97
23:18:07      22    1.00    0.00    0.00    0.00    0.00    0.00    0.00    0.00    0.00   99.00
23:18:07      23    1.00    0.00    1.00    0.00    0.00    0.00    0.00    0.00    0.00   98.00
23:18:07      24    4.00    0.00    1.00    0.00    0.00    0.00    0.00    0.00    0.00   95.00
23:18:07      25   30.39    0.00   10.78    0.00    0.00    0.00    0.00    0.00    0.00   58.82
23:18:07      26    1.01    0.00    4.04    0.00    0.00    0.00    0.00    0.00    0.00   94.95
23:18:07      27    3.96    0.00    1.98    0.00    0.00    0.00    0.00    0.00    0.00   94.06
23:18:07      28    4.04    0.00    1.01    0.00    0.00    0.00    0.00    0.00    0.00   94.95
23:18:07      29    9.90    0.00    0.99    0.00    0.00    0.00    0.00    0.00    0.00   89.11
23:18:07      30    6.00    0.00    0.00    0.00    0.00    0.00    0.00    0.00    0.00   94.00
23:18:07      31    3.00    0.00    2.00    0.00    0.00    0.00    0.00    0.00    0.00   95.00

23:18:07     CPU    %usr   %nice    %sys %iowait    %irq   %soft  %steal  %guest  %gnice   %idle
23:18:08     all    5.93    0.00    1.39    0.00    0.00    1.55    0.00    0.00    0.00   91.13
23:18:08       0    0.00    0.00    0.67    0.00    0.00   33.56    0.00    0.00    0.00   65.77
23:18:08       1    0.00    0.00    0.00    0.00    0.00    0.00    0.00    0.00    0.00  100.00
23:18:08       2    1.00    0.00    1.00    0.00    0.00    0.00    0.00    0.00    0.00   98.00
23:18:08       3    5.94    0.00    2.97    0.00    0.00    0.00    0.00    0.00    0.00   91.09
23:18:08       4   14.29    0.00    1.02    0.00    0.00    0.00    0.00    0.00    0.00   84.69
23:18:08       5   84.85    0.00    1.01    0.00    0.00    0.00    0.00    0.00    0.00   14.14
23:18:08       6    0.00    0.00    1.98    0.00    0.00    0.00    0.00    0.00    0.00   98.02
23:18:08       7    1.00    0.00    0.00    0.00    0.00    0.00    0.00    0.00    0.00   99.00
23:18:08       8    0.00    0.00    1.01    0.00    0.00    0.00    0.00    0.00    0.00   98.99
23:18:08       9    0.00    0.00    0.00    0.00    0.00    0.00    0.00    0.00    0.00  100.00
23:18:08      10    1.00    0.00    1.00    0.00    0.00    0.00    0.00    0.00    0.00   98.00
23:18:08      11    1.98    0.00    0.99    0.00    0.00    0.00    0.00    0.00    0.00   97.03
23:18:08      12    0.00    0.00    1.00    0.00    0.00    0.00    0.00    0.00    0.00   99.00
23:18:08      13    1.00    0.00    1.00    0.00    0.00    0.00    0.00    0.00    0.00   98.00
23:18:08      14    1.00    0.00    0.00    0.00    0.00    0.00    0.00    0.00    0.00   99.00
23:18:08      15    1.00    0.00    0.00    0.00    0.00    0.00    0.00    0.00    0.00   99.00
23:18:08      16    0.00    0.00    0.00    0.00    0.00    0.00    0.00    0.00    0.00  100.00
23:18:08      17    0.00    0.00    0.00    0.00    0.00    0.00    0.00    0.00    0.00  100.00
23:18:08      18    1.00    0.00    2.00    0.00    0.00    0.00    0.00    0.00    0.00   97.00
23:18:08      19   70.71    0.00   24.24    0.00    0.00    0.00    0.00    0.00    0.00    5.05
23:18:08      20    2.04    0.00    1.02    0.00    0.00    0.00    0.00    0.00    0.00   96.94
23:18:08      21    2.04    0.00    1.02    0.00    0.00    0.00    0.00    0.00    0.00   96.94
23:18:08      22    0.00    0.00    0.00    0.00    0.00    0.00    0.00    0.00    0.00  100.00
23:18:08      23    0.00    0.00    0.00    0.00    0.00    0.00    0.00    0.00    0.00  100.00
23:18:08      24    0.00    0.00    0.00    0.00    0.00    0.00    0.00    0.00    0.00  100.00
23:18:08      25    0.00    0.00    0.00    0.00    0.00    0.00    0.00    0.00    0.00  100.00
23:18:08      26    1.00    0.00    0.00    0.00    0.00    0.00    0.00    0.00    0.00   99.00
23:18:08      27    0.00    0.00    1.00    0.00    0.00    0.00    0.00    0.00    0.00   99.00
23:18:08      28    1.00    0.00    1.00    0.00    0.00    0.00    0.00    0.00    0.00   98.00
23:18:08      29    1.01    0.00    0.00    0.00    0.00    0.00    0.00    0.00    0.00   98.99
23:18:08      30    0.99    0.00    0.99    0.00    0.00    0.00    0.00    0.00    0.00   98.02
23:18:08      31    1.00    0.00    0.00    0.00    0.00    0.00    0.00    0.00    0.00   99.00

23:18:08     CPU    %usr   %nice    %sys %iowait    %irq   %soft  %steal  %guest  %gnice   %idle
23:18:09     all    6.13    0.00    1.33    0.77    0.00    1.58    0.00    0.00    0.00   90.19
23:18:09       0    0.00    0.00    0.00    0.00    0.00   34.46    0.00    0.00    0.00   65.54
23:18:09       1    0.00    0.00    1.00    0.00    0.00    0.00    0.00    0.00    0.00   99.00
23:18:09       2    0.00    0.00    1.01    0.00    0.00    0.00    0.00    0.00    0.00   98.99
23:18:09       3   77.00    0.00   23.00    0.00    0.00    0.00    0.00    0.00    0.00    0.00
23:18:09       4    1.02    0.00    0.00    0.00    0.00    0.00    0.00    0.00    0.00   98.98
23:18:09       5  100.00    0.00    0.00    0.00    0.00    0.00    0.00    0.00    0.00    0.00
23:18:09       6    2.02    0.00    0.00    0.00    0.00    0.00    0.00    0.00    0.00   97.98
23:18:09       7    0.00    0.00    0.00    0.00    0.00    0.00    0.00    0.00    0.00  100.00
23:18:09       8    0.00    0.00    0.00    0.00    0.00    0.00    0.00    0.00    0.00  100.00
23:18:09       9    0.99    0.00    0.99    0.00    0.00    0.00    0.00    0.00    0.00   98.02
23:18:09      10    0.00    0.00    3.00    0.00    0.00    0.00    0.00    0.00    0.00   97.00
23:18:09      11    2.00    0.00    0.00    0.00    0.00    0.00    0.00    0.00    0.00   98.00
23:18:09      12    0.00    0.00    0.00    0.00    0.00    0.00    0.00    0.00    0.00  100.00
23:18:09      13    1.00    0.00    0.00    0.00    0.00    0.00    0.00    0.00    0.00   99.00
23:18:09      14    1.01    0.00    0.00    0.00    0.00    0.00    0.00    0.00    0.00   98.99
23:18:09      15    1.00    0.00    1.00    0.00    0.00    0.00    0.00    0.00    0.00   98.00
23:18:09      16    0.00    0.00    0.00    0.00    0.00    0.00    0.00    0.00    0.00  100.00
23:18:09      17    0.00    0.00    1.00    0.00    0.00    0.00    0.00    0.00    0.00   99.00
23:18:09      18    0.00    0.00    1.01    0.00    0.00    0.00    0.00    0.00    0.00   98.99
23:18:09      19    3.92    0.00    1.96    0.00    0.00    0.00    0.00    0.00    0.00   94.12
23:18:09      20    3.03    0.00    2.02    0.00    0.00    0.00    0.00    0.00    0.00   94.95
23:18:09      21    2.04    0.00    1.02    0.00    0.00    0.00    0.00    0.00    0.00   96.94
23:18:09      22    0.00    0.00    0.00    0.00    0.00    0.00    0.00    0.00    0.00  100.00
23:18:09      23    1.00    0.00    0.00    0.00    0.00    0.00    0.00    0.00    0.00   99.00
23:18:09      24    0.00    0.00    0.00    0.00    0.00    0.00    0.00    0.00    0.00  100.00
23:18:09      25    0.00    0.00    1.01    0.00    0.00    0.00    0.00    0.00    0.00   98.99
23:18:09      26    0.00    0.00    3.06   25.51    0.00    0.00    0.00    0.00    0.00   71.43
23:18:09      27    0.00    0.00    1.00    0.00    0.00    0.00    0.00    0.00    0.00   99.00
23:18:09      28    0.00    0.00    0.00    0.00    0.00    0.00    0.00    0.00    0.00  100.00
23:18:09      29    0.00    0.00    0.00    0.00    0.00    0.00    0.00    0.00    0.00  100.00
23:18:09      30    1.00    0.00    0.00    0.00    0.00    0.00    0.00    0.00    0.00   99.00
23:18:09      31    0.99    0.00    0.99    0.00    0.00    0.00    0.00    0.00    0.00   98.02

23:18:09     CPU    %usr   %nice    %sys %iowait    %irq   %soft  %steal  %guest  %gnice   %idle
23:18:10     all    6.25    0.00    1.27    0.96    0.00    1.43    0.00    0.00    0.00   90.09
23:18:10       0    0.70    0.00    0.00    0.00    0.00   30.77    0.00    0.00    0.00   68.53
23:18:10       1    0.99    0.00    0.00    0.00    0.00    1.98    0.00    0.00    0.00   97.03
23:18:10       2    0.00    0.00    0.00    0.00    0.00    0.00    0.00    0.00    0.00  100.00
23:18:10       3   77.78    0.00   22.22    0.00    0.00    0.00    0.00    0.00    0.00    0.00
23:18:10       4    1.03    0.00    0.00    0.00    0.00    0.00    0.00    0.00    0.00   98.97
23:18:10       5  100.00    0.00    0.00    0.00    0.00    0.00    0.00    0.00    0.00    0.00
23:18:10       6    2.00    0.00    1.00    0.00    0.00    0.00    0.00    0.00    0.00   97.00
23:18:10       7    0.00    0.00    1.01    0.00    0.00    0.00    0.00    0.00    0.00   98.99
23:18:10       8    0.99    0.00    0.99    0.00    0.00    0.00    0.00    0.00    0.00   98.02
23:18:10       9    0.00    0.00    0.00    0.00    0.00    0.00    0.00    0.00    0.00  100.00
23:18:10      10    0.00    0.00    2.04    0.00    0.00    0.00    0.00    0.00    0.00   97.96
23:18:10      11    2.04    0.00    5.10   31.63    0.00    0.00    0.00    0.00    0.00   61.22
23:18:10      12    1.00    0.00    0.00    0.00    0.00    0.00    0.00    0.00    0.00   99.00
23:18:10      13    0.99    0.00    0.99    0.00    0.00    0.00    0.00    0.00    0.00   98.02
23:18:10      14    0.00    0.00    0.00    0.00    0.00    0.00    0.00    0.00    0.00  100.00
23:18:10      15    1.00    0.00    0.00    0.00    0.00    0.00    0.00    0.00    0.00   99.00
23:18:10      16    0.00    0.00    0.00    0.00    0.00    0.00    0.00    0.00    0.00  100.00
23:18:10      17    1.01    0.00    0.00    0.00    0.00    0.00    0.00    0.00    0.00   98.99
23:18:10      18    1.02    0.00    1.02    0.00    0.00    0.00    0.00    0.00    0.00   97.96
23:18:10      19    2.02    0.00    2.02    0.00    0.00    0.00    0.00    0.00    0.00   95.96
23:18:10      20    1.02    0.00    1.02    0.00    0.00    0.00    0.00    0.00    0.00   97.96
23:18:10      21    2.04    0.00    1.02    0.00    0.00    0.00    0.00    0.00    0.00   96.94
23:18:10      22    0.00    0.00    0.00    0.00    0.00    0.00    0.00    0.00    0.00  100.00
23:18:10      23    1.00    0.00    2.00    0.00    0.00    0.00    0.00    0.00    0.00   97.00
23:18:10      24    1.00    0.00    0.00    0.00    0.00    0.00    0.00    0.00    0.00   99.00
23:18:10      25    0.00    0.00    0.00    0.00    0.00    0.00    0.00    0.00    0.00  100.00
23:18:10      26    1.00    0.00    0.00    0.00    0.00    0.00    0.00    0.00    0.00   99.00
23:18:10      27    0.00    0.00    0.00    0.00    0.00    0.00    0.00    0.00    0.00  100.00
23:18:10      28    1.00    0.00    0.00    0.00    0.00    0.00    0.00    0.00    0.00   99.00
23:18:10      29    0.99    0.00    0.99    0.00    0.00    0.00    0.00    0.00    0.00   98.02
23:18:10      30    0.00    0.00    0.00    0.00    0.00    0.00    0.00    0.00    0.00  100.00
23:18:10      31    1.01    0.00    0.00    0.00    0.00    0.00    0.00    0.00    0.00   98.99

23:18:10     CPU    %usr   %nice    %sys %iowait    %irq   %soft  %steal  %guest  %gnice   %idle
23:18:11     all    6.42    0.00    1.55    0.34    0.00    0.93    0.00    0.00    0.00   90.76
23:18:11       0    0.00    0.00    0.00    0.00    0.00   23.62    0.00    0.00    0.00   76.38
23:18:11       1    0.00    0.00    0.00    0.00    0.00    0.00    0.00    0.00    0.00  100.00
23:18:11       2    3.00    0.00    0.00    0.00    0.00    0.00    0.00    0.00    0.00   97.00
23:18:11       3   77.23    0.00   22.77    0.00    0.00    0.00    0.00    0.00    0.00    0.00
23:18:11       4    1.02    0.00    2.04    0.00    0.00    0.00    0.00    0.00    0.00   96.94
23:18:11       5   99.00    0.00    1.00    0.00    0.00    0.00    0.00    0.00    0.00    0.00
23:18:11       6    1.96    0.00    0.98    0.00    0.00    0.00    0.00    0.00    0.00   97.06
23:18:11       7    1.00    0.00    0.00    0.00    0.00    0.00    0.00    0.00    0.00   99.00
23:18:11       8    0.00    0.00    0.00    0.00    0.00    0.00    0.00    0.00    0.00  100.00
23:18:11       9    0.99    0.00    0.99    0.00    0.00    0.00    0.00    0.00    0.00   98.02
23:18:11      10    0.99    0.00    1.98    0.00    0.00    0.00    0.00    0.00    0.00   97.03
23:18:11      11    1.00    0.00    3.00   11.00    0.00    0.00    0.00    0.00    0.00   85.00
23:18:11      12    0.99    0.00    0.99    0.00    0.00    0.00    0.00    0.00    0.00   98.02
23:18:11      13    1.01    0.00    0.00    0.00    0.00    0.00    0.00    0.00    0.00   98.99
23:18:11      14    0.00    0.00    1.00    0.00    0.00    0.00    0.00    0.00    0.00   99.00
23:18:11      15    0.99    0.00    0.99    0.00    0.00    0.00    0.00    0.00    0.00   98.02
23:18:11      16    1.01    0.00    0.00    0.00    0.00    0.00    0.00    0.00    0.00   98.99
23:18:11      17    1.00    0.00    0.00    0.00    0.00    0.00    0.00    0.00    0.00   99.00
23:18:11      18    1.00    0.00    1.00    0.00    0.00    0.00    0.00    0.00    0.00   98.00
23:18:11      19    2.02    0.00    0.00    0.00    0.00    0.00    0.00    0.00    0.00   97.98
23:18:11      20    1.02    0.00    1.02    0.00    0.00    0.00    0.00    0.00    0.00   97.96
23:18:11      21    2.00    0.00    3.00    0.00    0.00    0.00    0.00    0.00    0.00   95.00
23:18:11      22    1.98    0.00    0.99    0.00    0.00    0.00    0.00    0.00    0.00   97.03
23:18:11      23    3.92    0.00    0.98    0.00    0.00    0.00    0.00    0.00    0.00   95.10
23:18:11      24    0.00    0.00    1.01    0.00    0.00    0.00    0.00    0.00    0.00   98.99
23:18:11      25    0.99    0.00    0.99    0.00    0.00    0.00    0.00    0.00    0.00   98.02
23:18:11      26    0.00    0.00    1.01    0.00    0.00    0.00    0.00    0.00    0.00   98.99
23:18:11      27    0.00    0.00    1.00    0.00    0.00    0.00    0.00    0.00    0.00   99.00
23:18:11      28    0.00    0.00    1.01    0.00    0.00    0.00    0.00    0.00    0.00   98.99
23:18:11      29    1.01    0.00    0.00    0.00    0.00    0.00    0.00    0.00    0.00   98.99
23:18:11      30    0.00    0.00    1.00    0.00    0.00    0.00    0.00    0.00    0.00   99.00
23:18:11      31    0.99    0.00    0.99    0.00    0.00    0.00    0.00    0.00    0.00   98.02

23:18:11     CPU    %usr   %nice    %sys %iowait    %irq   %soft  %steal  %guest  %gnice   %idle
23:18:12     all    6.51    0.00    1.21    0.62    0.00    0.90    0.00    0.00    0.00   90.75
23:18:12       0    0.79    0.00    0.79    0.00    0.00   21.26    0.00    0.00    0.00   77.17
23:18:12       1    0.00    0.00    0.00    0.00    0.00    2.00    0.00    0.00    0.00   98.00
23:18:12       2    2.02    0.00    0.00    0.00    0.00    0.00    0.00    0.00    0.00   97.98
23:18:12       3   76.00    0.00   24.00    0.00    0.00    0.00    0.00    0.00    0.00    0.00
23:18:12       4    1.01    0.00    2.02    0.00    0.00    0.00    0.00    0.00    0.00   96.97
23:18:12       5  100.00    0.00    0.00    0.00    0.00    0.00    0.00    0.00    0.00    0.00
23:18:12       6    1.01    0.00    0.00    0.00    0.00    0.00    0.00    0.00    0.00   98.99
23:18:12       7    0.00    0.00    1.00    0.00    0.00    0.00    0.00    0.00    0.00   99.00
23:18:12       8    0.99    0.00    0.99    0.00    0.00    0.00    0.00    0.00    0.00   98.02
23:18:12       9    0.00    0.00    0.00    0.00    0.00    0.00    0.00    0.00    0.00  100.00
23:18:12      10    0.00    0.00    2.00    7.00    0.00    0.00    0.00    0.00    0.00   91.00
23:18:12      11    4.04    0.00    2.02   13.13    0.00    0.00    0.00    0.00    0.00   80.81
23:18:12      12    1.01    0.00    0.00    0.00    0.00    0.00    0.00    0.00    0.00   98.99
23:18:12      13    1.98    0.00    0.00    0.00    0.00    0.00    0.00    0.00    0.00   98.02
23:18:12      14    1.01    0.00    0.00    0.00    0.00    0.00    0.00    0.00    0.00   98.99
23:18:12      15    2.00    0.00    0.00    0.00    0.00    0.00    0.00    0.00    0.00   98.00
23:18:12      16    0.00    0.00    0.00    0.00    0.00    0.00    0.00    0.00    0.00  100.00
23:18:12      17    0.00    0.00    1.00    0.00    0.00    0.00    0.00    0.00    0.00   99.00
23:18:12      18    1.01    0.00    0.00    0.00    0.00    0.00    0.00    0.00    0.00   98.99
23:18:12      19    2.04    0.00    0.00    0.00    0.00    0.00    0.00    0.00    0.00   97.96
23:18:12      20    0.00    0.00    0.00    0.00    0.00    0.00    0.00    0.00    0.00  100.00
23:18:12      21    2.02    0.00    1.01    0.00    0.00    0.00    0.00    0.00    0.00   96.97
23:18:12      22    2.04    0.00    1.02    0.00    0.00    0.00    0.00    0.00    0.00   96.94
23:18:12      23    2.02    0.00    1.01    0.00    0.00    0.00    0.00    0.00    0.00   96.97
23:18:12      24    0.99    0.00    0.99    0.00    0.00    0.00    0.00    0.00    0.00   98.02
23:18:12      25    1.00    0.00    1.00    0.00    0.00    0.00    0.00    0.00    0.00   98.00
23:18:12      26    1.01    0.00    0.00    0.00    0.00    0.00    0.00    0.00    0.00   98.99
23:18:12      27    1.00    0.00    0.00    0.00    0.00    0.00    0.00    0.00    0.00   99.00
23:18:12      28    1.00    0.00    0.00    0.00    0.00    0.00    0.00    0.00    0.00   99.00
23:18:12      29    1.98    0.00    0.00    0.00    0.00    0.00    0.00    0.00    0.00   98.02
23:18:12      30    0.00    0.00    0.00    0.00    0.00    0.00    0.00    0.00    0.00  100.00
23:18:12      31    1.00    0.00    0.00    0.00    0.00    0.00    0.00    0.00    0.00   99.00

23:18:12     CPU    %usr   %nice    %sys %iowait    %irq   %soft  %steal  %guest  %gnice   %idle
23:18:13     all    6.18    0.00    1.37    0.78    0.00    1.37    0.00    0.00    0.00   90.32
23:18:13       0    0.00    0.00    0.70    0.00    0.00   30.99    0.00    0.00    0.00   68.31
23:18:13       1    0.00    0.00    0.00    0.00    0.00    0.00    0.00    0.00    0.00  100.00
23:18:13       2    3.92    0.00    0.98    0.00    0.00    0.00    0.00    0.00    0.00   95.10
23:18:13       3   80.00    0.00   20.00    0.00    0.00    0.00    0.00    0.00    0.00    0.00
23:18:13       4    2.02    0.00    2.02    0.00    0.00    0.00    0.00    0.00    0.00   95.96
23:18:13       5   99.00    0.00    1.00    0.00    0.00    0.00    0.00    0.00    0.00    0.00
23:18:13       6    1.01    0.00    0.00    0.00    0.00    0.00    0.00    0.00    0.00   98.99
23:18:13       7    1.01    0.00    0.00    0.00    0.00    0.00    0.00    0.00    0.00   98.99
23:18:13       8    1.01    0.00    0.00    0.00    0.00    0.00    0.00    0.00    0.00   98.99
23:18:13       9    0.00    0.00    0.00    0.00    0.00    0.00    0.00    0.00    0.00  100.00
23:18:13      10    0.00    0.00    4.04   25.25    0.00    0.00    0.00    0.00    0.00   70.71
23:18:13      11    2.00    0.00    0.00    0.00    0.00    0.00    0.00    0.00    0.00   98.00
23:18:13      12    0.00    0.00    1.00    0.00    0.00    0.00    0.00    0.00    0.00   99.00
23:18:13      13    0.00    0.00    1.00    0.00    0.00    0.00    0.00    0.00    0.00   99.00
23:18:13      14    0.00    0.00    0.00    0.00    0.00    0.00    0.00    0.00    0.00  100.00
23:18:13      15    0.00    0.00    1.00    0.00    0.00    0.00    0.00    0.00    0.00   99.00
23:18:13      16    0.00    0.00    1.00    0.00    0.00    0.00    0.00    0.00    0.00   99.00
23:18:13      17    0.00    0.00    0.00    0.00    0.00    0.00    0.00    0.00    0.00  100.00
23:18:13      18    0.00    0.00    1.01    0.00    0.00    0.00    0.00    0.00    0.00   98.99
23:18:13      19    2.00    0.00    1.00    0.00    0.00    0.00    0.00    0.00    0.00   97.00
23:18:13      20    2.02    0.00    2.02    0.00    0.00    0.00    0.00    0.00    0.00   95.96
23:18:13      21    1.02    0.00    1.02    0.00    0.00    0.00    0.00    0.00    0.00   97.96
23:18:13      22    2.00    0.00    0.00    0.00    0.00    0.00    0.00    0.00    0.00   98.00
23:18:13      23    2.02    0.00    0.00    0.00    0.00    0.00    0.00    0.00    0.00   97.98
23:18:13      24    0.00    0.00    0.00    0.00    0.00    0.00    0.00    0.00    0.00  100.00
23:18:13      25    0.00    0.00    0.00    0.00    0.00    0.00    0.00    0.00    0.00  100.00
23:18:13      26    0.00    0.00    3.00    0.00    0.00    0.00    0.00    0.00    0.00   97.00
23:18:13      27    0.00    0.00    1.01    0.00    0.00    0.00    0.00    0.00    0.00   98.99
23:18:13      28    0.00    0.00    0.00    0.00    0.00    0.00    0.00    0.00    0.00  100.00
23:18:13      29    0.00    0.00    1.00    0.00    0.00    0.00    0.00    0.00    0.00   99.00
23:18:13      30    0.00    0.00    0.00    0.00    0.00    0.00    0.00    0.00    0.00  100.00
23:18:13      31    0.00    0.00    1.01    0.00    0.00    0.00    0.00    0.00    0.00   98.99

23:18:13     CPU    %usr   %nice    %sys %iowait    %irq   %soft  %steal  %guest  %gnice   %idle
23:18:14     all    6.51    0.00    1.36    1.21    0.00    1.43    0.00    0.00    0.00   89.49
23:18:14       0    0.00    0.00    0.00    0.00    0.00   31.21    0.00    0.00    0.00   68.79
23:18:14       1    0.00    0.00    0.99    0.00    0.00    1.98    0.00    0.00    0.00   97.03
23:18:14       2    0.00    0.00    1.02    0.00    0.00    0.00    0.00    0.00    0.00   98.98
23:18:14       3   81.00    0.00   19.00    0.00    0.00    0.00    0.00    0.00    0.00    0.00
23:18:14       4    1.04    0.00    0.00    0.00    0.00    0.00    0.00    0.00    0.00   98.96
23:18:14       5  100.00    0.00    0.00    0.00    0.00    0.00    0.00    0.00    0.00    0.00
23:18:14       6    1.00    0.00    1.00    0.00    0.00    0.00    0.00    0.00    0.00   98.00
23:18:14       7    3.96    0.00    0.99    0.00    0.00    0.00    0.00    0.00    0.00   95.05
23:18:14       8    0.00    0.00    1.00    0.00    0.00    0.00    0.00    0.00    0.00   99.00
23:18:14       9    0.00    0.00    1.00    0.00    0.00    0.00    0.00    0.00    0.00   99.00
23:18:14      10    0.99    0.00    5.94   37.62    0.00    0.00    0.00    0.00    0.00   55.45
23:18:14      11    3.03    0.00    2.02    0.00    0.00    0.00    0.00    0.00    0.00   94.95
23:18:14      12    0.00    0.00    0.00    0.00    0.00    0.00    0.00    0.00    0.00  100.00
23:18:14      13    0.00    0.00    1.01    0.00    0.00    0.00    0.00    0.00    0.00   98.99
23:18:14      14    1.96    0.00    0.98    0.00    0.00    0.00    0.00    0.00    0.00   97.06
23:18:14      15    0.00    0.00    0.00    0.00    0.00    0.00    0.00    0.00    0.00  100.00
23:18:14      16    1.01    0.00    0.00    0.00    0.00    0.00    0.00    0.00    0.00   98.99
23:18:14      17    0.00    0.00    1.01    0.00    0.00    0.00    0.00    0.00    0.00   98.99
23:18:14      18    1.00    0.00    1.00    0.00    0.00    0.00    0.00    0.00    0.00   98.00
23:18:14      19    3.06    0.00    0.00    0.00    0.00    0.00    0.00    0.00    0.00   96.94
23:18:14      20    0.00    0.00    0.00    0.00    0.00    0.00    0.00    0.00    0.00  100.00
23:18:14      21    3.03    0.00    1.01    0.00    0.00    0.00    0.00    0.00    0.00   95.96
23:18:14      22    0.99    0.00    0.99    0.00    0.00    0.00    0.00    0.00    0.00   98.02
23:18:14      23    2.97    0.00    1.98    0.00    0.00    0.00    0.00    0.00    0.00   95.05
23:18:14      24    0.00    0.00    0.00    0.00    0.00    0.00    0.00    0.00    0.00  100.00
23:18:14      25    0.00    0.00    0.00    0.00    0.00    0.00    0.00    0.00    0.00  100.00
23:18:14      26    0.00    0.00    1.01    1.01    0.00    0.00    0.00    0.00    0.00   97.98
23:18:14      27    1.00    0.00    0.00    0.00    0.00    0.00    0.00    0.00    0.00   99.00
23:18:14      28    0.99    0.00    0.99    0.00    0.00    0.00    0.00    0.00    0.00   98.02
23:18:14      29    0.00    0.00    0.00    0.00    0.00    0.00    0.00    0.00    0.00  100.00
23:18:14      30    1.96    0.00    0.98    0.00    0.00    0.00    0.00    0.00    0.00   97.06
23:18:14      31    1.00    0.00    0.00    0.00    0.00    0.00    0.00    0.00    0.00   99.00

23:18:14     CPU    %usr   %nice    %sys %iowait    %irq   %soft  %steal  %guest  %gnice   %idle
23:18:15     all    6.79    0.00    1.03    0.00    0.00    0.59    0.00    0.00    0.00   91.58
23:18:15       0    0.00    0.00    0.00    0.00    0.00   16.24    0.00    0.00    0.00   83.76
23:18:15       1    1.00    0.00    0.00    0.00    0.00    0.00    0.00    0.00    0.00   99.00
23:18:15       2    1.01    0.00    0.00    0.00    0.00    0.00    0.00    0.00    0.00   98.99
23:18:15       3   82.00    0.00   18.00    0.00    0.00    0.00    0.00    0.00    0.00    0.00
23:18:15       4    1.02    0.00    1.02    0.00    0.00    0.00    0.00    0.00    0.00   97.96
23:18:15       5  100.00    0.00    0.00    0.00    0.00    0.00    0.00    0.00    0.00    0.00
23:18:15       6    2.02    0.00    1.01    0.00    0.00    0.00    0.00    0.00    0.00   96.97
23:18:15       7    2.00    0.00    3.00    0.00    0.00    0.00    0.00    0.00    0.00   95.00
23:18:15       8    1.00    0.00    0.00    0.00    0.00    0.00    0.00    0.00    0.00   99.00
23:18:15       9    1.00    0.00    1.00    0.00    0.00    0.00    0.00    0.00    0.00   98.00
23:18:15      10    1.01    0.00    0.00    0.00    0.00    0.00    0.00    0.00    0.00   98.99
23:18:15      11    1.00    0.00    1.00    0.00    0.00    0.00    0.00    0.00    0.00   98.00
23:18:15      12    1.01    0.00    0.00    0.00    0.00    0.00    0.00    0.00    0.00   98.99
23:18:15      13    0.00    0.00    0.00    0.00    0.00    0.00    0.00    0.00    0.00  100.00
23:18:15      14    0.00    0.00    0.00    0.00    0.00    0.00    0.00    0.00    0.00  100.00
23:18:15      15    1.01    0.00    0.00    0.00    0.00    0.00    0.00    0.00    0.00   98.99
23:18:15      16    0.00    0.00    0.00    0.00    0.00    0.00    0.00    0.00    0.00  100.00
23:18:15      17    0.99    0.00    0.99    0.00    0.00    0.00    0.00    0.00    0.00   98.02
23:18:15      18    0.00    0.00    0.00    0.00    0.00    0.00    0.00    0.00    0.00  100.00
23:18:15      19    2.02    0.00    0.00    0.00    0.00    0.00    0.00    0.00    0.00   97.98
23:18:15      20    2.02    0.00    2.02    0.00    0.00    0.00    0.00    0.00    0.00   95.96
23:18:15      21    1.02    0.00    1.02    0.00    0.00    0.00    0.00    0.00    0.00   97.96
23:18:15      22    1.01    0.00    1.01    0.00    0.00    0.00    0.00    0.00    0.00   97.98
23:18:15      23    4.04    0.00    0.00    0.00    0.00    0.00    0.00    0.00    0.00   95.96
23:18:15      24    2.94    0.00    0.98    0.00    0.00    0.00    0.00    0.00    0.00   96.08
23:18:15      25    2.02    0.00    0.00    0.00    0.00    0.00    0.00    0.00    0.00   97.98
23:18:15      26    0.00    0.00    1.01    0.00    0.00    0.00    0.00    0.00    0.00   98.99
23:18:15      27    1.01    0.00    0.00    0.00    0.00    0.00    0.00    0.00    0.00   98.99
23:18:15      28    0.00    0.00    0.00    0.00    0.00    0.00    0.00    0.00    0.00  100.00
23:18:15      29    0.99    0.00    0.99    0.00    0.00    0.00    0.00    0.00    0.00   98.02
23:18:15      30    2.02    0.00    0.00    0.00    0.00    0.00    0.00    0.00    0.00   97.98
23:18:15      31    2.00    0.00    0.00    0.00    0.00    0.00    0.00    0.00    0.00   98.00

23:18:15     CPU    %usr   %nice    %sys %iowait    %irq   %soft  %steal  %guest  %gnice   %idle
23:18:16     all    6.86    0.00    1.15    0.00    0.00    0.99    0.00    0.00    0.00   90.99
23:18:16       0    1.55    0.00    0.78    0.00    0.00   22.48    0.00    0.00    0.00   75.19
23:18:16       1    0.98    0.00    0.98    0.00    0.00    1.96    0.00    0.00    0.00   96.08
23:18:16       2    0.00    0.00    0.00    0.00    0.00    0.00    0.00    0.00    0.00  100.00
23:18:16       3   83.84    0.00   16.16    0.00    0.00    0.00    0.00    0.00    0.00    0.00
23:18:16       4    1.03    0.00    0.00    0.00    0.00    0.00    0.00    0.00    0.00   98.97
23:18:16       5  100.00    0.00    0.00    0.00    0.00    0.00    0.00    0.00    0.00    0.00
23:18:16       6    3.06    0.00    0.00    0.00    0.00    0.00    0.00    0.00    0.00   96.94
23:18:16       7    2.00    0.00    0.00    0.00    0.00    0.00    0.00    0.00    0.00   98.00
23:18:16       8    0.00    0.00    0.00    0.00    0.00    0.00    0.00    0.00    0.00  100.00
23:18:16       9    0.99    0.00    0.99    0.00    0.00    0.00    0.00    0.00    0.00   98.02
23:18:16      10    0.99    0.00    1.98    0.00    0.00    0.00    0.00    0.00    0.00   97.03
23:18:16      11    3.03    0.00    1.01    0.00    0.00    0.00    0.00    0.00    0.00   95.96
23:18:16      12    0.00    0.00    1.00    0.00    0.00    0.00    0.00    0.00    0.00   99.00
23:18:16      13    0.00    0.00    0.00    0.00    0.00    0.00    0.00    0.00    0.00  100.00
23:18:16      14    0.99    0.00    0.99    0.00    0.00    0.00    0.00    0.00    0.00   98.02
23:18:16      15    0.99    0.00    0.99    0.00    0.00    0.00    0.00    0.00    0.00   98.02
23:18:16      16    0.00    0.00    1.00    0.00    0.00    1.00    0.00    0.00    0.00   98.00
23:18:16      17    1.00    0.00    0.00    0.00    0.00    0.00    0.00    0.00    0.00   99.00
23:18:16      18    0.99    0.00    0.99    0.00    0.00    0.00    0.00    0.00    0.00   98.02
23:18:16      19    1.01    0.00    1.01    0.00    0.00    0.00    0.00    0.00    0.00   97.98
23:18:16      20    1.02    0.00    1.02    0.00    0.00    0.00    0.00    0.00    0.00   97.96
23:18:16      21    2.00    0.00    2.00    0.00    0.00    0.00    0.00    0.00    0.00   96.00
23:18:16      22    3.03    0.00    0.00    0.00    0.00    0.00    0.00    0.00    0.00   96.97
23:18:16      23    2.97    0.00    1.98    0.00    0.00    0.00    0.00    0.00    0.00   95.05
23:18:16      24    1.00    0.00    1.00    0.00    0.00    0.00    0.00    0.00    0.00   98.00
23:18:16      25    2.00    0.00    0.00    0.00    0.00    0.00    0.00    0.00    0.00   98.00
23:18:16      26    1.00    0.00    1.00    0.00    0.00    0.00    0.00    0.00    0.00   98.00
23:18:16      27    2.00    0.00    1.00    0.00    0.00    0.00    0.00    0.00    0.00   97.00
23:18:16      28    0.99    0.00    0.99    0.00    0.00    0.00    0.00    0.00    0.00   98.02
23:18:16      29    0.00    0.00    0.00    0.00    0.00    0.00    0.00    0.00    0.00  100.00
23:18:16      30    2.97    0.00    0.00    0.00    0.00    0.00    0.00    0.00    0.00   97.03
23:18:16      31    1.02    0.00    0.00    0.00    0.00    0.00    0.00    0.00    0.00   98.98

23:18:16     CPU    %usr   %nice    %sys %iowait    %irq   %soft  %steal  %guest  %gnice   %idle
23:18:17     all    6.22    0.00    1.24    0.00    0.00    1.03    0.00    0.00    0.00   91.50
23:18:17       0    0.00    0.00    0.00    0.00    0.00   25.19    0.00    0.00    0.00   74.81
23:18:17       1    0.00    0.00    0.00    0.00    0.00    0.00    0.00    0.00    0.00  100.00
23:18:17       2    1.01    0.00    0.00    0.00    0.00    0.00    0.00    0.00    0.00   98.99
23:18:17       3   74.00    0.00   26.00    0.00    0.00    0.00    0.00    0.00    0.00    0.00
23:18:17       4    1.02    0.00    1.02    0.00    0.00    0.00    0.00    0.00    0.00   97.96
23:18:17       5   99.01    0.00    0.99    0.00    0.00    0.00    0.00    0.00    0.00    0.00
23:18:17       6    2.02    0.00    0.00    0.00    0.00    0.00    0.00    0.00    0.00   97.98
23:18:17       7    1.01    0.00    0.00    0.00    0.00    0.00    0.00    0.00    0.00   98.99
23:18:17       8    1.00    0.00    0.00    0.00    0.00    0.00    0.00    0.00    0.00   99.00
23:18:17       9    1.98    0.00    0.99    0.00    0.00    0.00    0.00    0.00    0.00   97.03
23:18:17      10    0.00    0.00    1.01    0.00    0.00    0.00    0.00    0.00    0.00   98.99
23:18:17      11    1.02    0.00    0.00    0.00    0.00    0.00    0.00    0.00    0.00   98.98
23:18:17      12    1.00    0.00    0.00    0.00    0.00    0.00    0.00    0.00    0.00   99.00
23:18:17      13    1.98    0.00    0.99    0.00    0.00    0.00    0.00    0.00    0.00   97.03
23:18:17      14    1.98    0.00    0.00    0.00    0.00    0.00    0.00    0.00    0.00   98.02
23:18:17      15    0.00    0.00    0.00    0.00    0.00    0.00    0.00    0.00    0.00  100.00
23:18:17      16    0.00    0.00    0.00    0.00    0.00    0.00    0.00    0.00    0.00  100.00
23:18:17      17    0.00    0.00    0.00    0.00    0.00    0.00    0.00    0.00    0.00  100.00
23:18:17      18    0.00    0.00    0.00    0.00    0.00    0.00    0.00    0.00    0.00  100.00
23:18:17      19    2.00    0.00    2.00    0.00    0.00    0.00    0.00    0.00    0.00   96.00
23:18:17      20    1.02    0.00    1.02    0.00    0.00    0.00    0.00    0.00    0.00   97.96
23:18:17      21    1.04    0.00    0.00    0.00    0.00    0.00    0.00    0.00    0.00   98.96
23:18:17      22    2.00    0.00    1.00    0.00    0.00    0.00    0.00    0.00    0.00   97.00
23:18:17      23    2.00    0.00    1.00    0.00    0.00    0.00    0.00    0.00    0.00   97.00
23:18:17      24    0.00    0.00    0.00    0.00    0.00    0.00    0.00    0.00    0.00  100.00
23:18:17      25    0.99    0.00    0.99    0.00    0.00    0.00    0.00    0.00    0.00   98.02
23:18:17      26    0.00    0.00    1.01    0.00    0.00    0.00    0.00    0.00    0.00   98.99
23:18:17      27    0.00    0.00    1.00    0.00    0.00    0.00    0.00    0.00    0.00   99.00
23:18:17      28    0.00    0.00    0.00    0.00    0.00    0.00    0.00    0.00    0.00  100.00
23:18:17      29    2.00    0.00    0.00    0.00    0.00    0.00    0.00    0.00    0.00   98.00
23:18:17      30    0.99    0.00    0.99    0.00    0.00    0.00    0.00    0.00    0.00   98.02
23:18:17      31    0.00    0.00    0.00    0.00    0.00    0.00    0.00    0.00    0.00  100.00

23:18:17     CPU    %usr   %nice    %sys %iowait    %irq   %soft  %steal  %guest  %gnice   %idle
23:18:18     all    6.46    0.00    0.93    0.00    0.00    1.37    0.00    0.00    0.00   91.24
23:18:18       0    0.00    0.00    0.00    0.00    0.00   31.21    0.00    0.00    0.00   68.79
23:18:18       1    0.00    0.00    0.00    0.00    0.00    0.00    0.00    0.00    0.00  100.00
23:18:18       2    0.00    0.00    1.01    0.00    0.00    0.00    0.00    0.00    0.00   98.99
23:18:18       3   84.00    0.00   16.00    0.00    0.00    0.00    0.00    0.00    0.00    0.00
23:18:18       4    3.00    0.00    2.00    0.00    0.00    0.00    0.00    0.00    0.00   95.00
23:18:18       5   99.00    0.00    1.00    0.00    0.00    0.00    0.00    0.00    0.00    0.00
23:18:18       6    0.00    0.00    1.00    0.00    0.00    0.00    0.00    0.00    0.00   99.00
23:18:18       7    1.00    0.00    0.00    0.00    0.00    0.00    0.00    0.00    0.00   99.00
23:18:18       8    1.00    0.00    0.00    0.00    0.00    0.00    0.00    0.00    0.00   99.00
23:18:18       9    0.00    0.00    0.00    0.00    0.00    0.00    0.00    0.00    0.00  100.00
23:18:18      10    3.03    0.00    1.01    0.00    0.00    0.00    0.00    0.00    0.00   95.96
23:18:18      11    4.90    0.00    1.96    0.00    0.00    0.00    0.00    0.00    0.00   93.14
23:18:18      12    0.00    0.00    0.00    0.00    0.00    0.00    0.00    0.00    0.00  100.00
23:18:18      13    0.00    0.00    0.00    0.00    0.00    0.00    0.00    0.00    0.00  100.00
23:18:18      14    0.00    0.00    0.00    0.00    0.00    0.00    0.00    0.00    0.00  100.00
23:18:18      15    0.00    0.00    0.00    0.00    0.00    0.00    0.00    0.00    0.00  100.00
23:18:18      16    0.00    0.00    1.00    0.00    0.00    0.00    0.00    0.00    0.00   99.00
23:18:18      17    0.00    0.00    0.00    0.00    0.00    0.00    0.00    0.00    0.00  100.00
23:18:18      18    0.00    0.00    0.00    0.00    0.00    0.00    0.00    0.00    0.00  100.00
23:18:18      19    0.00    0.00    0.00    0.00    0.00    0.00    0.00    0.00    0.00  100.00
23:18:18      20    1.02    0.00    0.00    0.00    0.00    0.00    0.00    0.00    0.00   98.98
23:18:18      21    2.00    0.00    1.00    0.00    0.00    0.00    0.00    0.00    0.00   97.00
23:18:18      22    3.03    0.00    1.01    0.00    0.00    0.00    0.00    0.00    0.00   95.96
23:18:18      23    2.02    0.00    1.01    0.00    0.00    0.00    0.00    0.00    0.00   96.97
23:18:18      24    0.99    0.00    0.99    0.00    0.00    0.00    0.00    0.00    0.00   98.02
23:18:18      25    1.01    0.00    0.00    0.00    0.00    0.00    0.00    0.00    0.00   98.99
23:18:18      26    1.01    0.00    0.00    0.00    0.00    0.00    0.00    0.00    0.00   98.99
23:18:18      27    1.01    0.00    0.00    0.00    0.00    0.00    0.00    0.00    0.00   98.99
23:18:18      28    0.00    0.00    0.00    0.00    0.00    0.00    0.00    0.00    0.00  100.00
23:18:18      29    0.00    0.00    0.00    0.00    0.00    0.00    0.00    0.00    0.00  100.00
23:18:18      30    0.00    0.00    0.00    0.00    0.00    0.00    0.00    0.00    0.00  100.00
23:18:18      31    0.00    0.00    1.00    0.00    0.00    0.00    0.00    0.00    0.00   99.00

23:18:18     CPU    %usr   %nice    %sys %iowait    %irq   %soft  %steal  %guest  %gnice   %idle
23:18:19     all    6.48    0.00    1.21    0.78    0.00    0.84    0.00    0.00    0.00   90.69
23:18:19       0    0.00    0.00    0.00    0.00    0.00   21.60    0.00    0.00    0.00   78.40
23:18:19       1    0.00    0.00    0.00    0.00    0.00    0.00    0.00    0.00    0.00  100.00
23:18:19       2    0.00    0.00    0.00    0.00    0.00    0.00    0.00    0.00    0.00  100.00
23:18:19       3   12.62    0.00    3.88    0.00    0.00    0.00    0.00    0.00    0.00   83.50
23:18:19       4    3.03    0.00    1.01    0.00    0.00    0.00    0.00    0.00    0.00   95.96
23:18:19       5   99.00    0.00    1.00    0.00    0.00    0.00    0.00    0.00    0.00    0.00
23:18:19       6    1.00    0.00    0.00    0.00    0.00    0.00    0.00    0.00    0.00   99.00
23:18:19       7    0.99    0.00    0.99    0.00    0.00    0.00    0.00    0.00    0.00   98.02
23:18:19       8    1.00    0.00    1.00    0.00    0.00    0.00    0.00    0.00    0.00   98.00
23:18:19       9    1.00    0.00    0.00    0.00    0.00    0.00    0.00    0.00    0.00   99.00
23:18:19      10    3.03    0.00    0.00    0.00    0.00    0.00    0.00    0.00    0.00   96.97
23:18:19      11    1.01    0.00    3.03    0.00    0.00    0.00    0.00    0.00    0.00   95.96
23:18:19      12    0.00    0.00    0.00    0.00    0.00    0.00    0.00    0.00    0.00  100.00
23:18:19      13    1.00    0.00    0.00    0.00    0.00    0.00    0.00    0.00    0.00   99.00
23:18:19      14    0.00    0.00    0.00    0.00    0.00    0.00    0.00    0.00    0.00  100.00
23:18:19      15    0.00    0.00    0.00    0.00    0.00    0.00    0.00    0.00    0.00  100.00
23:18:19      16    1.00    0.00    0.00    0.00    0.00    0.00    0.00    0.00    0.00   99.00
23:18:19      17    0.00    0.00    0.00    0.00    0.00    0.00    0.00    0.00    0.00  100.00
23:18:19      18    1.00    0.00    1.00    0.00    0.00    0.00    0.00    0.00    0.00   98.00
23:18:19      19   71.29    0.00   16.83    0.00    0.00    0.00    0.00    0.00    0.00   11.88
23:18:19      20    0.00    0.00    1.02    0.00    0.00    0.00    0.00    0.00    0.00   98.98
23:18:19      21    0.00    0.00    0.00    0.00    0.00    0.00    0.00    0.00    0.00  100.00
23:18:19      22    3.00    0.00    0.00    0.00    0.00    0.00    0.00    0.00    0.00   97.00
23:18:19      23    2.97    0.00    0.99    0.00    0.00    0.00    0.00    0.00    0.00   96.04
23:18:19      24    1.00    0.00    1.00    0.00    0.00    0.00    0.00    0.00    0.00   98.00
23:18:19      25    0.00    0.00    1.00    0.00    0.00    0.00    0.00    0.00    0.00   99.00
23:18:19      26    1.00    0.00    1.00    0.00    0.00    0.00    0.00    0.00    0.00   98.00
23:18:19      27    0.00    0.00    4.08   25.51    0.00    0.00    0.00    0.00    0.00   70.41
23:18:19      28    0.00    0.00    0.00    0.00    0.00    0.00    0.00    0.00    0.00  100.00
23:18:19      29    0.99    0.00    0.99    0.00    0.00    0.00    0.00    0.00    0.00   98.02
23:18:19      30    0.00    0.00    0.00    0.00    0.00    0.00    0.00    0.00    0.00  100.00
23:18:19      31    1.00    0.00    0.00    0.00    0.00    0.00    0.00    0.00    0.00   99.00

23:18:19     CPU    %usr   %nice    %sys %iowait    %irq   %soft  %steal  %guest  %gnice   %idle
23:18:20     all    6.69    0.00    1.02    0.00    0.00    1.36    0.00    0.00    0.00   90.93
23:18:20       0    0.71    0.00    0.71    0.00    0.00   29.79    0.00    0.00    0.00   68.79
23:18:20       1    0.99    0.00    0.99    0.00    0.00    0.99    0.00    0.00    0.00   97.03
23:18:20       2    0.98    0.00    0.98    0.00    0.00    0.98    0.00    0.00    0.00   97.06
23:18:20       3    1.98    0.00    1.98    0.00    0.00    0.00    0.00    0.00    0.00   96.04
23:18:20       4    2.04    0.00    1.02    0.00    0.00    0.00    0.00    0.00    0.00   96.94
23:18:20       5  100.00    0.00    0.00    0.00    0.00    0.00    0.00    0.00    0.00    0.00
23:18:20       6    0.00    0.00    1.01    0.00    0.00    0.00    0.00    0.00    0.00   98.99
23:18:20       7    1.01    0.00    0.00    0.00    0.00    0.00    0.00    0.00    0.00   98.99
23:18:20       8    0.00    0.00    0.00    0.00    0.00    0.00    0.00    0.00    0.00  100.00
23:18:20       9    0.00    0.00    0.00    0.00    0.00    0.00    0.00    0.00    0.00  100.00
23:18:20      10    1.04    0.00    0.00    0.00    0.00    0.00    0.00    0.00    0.00   98.96
23:18:20      11    3.03    0.00    1.01    0.00    0.00    0.00    0.00    0.00    0.00   95.96
23:18:20      12    0.00    0.00    1.00    0.00    0.00    0.00    0.00    0.00    0.00   99.00
23:18:20      13    1.00    0.00    0.00    0.00    0.00    0.00    0.00    0.00    0.00   99.00
23:18:20      14    1.96    0.00    0.98    0.00    0.00    0.00    0.00    0.00    0.00   97.06
23:18:20      15    1.96    0.00    0.98    0.00    0.00    0.00    0.00    0.00    0.00   97.06
23:18:20      16    0.00    0.00    1.01    0.00    0.00    0.00    0.00    0.00    0.00   98.99
23:18:20      17    0.99    0.00    0.99    0.00    0.00    0.00    0.00    0.00    0.00   98.02
23:18:20      18    1.98    0.00    0.99    0.00    0.00    0.00    0.00    0.00    0.00   97.03
23:18:20      19   86.00    0.00   14.00    0.00    0.00    0.00    0.00    0.00    0.00    0.00
23:18:20      20    2.04    0.00    0.00    0.00    0.00    0.00    0.00    0.00    0.00   97.96
23:18:20      21    1.01    0.00    0.00    0.00    0.00    0.00    0.00    0.00    0.00   98.99
23:18:20      22    1.01    0.00    2.02    0.00    0.00    0.00    0.00    0.00    0.00   96.97
23:18:20      23    1.02    0.00    1.02    0.00    0.00    0.00    0.00    0.00    0.00   97.96
23:18:20      24    0.00    0.00    0.00    0.00    0.00    0.00    0.00    0.00    0.00  100.00
23:18:20      25    1.00    0.00    0.00    0.00    0.00    0.00    0.00    0.00    0.00   99.00
23:18:20      26    0.00    0.00    0.00    0.00    0.00    0.00    0.00    0.00    0.00  100.00
23:18:20      27    0.00    0.00    1.01    0.00    0.00    0.00    0.00    0.00    0.00   98.99
23:18:20      28    1.01    0.00    0.00    0.00    0.00    0.00    0.00    0.00    0.00   98.99
23:18:20      29    1.00    0.00    0.00    0.00    0.00    0.00    0.00    0.00    0.00   99.00
23:18:20      30    1.98    0.00    0.00    0.00    0.00    0.00    0.00    0.00    0.00   98.02
23:18:20      31    0.99    0.00    0.99    0.00    0.00    0.00    0.00    0.00    0.00   98.02

23:18:20     CPU    %usr   %nice    %sys %iowait    %irq   %soft  %steal  %guest  %gnice   %idle
23:18:21     all    6.46    0.00    1.02    0.00    0.00    1.67    0.00    0.00    0.00   90.85
23:18:21       0    0.00    0.00    0.66    0.00    0.00   35.53    0.00    0.00    0.00   63.82
23:18:21       1    1.00    0.00    0.00    0.00    0.00    0.00    0.00    0.00    0.00   99.00
23:18:21       2    1.01    0.00    0.00    0.00    0.00    0.00    0.00    0.00    0.00   98.99
23:18:21       3    0.00    0.00    1.02    0.00    0.00    0.00    0.00    0.00    0.00   98.98
23:18:21       4    0.00    0.00    2.02    0.00    0.00    0.00    0.00    0.00    0.00   97.98
23:18:21       5   11.76    0.00    0.98    0.00    0.00    0.00    0.00    0.00    0.00   87.25
23:18:21       6    1.00    0.00    1.00    0.00    0.00    0.00    0.00    0.00    0.00   98.00
23:18:21       7    2.00    0.00    1.00    0.00    0.00    0.00    0.00    0.00    0.00   97.00
23:18:21       8    1.01    0.00    0.00    0.00    0.00    0.00    0.00    0.00    0.00   98.99
23:18:21       9    1.00    0.00    1.00    0.00    0.00    0.00    0.00    0.00    0.00   98.00
23:18:21      10   89.90    0.00    1.01    0.00    0.00    0.00    0.00    0.00    0.00    9.09
23:18:21      11    3.03    0.00    0.00    0.00    0.00    0.00    0.00    0.00    0.00   96.97
23:18:21      12    1.00    0.00    0.00    0.00    0.00    0.00    0.00    0.00    0.00   99.00
23:18:21      13    1.01    0.00    0.00    0.00    0.00    0.00    0.00    0.00    0.00   98.99
23:18:21      14    0.00    0.00    0.00    0.00    0.00    0.00    0.00    0.00    0.00  100.00
23:18:21      15    1.00    0.00    0.00    0.00    0.00    0.00    0.00    0.00    0.00   99.00
23:18:21      16    0.00    0.00    0.00    0.00    0.00    0.00    0.00    0.00    0.00  100.00
23:18:21      17    1.00    0.00    0.00    0.00    0.00    0.00    0.00    0.00    0.00   99.00
23:18:21      18    1.01    0.00    0.00    0.00    0.00    0.00    0.00    0.00    0.00   98.99
23:18:21      19   79.00    0.00   21.00    0.00    0.00    0.00    0.00    0.00    0.00    0.00
23:18:21      20    1.01    0.00    1.01    0.00    0.00    0.00    0.00    0.00    0.00   97.98
23:18:21      21    1.01    0.00    1.01    0.00    0.00    0.00    0.00    0.00    0.00   97.98
23:18:21      22    1.00    0.00    0.00    0.00    0.00    0.00    0.00    0.00    0.00   99.00
23:18:21      23    4.00    0.00    0.00    0.00    0.00    0.00    0.00    0.00    0.00   96.00
23:18:21      24    1.00    0.00    0.00    0.00    0.00    0.00    0.00    0.00    0.00   99.00
23:18:21      25    1.00    0.00    0.00    0.00    0.00    0.00    0.00    0.00    0.00   99.00
23:18:21      26    1.01    0.00    1.01    0.00    0.00    0.00    0.00    0.00    0.00   97.98
23:18:21      27    0.00    0.00    0.00    0.00    0.00    0.00    0.00    0.00    0.00  100.00
23:18:21      28    1.00    0.00    0.00    0.00    0.00    0.00    0.00    0.00    0.00   99.00
23:18:21      29    1.01    0.00    0.00    0.00    0.00    0.00    0.00    0.00    0.00   98.99
23:18:21      30    0.00    0.00    0.00    0.00    0.00    0.00    0.00    0.00    0.00  100.00
23:18:21      31    2.00    0.00    0.00    0.00    0.00    0.00    0.00    0.00    0.00   98.00

23:18:21     CPU    %usr   %nice    %sys %iowait    %irq   %soft  %steal  %guest  %gnice   %idle
23:18:22     all    6.71    0.00    0.87    0.00    0.00    1.21    0.00    0.00    0.00   91.21
23:18:22       0    0.77    0.00    0.00    0.00    0.00   23.85    0.00    0.00    0.00   75.38
23:18:22       1    0.00    0.00    0.00    0.00    0.00    7.55    0.00    0.00    0.00   92.45
23:18:22       2    0.00    0.00    1.01    0.00    0.00    0.00    0.00    0.00    0.00   98.99
23:18:22       3    6.19    0.00    1.03    0.00    0.00    0.00    0.00    0.00    0.00   92.78
23:18:22       4    1.04    0.00    0.00    0.00    0.00    0.00    0.00    0.00    0.00   98.96
23:18:22       5    1.01    0.00    0.00    0.00    0.00    0.00    0.00    0.00    0.00   98.99
23:18:22       6    0.00    0.00    1.00    0.00    0.00    0.00    0.00    0.00    0.00   99.00
23:18:22       7    3.00    0.00    0.00    0.00    0.00    0.00    0.00    0.00    0.00   97.00
23:18:22       8    0.00    0.00    1.00    0.00    0.00    0.00    0.00    0.00    0.00   99.00
23:18:22       9    1.00    0.00    0.00    0.00    0.00    0.00    0.00    0.00    0.00   99.00
23:18:22      10  100.00    0.00    0.00    0.00    0.00    0.00    0.00    0.00    0.00    0.00
23:18:22      11    4.00    0.00    1.00    0.00    0.00    0.00    0.00    0.00    0.00   95.00
23:18:22      12    1.01    0.00    0.00    0.00    0.00    0.00    0.00    0.00    0.00   98.99
23:18:22      13    1.00    0.00    0.00    0.00    0.00    0.00    0.00    0.00    0.00   99.00
23:18:22      14    0.99    0.00    0.99    0.00    0.00    0.00    0.00    0.00    0.00   98.02
23:18:22      15    1.01    0.00    0.00    0.00    0.00    0.00    0.00    0.00    0.00   98.99
23:18:22      16    1.00    0.00    0.00    0.00    0.00    0.00    0.00    0.00    0.00   99.00
23:18:22      17    0.00    0.00    1.01    0.00    0.00    0.00    0.00    0.00    0.00   98.99
23:18:22      18    1.01    0.00    0.00    0.00    0.00    0.00    0.00    0.00    0.00   98.99
23:18:22      19   80.81    0.00   13.13    0.00    0.00    0.00    0.00    0.00    0.00    6.06
23:18:22      20    1.02    0.00    1.02    0.00    0.00    0.00    0.00    0.00    0.00   97.96
23:18:22      21    0.00    0.00    0.00    0.00    0.00    0.00    0.00    0.00    0.00  100.00
23:18:22      22    3.06    0.00    1.02    0.00    0.00    0.00    0.00    0.00    0.00   95.92
23:18:22      23    2.97    0.00    1.98    0.00    0.00    0.00    0.00    0.00    0.00   95.05
23:18:22      24    1.00    0.00    0.00    0.00    0.00    0.00    0.00    0.00    0.00   99.00
23:18:22      25    1.00    0.00    0.00    0.00    0.00    0.00    0.00    0.00    0.00   99.00
23:18:22      26    1.00    0.00    1.00    0.00    0.00    0.00    0.00    0.00    0.00   98.00
23:18:22      27    0.99    0.00    0.99    0.00    0.00    0.00    0.00    0.00    0.00   98.02
23:18:22      28    1.00    0.00    0.00    0.00    0.00    0.00    0.00    0.00    0.00   99.00
23:18:22      29    0.00    0.00    0.00    0.00    0.00    0.00    0.00    0.00    0.00  100.00
23:18:22      30    0.99    0.00    1.98    0.00    0.00    0.00    0.00    0.00    0.00   97.03
23:18:22      31    0.00    0.00    0.00    0.00    0.00    0.00    0.00    0.00    0.00  100.00

23:18:22     CPU    %usr   %nice    %sys %iowait    %irq   %soft  %steal  %guest  %gnice   %idle
23:18:23     all    6.66    0.00    0.96    0.00    0.00    1.43    0.00    0.00    0.00   90.95
23:18:23       0    0.00    0.00    0.00    0.00    0.00   27.07    0.00    0.00    0.00   72.93
23:18:23       1    0.91    0.00    0.91    0.00    0.00    8.18    0.00    0.00    0.00   90.00
23:18:23       2    0.99    0.00    0.99    0.00    0.00    0.00    0.00    0.00    0.00   98.02
23:18:23       3   83.17    0.00   16.83    0.00    0.00    0.00    0.00    0.00    0.00    0.00
23:18:23       4    1.03    0.00    1.03    0.00    0.00    0.00    0.00    0.00    0.00   97.94
23:18:23       5    0.00    0.00    0.00    0.00    0.00    1.00    0.00    0.00    0.00   99.00
23:18:23       6    3.03    0.00    0.00    0.00    0.00    0.00    0.00    0.00    0.00   96.97
23:18:23       7    3.06    0.00    1.02    0.00    0.00    0.00    0.00    0.00    0.00   95.92
23:18:23       8    0.00    0.00    0.00    0.00    0.00    0.00    0.00    0.00    0.00  100.00
23:18:23       9    0.99    0.00    0.99    0.00    0.00    0.00    0.00    0.00    0.00   98.02
23:18:23      10   99.01    0.00    0.99    0.00    0.00    0.00    0.00    0.00    0.00    0.00
23:18:23      11    4.04    0.00    0.00    0.00    0.00    0.00    0.00    0.00    0.00   95.96
23:18:23      12    0.00    0.00    0.00    0.00    0.00    0.00    0.00    0.00    0.00  100.00
23:18:23      13    1.00    0.00    0.00    0.00    0.00    0.00    0.00    0.00    0.00   99.00
23:18:23      14    1.00    0.00    0.00    0.00    0.00    0.00    0.00    0.00    0.00   99.00
23:18:23      15    0.00    0.00    0.00    0.00    0.00    0.00    0.00    0.00    0.00  100.00
23:18:23      16    0.00    0.00    0.00    0.00    0.00    0.00    0.00    0.00    0.00  100.00
23:18:23      17    0.00    0.00    1.01    0.00    0.00    0.00    0.00    0.00    0.00   98.99
23:18:23      18    1.00    0.00    1.00    0.00    0.00    0.00    0.00    0.00    0.00   98.00
23:18:23      19    1.00    0.00    1.00    0.00    0.00    0.00    0.00    0.00    0.00   98.00
23:18:23      20    1.02    0.00    1.02    0.00    0.00    0.00    0.00    0.00    0.00   97.96
23:18:23      21    1.01    0.00    0.00    0.00    0.00    0.00    0.00    0.00    0.00   98.99
23:18:23      22    4.00    0.00    1.00    0.00    0.00    0.00    0.00    0.00    0.00   95.00
23:18:23      23    1.01    0.00    1.01    0.00    0.00    0.00    0.00    0.00    0.00   97.98
23:18:23      24    0.00    0.00    0.00    0.00    0.00    0.00    0.00    0.00    0.00  100.00
23:18:23      25    1.00    0.00    1.00    0.00    0.00    0.00    0.00    0.00    0.00   98.00
23:18:23      26    1.00    0.00    1.00    0.00    0.00    0.00    0.00    0.00    0.00   98.00
23:18:23      27    1.00    0.00    0.00    0.00    0.00    0.00    0.00    0.00    0.00   99.00
23:18:23      28    0.00    0.00    0.00    0.00    0.00    0.00    0.00    0.00    0.00  100.00
23:18:23      29    1.00    0.00    0.00    0.00    0.00    0.00    0.00    0.00    0.00   99.00
23:18:23      30    1.00    0.00    0.00    0.00    0.00    0.00    0.00    0.00    0.00   99.00
23:18:23      31    1.00    0.00    0.00    0.00    0.00    0.00    0.00    0.00    0.00   99.00

23:18:23     CPU    %usr   %nice    %sys %iowait    %irq   %soft  %steal  %guest  %gnice   %idle
23:18:24     all    6.30    0.00    1.89    1.15    0.00    1.21    0.00    0.00    0.00   89.45
23:18:24       0    0.00    0.00    0.73    0.00    0.00   28.47    0.00    0.00    0.00   70.80
23:18:24       1    0.00    0.00    1.01    0.00    0.00    0.00    0.00    0.00    0.00   98.99
23:18:24       2    0.00    0.00    2.02    0.00    0.00    0.00    0.00    0.00    0.00   97.98
23:18:24       3   76.00    0.00   24.00    0.00    0.00    0.00    0.00    0.00    0.00    0.00
23:18:24       4    2.02    0.00    2.02    0.00    0.00    0.00    0.00    0.00    0.00   95.96
23:18:24       5    1.01    0.00    0.00    0.00    0.00    0.00    0.00    0.00    0.00   98.99
23:18:24       6    0.00    0.00    2.02    0.00    0.00    0.00    0.00    0.00    0.00   97.98
23:18:24       7    1.00    0.00    2.00    0.00    0.00    0.00    0.00    0.00    0.00   97.00
23:18:24       8    1.00    0.00    1.00    0.00    0.00    0.00    0.00    0.00    0.00   98.00
23:18:24       9    1.01    0.00    0.00    0.00    0.00    0.00    0.00    0.00    0.00   98.99
23:18:24      10  100.00    0.00    0.00    0.00    0.00    0.00    0.00    0.00    0.00    0.00
23:18:24      11    4.04    0.00    2.02    0.00    0.00    0.00    0.00    0.00    0.00   93.94
23:18:24      12    0.99    0.00    0.99    0.00    0.00    0.00    0.00    0.00    0.00   98.02
23:18:24      13    0.00    0.00    1.01    0.00    0.00    0.00    0.00    0.00    0.00   98.99
23:18:24      14    1.01    0.00    0.00    0.00    0.00    0.00    0.00    0.00    0.00   98.99
23:18:24      15    1.96    0.00    0.98    0.00    0.00    0.00    0.00    0.00    0.00   97.06
23:18:24      16    0.00    0.00    1.00    0.00    0.00    0.00    0.00    0.00    0.00   99.00
23:18:24      17    0.00    0.00    0.00    0.00    0.00    0.00    0.00    0.00    0.00  100.00
23:18:24      18    0.00    0.00    1.00    0.00    0.00    0.00    0.00    0.00    0.00   99.00
23:18:24      19    1.02    0.00    1.02    0.00    0.00    0.00    0.00    0.00    0.00   97.96
23:18:24      20    0.00    0.00    2.02    0.00    0.00    0.00    0.00    0.00    0.00   97.98
23:18:24      21    1.01    0.00    1.01    0.00    0.00    0.00    0.00    0.00    0.00   97.98
23:18:24      22    3.06    0.00    0.00    0.00    0.00    0.00    0.00    0.00    0.00   96.94
23:18:24      23    3.00    0.00    1.00    0.00    0.00    0.00    0.00    0.00    0.00   96.00
23:18:24      24    0.00    0.00    1.00    0.00    0.00    0.00    0.00    0.00    0.00   99.00
23:18:24      25    0.99    0.00    0.99    0.00    0.00    0.00    0.00    0.00    0.00   98.02
23:18:24      26    0.00    0.00    8.00   26.00    0.00    0.00    0.00    0.00    0.00   66.00
23:18:24      27    0.00    0.00    3.00   11.00    0.00    0.00    0.00    0.00    0.00   86.00
23:18:24      28    0.99    0.00    0.99    0.00    0.00    0.00    0.00    0.00    0.00   98.02
23:18:24      29    0.00    0.00    0.00    0.00    0.00    0.00    0.00    0.00    0.00  100.00
23:18:24      30    1.01    0.00    0.00    0.00    0.00    0.00    0.00    0.00    0.00   98.99
23:18:24      31    1.98    0.00    0.00    0.00    0.00    0.00    0.00    0.00    0.00   98.02

23:18:24     CPU    %usr   %nice    %sys %iowait    %irq   %soft  %steal  %guest  %gnice   %idle
23:18:25     all    5.97    0.00    2.07    0.84    0.00    1.64    0.00    0.00    0.00   89.48
23:18:25       0    0.67    0.00    0.00    0.00    0.00   33.56    0.00    0.00    0.00   65.77
23:18:25       1    0.00    0.00    0.00    0.00    0.00    1.01    0.00    0.00    0.00   98.99
23:18:25       2    0.98    0.00    0.00    0.00    0.00    1.96    0.00    0.00    0.00   97.06
23:18:25       3   42.42    0.00   27.27    0.00    0.00    0.00    0.00    0.00    0.00   30.30
23:18:25       4    1.04    0.00    0.00    0.00    0.00    0.00    0.00    0.00    0.00   98.96
23:18:25       5    0.00    0.00    0.00    0.00    0.00    0.00    0.00    0.00    0.00  100.00
23:18:25       6    0.00    0.00    1.01    0.00    0.00    0.00    0.00    0.00    0.00   98.99
23:18:25       7    1.00    0.00    0.00    0.00    0.00    0.00    0.00    0.00    0.00   99.00
23:18:25       8    1.00    0.00    0.00    0.00    0.00    0.00    0.00    0.00    0.00   99.00
23:18:25       9    1.00    0.00    1.00    0.00    0.00    0.00    0.00    0.00    0.00   98.00
23:18:25      10  100.00    0.00    0.00    0.00    0.00    0.00    0.00    0.00    0.00    0.00
23:18:25      11    1.96    0.00    3.92   18.63    0.00    0.00    0.00    0.00    0.00   75.49
23:18:25      12    0.00    0.00    0.00    0.00    0.00    0.00    0.00    0.00    0.00  100.00
23:18:25      13    0.99    0.00    0.99    0.00    0.00    0.00    0.00    0.00    0.00   98.02
23:18:25      14    0.99    0.00    0.99    0.00    0.00    0.00    0.00    0.00    0.00   98.02
23:18:25      15    1.01    0.00    0.00    0.00    0.00    0.00    0.00    0.00    0.00   98.99
23:18:25      16    0.00    0.00    0.00    0.00    0.00    0.00    0.00    0.00    0.00  100.00
23:18:25      17    1.00    0.00    1.00    0.00    0.00    0.00    0.00    0.00    0.00   98.00
23:18:25      18    0.00    0.00    0.00    0.00    0.00    0.00    0.00    0.00    0.00  100.00
23:18:25      19    1.00    0.00   16.00    0.00    0.00    0.00    0.00    0.00    0.00   83.00
23:18:25      20    2.02    0.00    0.00    0.00    0.00    0.00    0.00    0.00    0.00   97.98
23:18:25      21    1.01    0.00    1.01    0.00    0.00    0.00    0.00    0.00    0.00   97.98
23:18:25      22    0.00    0.00    2.97    0.00    0.00    0.00    0.00    0.00    0.00   97.03
23:18:25      23    1.00    0.00    0.00    0.00    0.00    0.00    0.00    0.00    0.00   99.00
23:18:25      24    6.06    0.00    1.01    0.00    0.00    0.00    0.00    0.00    0.00   92.93
23:18:25      25   11.11    0.00    5.05    0.00    0.00    0.00    0.00    0.00    0.00   83.84
23:18:25      26    1.00    0.00    0.00    0.00    0.00    0.00    0.00    0.00    0.00   99.00
23:18:25      27    5.00    0.00    3.00    8.00    0.00    0.00    0.00    0.00    0.00   84.00
23:18:25      28    0.00    0.00    0.00    0.00    0.00    0.00    0.00    0.00    0.00  100.00
23:18:25      29    1.00    0.00    0.00    0.00    0.00    0.00    0.00    0.00    0.00   99.00
23:18:25      30    6.00    0.00    1.00    0.00    0.00    0.00    0.00    0.00    0.00   93.00
23:18:25      31    5.05    0.00    1.01    0.00    0.00    0.00    0.00    0.00    0.00   93.94

Average:     CPU    %usr   %nice    %sys %iowait    %irq   %soft  %steal  %guest  %gnice   %idle
Average:     all    6.40    0.00    1.28    0.39    0.00    1.23    0.00    0.00    0.00   90.69
Average:       0    0.31    0.00    0.27    0.00    0.00   27.73    0.00    0.00    0.00   71.69
Average:       1    0.47    0.00    0.37    0.00    0.00    1.41    0.00    0.00    0.00   97.75
Average:       2    0.90    0.00    0.53    0.00    0.00    0.16    0.00    0.00    0.00   98.41
Average:       3   53.68    0.00   15.02    0.00    0.00    0.32    0.00    0.00    0.00   30.99
Average:       4    3.11    0.00    1.02    0.00    0.00    0.05    0.00    0.00    0.00   95.81
Average:       5   68.32    0.00    0.37    0.00    0.00    0.05    0.00    0.00    0.00   31.26
Average:       6    1.16    0.00    0.74    0.00    0.00    0.00    0.00    0.00    0.00   98.10
Average:       7    1.32    0.00    0.58    0.00    0.00    0.00    0.00    0.00    0.00   98.10
Average:       8    0.53    0.00    0.37    0.00    0.00    0.00    0.00    0.00    0.00   99.10
Average:       9    0.63    0.00    0.48    0.00    0.00    0.00    0.00    0.00    0.00   98.89
Average:      10   26.44    0.00    1.43    3.70    0.00    0.00    0.00    0.00    0.00   68.43
Average:      11    2.54    0.00    1.53    3.91    0.00    0.00    0.00    0.00    0.00   92.02
Average:      12    3.97    0.00    0.37    0.00    0.00    0.00    0.00    0.00    0.00   95.66
Average:      13    0.74    0.00    0.37    0.00    0.00    0.00    0.00    0.00    0.00   98.89
Average:      14    0.74    0.00    0.37    0.00    0.00    0.00    0.00    0.00    0.00   98.89
Average:      15    0.79    0.00    0.37    0.00    0.00    0.00    0.00    0.00    0.00   98.84
Average:      16    0.27    0.00    0.32    0.00    0.00    0.05    0.00    0.00    0.00   99.36
Average:      17    0.37    0.00    0.48    0.00    0.00    0.00    0.00    0.00    0.00   99.15
Average:      18    0.69    0.00    0.64    0.00    0.00    0.00    0.00    0.00    0.00   98.68
Average:      19   23.06    0.00    6.73    0.00    0.00    0.00    0.00    0.00    0.00   70.20
Average:      20    1.23    0.00    0.97    0.00    0.00    0.00    0.00    0.00    0.00   97.80
Average:      21    1.44    0.00    0.91    0.00    0.00    0.00    0.00    0.00    0.00   97.65
Average:      22    1.69    0.00    0.69    0.00    0.00    0.00    0.00    0.00    0.00   97.62
Average:      23    2.16    0.00    0.90    0.00    0.00    0.00    0.00    0.00    0.00   96.94
Average:      24    1.06    0.00    0.48    0.00    0.00    0.00    0.00    0.00    0.00   98.47
Average:      25    2.90    0.00    1.21    0.00    0.00    0.00    0.00    0.00    0.00   95.89
Average:      26    0.58    0.00    1.43    2.75    0.00    0.00    0.00    0.00    0.00   95.24
Average:      27    0.90    0.00    1.06    2.32    0.00    0.00    0.00    0.00    0.00   95.72
Average:      28    0.69    0.00    0.32    0.00    0.00    0.00    0.00    0.00    0.00   98.99
Average:      29    1.21    0.00    0.26    0.00    0.00    0.00    0.00    0.00    0.00   98.52
Average:      30    1.42    0.00    0.37    0.00    0.00    0.00    0.00    0.00    0.00   98.21
Average:      31    1.27    0.00    0.42    0.00    0.00    0.00    0.00    0.00    0.00   98.31
