[INFO ] 2026-07-11 01:04:43,560 [main]  com.oltpbenchmark.DBWorkload main - ======================================================================

Benchmark:              TPCC {com.oltpbenchmark.benchmarks.tpcc.TPCCBenchmark}
Configuration:          /mnt/hpca2027-db/screening/mysql_tpcc_200w_64t/measured-run1.xml
Type:                   MYSQL
Driver:                 com.mysql.cj.jdbc.Driver
URL:                    jdbc:mysql://localhost:3307/benchbase?rewriteBatchedStatements=true&allowPublicKeyRetrieval=True&sslMode=DISABLED
Isolation:              TRANSACTION_SERIALIZABLE
Batch Size:             128
Scale Factor:           200.0
Terminals:              64
New Connection Per Txn: false

[INFO ] 2026-07-11 01:04:43,562 [main]  com.oltpbenchmark.DBWorkload main - ======================================================================
[INFO ] 2026-07-11 01:04:43,829 [main]  com.oltpbenchmark.DBWorkload runWorkload - Creating 64 virtual terminals...
[INFO ] 2026-07-11 01:04:43,971 [main]  com.oltpbenchmark.DBWorkload runWorkload - Launching the TPCC Benchmark with 1 Phase...
[INFO ] 2026-07-11 01:04:44,018 [main]  com.oltpbenchmark.ThreadBench runRateLimitedMultiPhase - [0;1mPHASE START[0;0m :: [Workload=TPCC] [Serial=false] [Time=600] [WarmupTime=0] [Rate=unlimited] [Arrival=REGULAR] [Ratios=[45.0, 43.0, 4.0, 4.0, 4.0]] [ActiveWorkers=64]
[INFO ] 2026-07-11 01:04:45,017 [main]  com.oltpbenchmark.ThreadBench runRateLimitedMultiPhase - [0;1mMEASURE[0;0m :: Warmup complete, starting measurements.
[INFO ] 2026-07-11 01:14:46,017 [main]  com.oltpbenchmark.ThreadBench runRateLimitedMultiPhase - [0;1mTERMINATE[0;0m :: Waiting for all terminals to finish ..
[INFO ] 2026-07-11 01:14:46,051 [Thread-64]  com.oltpbenchmark.ThreadBench run - Starting WatchDogThread
[INFO ] 2026-07-11 01:14:46,539 [main]  com.oltpbenchmark.DBWorkload runWorkload - ======================================================================
[INFO ] 2026-07-11 01:14:46,539 [main]  com.oltpbenchmark.DBWorkload runWorkload - Rate limited reqs/s: Results(nanoSeconds=600999867203, measuredRequests=1268564) = 2110.7558740466684 requests/sec (throughput), 2103.749216924434 requests/sec (goodput)
[INFO ] 2026-07-11 01:14:46,554 [main]  com.oltpbenchmark.DBWorkload writeOutputs - Output Raw data into file: tpcc_2026-07-11_01-14-46.raw.csv
[INFO ] 2026-07-11 01:14:52,533 [main]  com.oltpbenchmark.DBWorkload writeOutputs - Output samples into file: tpcc_2026-07-11_01-14-46.samples.csv
[INFO ] 2026-07-11 01:14:52,712 [main]  com.oltpbenchmark.DBWorkload writeOutputs - Output summary data into file: tpcc_2026-07-11_01-14-46.summary.json
[INFO ] 2026-07-11 01:14:52,719 [main]  com.oltpbenchmark.DBWorkload writeOutputs - Output DBMS parameters into file: tpcc_2026-07-11_01-14-46.params.json
[INFO ] 2026-07-11 01:14:52,728 [main]  com.oltpbenchmark.DBWorkload writeOutputs - Output DBMS metrics into file: tpcc_2026-07-11_01-14-46.metrics.json
[INFO ] 2026-07-11 01:14:52,732 [main]  com.oltpbenchmark.DBWorkload writeOutputs - Output benchmark config into file: tpcc_2026-07-11_01-14-46.config.xml
[INFO ] 2026-07-11 01:14:52,753 [main]  com.oltpbenchmark.DBWorkload writeOutputs - Output results into file: tpcc_2026-07-11_01-14-46.results.csv with window size 5
[INFO ] 2026-07-11 01:14:53,188 [main]  com.oltpbenchmark.DBWorkload writeHistograms - ======================================================================
[INFO ] 2026-07-11 01:14:53,188 [main]  com.oltpbenchmark.DBWorkload writeHistograms - Workload Histograms:

[0;1mCompleted Transactions:[0;0m
com.oltpbenchmark.benchmarks.tpcc.procedures.NewOrder/01                         [565902] ********************************************************************************
com.oltpbenchmark.benchmarks.tpcc.procedures.Payment/02                          [545973] *****************************************************************************
com.oltpbenchmark.benchmarks.tpcc.procedures.OrderStatus/03                      [ 50934] *******
com.oltpbenchmark.benchmarks.tpcc.procedures.Delivery/04                         [ 50840] *******
com.oltpbenchmark.benchmarks.tpcc.procedures.StockLevel/05                       [ 50704] *******

[0;1mAborted Transactions:[0;0m
com.oltpbenchmark.benchmarks.tpcc.procedures.NewOrder/01                         [5774] ********************************************************************************

[0;1mRejected Transactions (Server Retry):[0;0m
<EMPTY>

[0;1mRejected Transactions (Retry Different):[0;0m
<EMPTY>

[0;1mUnexpected SQL Errors:[0;0m
<EMPTY>

[0;1mUnknown Status Transactions:[0;0m
<EMPTY>


[INFO ] 2026-07-11 01:14:53,188 [main]  com.oltpbenchmark.DBWorkload writeHistograms - ======================================================================
