Untagged: allbench_traces:bc6f831
Deleted: sha256:8887f46a5b22e0e45b493e95fa565f77735de20a1809826c3acf4246d555a5be
Deleted: sha256:3258a3dcfcb6b53506a5507272cc87a0e71e4b8e6691007e86fcf1dc928224cc
Deleted: sha256:14b28925a9fbad9a129091f9ecab4b9bfc73385fab4114aa8e850d01273a4b82
Deleted: sha256:de5a324870ce95008e4161a810ba89163cbdd1e8ed5f505a60eb654803a1c7ca
Deleted: sha256:0e36d461bd158e6885ea76c15bd36bd27e56b8efb692efd0c6f2cf5745d1dd58
Deleted: sha256:431b1ef23e4872c5db5dc613db418968b69e2143cf030d609495e830fa2f4dc8
Deleted: sha256:603ffc6a72303bed71ec7fbd0094b27467ae0f1f6d4f84fcec08ec913b028c67
Deleted: sha256:9138201e1056b635d54dc71a469c55a1bd540b92a06ac39daaa600fc16e48dbb
Deleted: sha256:2c502bb6e2097be52d226c1a755633811bb234e5f7af12247bd27b3f2dbc125a
Deleted: sha256:0d41529c85c482f30cd8a04a8a3529361486242db56b384377b993c9fb72b66f
Deleted: sha256:83845229a729c40e6a4a1a12f96c62a5999a807ffea597730a7257d71f74c698
Deleted: sha256:fe0c101cb4ef533e67c581c3f46087524974b3dd220752687c781dad83424379
Deleted: sha256:409118a61958ba72a5d8035ac57c3822379f628ead5eba81c3839d020b767c2a
Deleted: sha256:63f0237cd682df5bfb0674c14ebc5bd20cdd66dda33139a25a4d69720238987f
Deleted: sha256:6385486aec9f3c27bde5bfad2a4676939736ae5509d5329d8f0c8ef989231259
Deleted: sha256:d51e54310551fd502b6cea83c3204c1072ff793674bda9ed6258f16a436881f5
Deleted: sha256:aaae7744a8d8397d61b6da96db0f49ee671332a4530bba5a4f5432cf87d62022
Deleted: sha256:60f3ab3d5610688126c5b2c719d4535e849afb3be69da558c9cec80607e85348
Deleted: sha256:2bf19f5b118da67c0088489f4fc61f7b7a610470d3162e19084f10032629795d
Deleted: sha256:fa9e7a4b28e408c526f1480fab56dd9232d691460a87d25d143d77c5ae7c8b57
Deleted: sha256:d4705eb89be8be8e76eeb3eaccc6d3d3460361bff758adb48305b37fcffc95c8
Deleted: sha256:9d31839ba7aefdc2654894992f7c0210f9db0d7e5161a4ecdeb04943be29e9bb
Deleted: sha256:bbbe1c945ae0b01726456d0966e3aeb92f97085dd6fd7c2b5de6a0028bdb3ce5
Deleted: sha256:a161295eb02fd3d698674effd9ef93bb34458750f95656692a622d20768b1606
Deleted: sha256:f63a24d5bab12e191a5f6a21af47c32b5685de925d4b0d4da6a013aaeaf1fc9b
Deleted: sha256:7d5213d96c3dff2abc421ef2aaef29504a5652c8937f685b1726a1e65982b2ef
Deleted: sha256:c370420fa0c3a54ec964322f0a1e86fda5114e874cf6d5db26d0fcb2268eaed4
Deleted: sha256:f2043403ba00a03a0548f07f9612977c800981e9dfcd9509bbe6e141179432c2
Deleted: sha256:4de38185c0bdae53caef9f1088370c4d7db764e655fe7df3d8f578a4a621db51
Deleted: sha256:c291015d7760fbf64d03820aa76c8e0df57fd4cbaa9ff1b073f10b7f12854f40
Deleted: sha256:31e4f70285da637ce22b89bfb4b434caba10847e499453c29d03eaf05daa14ac
Deleted: sha256:e308cab7a55314a590aa505286e2a2e6878c5008490290ef4c3c78308db7d40a
Deleted: sha256:54a0a695806143f568a0394f30a360c0f0c01e83adb82e58510d18a2ad12fd41
Deleted: sha256:35c05e5cf2c5ac8afc206e1a49adc9af68fd1bd57a7782d704e41e99ac096449
Deleted: sha256:c70bb0baae36d816b79fe7bc8d90fccc5ab1fefe7910193914a0d687b8d220bf
Deleted: sha256:e913aa4fb4af22412447ead628fc5b96150ddfad24bc693ed7bc83c45a08d9a9
Deleted: sha256:78d219d288017cb9f228bd5a8b9f7239778e5a72d03b1e6283f909d5f586d057
Deleted: sha256:5ea80950103db8a0eeb8f76368913f78687efce15787ee66713034a196cc0943
Deleted: sha256:0b012dda5242829c624f5e22654422fd029ddc92fccbc8ac9edc248ab2d57456
['allbench_traces:bc6f831']
[None]
INFO: Calculate distribution stats for 516 groups
Took: 0.10975003242492676 seconds
INFO: Postprocess took: 0.11073422431945801 seconds
Wrote CSV: /users/deepmish/scarab/src/simulations/ideal-fusion-pass1/collected_stats.csv
Experiment '/users/deepmish/scarab/src/simulations/ideal-fusion-pass1' already exists. It will overwrite the existing simulation results!
[datacenter, datacenter, appworld, None, memtrace] is a valid simulation option.
[datacenter, datacenter, bfs, None, memtrace] is a valid simulation option.
[datacenter, datacenter, dfs, None, memtrace] is a valid simulation option.
[datacenter, datacenter, pagerank, None, memtrace] is a valid simulation option.
[datacenter, datacenter, core_bench, None, memtrace] is a valid simulation option.
[datacenter, datacenter, terminal_bench, None, memtrace] is a valid simulation option.
[datacenter, datacenter, duckdb, None, memtrace] is a valid simulation option.
[datacenter, datacenter, rocksdb, None, memtrace] is a valid simulation option.
[datacenter, datacenter, clickhouse, None, memtrace] is a valid simulation option.
Found recent Scarab binary, no build required
Submitting jobs...
Wait processes...
scripts/docker_cleaner.py --images allbench_traces:bc6f831
