[INFO ] 2026-07-11 01:21:23,266 [main]  com.oltpbenchmark.DBWorkload main - ======================================================================

Benchmark:              TPCC {com.oltpbenchmark.benchmarks.tpcc.TPCCBenchmark}
Configuration:          /mnt/hpca2027-db/screening/mysql_tpcc_200w_64t/measured-run2.xml
Type:                   MYSQL
Driver:                 com.mysql.cj.jdbc.Driver
URL:                    jdbc:mysql://localhost:3307/benchbase?rewriteBatchedStatements=true&allowPublicKeyRetrieval=True&sslMode=DISABLED
Isolation:              TRANSACTION_SERIALIZABLE
Batch Size:             128
Scale Factor:           200.0
Terminals:              64
New Connection Per Txn: false

[INFO ] 2026-07-11 01:21:23,267 [main]  com.oltpbenchmark.DBWorkload main - ======================================================================
[INFO ] 2026-07-11 01:21:23,535 [main]  com.oltpbenchmark.DBWorkload runWorkload - Creating 64 virtual terminals...
[INFO ] 2026-07-11 01:21:23,683 [main]  com.oltpbenchmark.DBWorkload runWorkload - Launching the TPCC Benchmark with 1 Phase...
[INFO ] 2026-07-11 01:21:23,731 [main]  com.oltpbenchmark.ThreadBench runRateLimitedMultiPhase - [0;1mPHASE START[0;0m :: [Workload=TPCC] [Serial=false] [Time=600] [WarmupTime=0] [Rate=unlimited] [Arrival=REGULAR] [Ratios=[45.0, 43.0, 4.0, 4.0, 4.0]] [ActiveWorkers=64]
[INFO ] 2026-07-11 01:21:24,715 [main]  com.oltpbenchmark.ThreadBench runRateLimitedMultiPhase - [0;1mMEASURE[0;0m :: Warmup complete, starting measurements.
[INFO ] 2026-07-11 01:31:25,715 [main]  com.oltpbenchmark.ThreadBench runRateLimitedMultiPhase - [0;1mTERMINATE[0;0m :: Waiting for all terminals to finish ..
[INFO ] 2026-07-11 01:31:25,766 [Thread-64]  com.oltpbenchmark.ThreadBench run - Starting WatchDogThread
[INFO ] 2026-07-11 01:31:26,125 [main]  com.oltpbenchmark.DBWorkload runWorkload - ======================================================================
[INFO ] 2026-07-11 01:31:26,126 [main]  com.oltpbenchmark.DBWorkload runWorkload - Rate limited reqs/s: Results(nanoSeconds=600999943403, measuredRequests=972755) = 1618.5608845352585 requests/sec (throughput), 1612.2513997480742 requests/sec (goodput)
[INFO ] 2026-07-11 01:31:26,141 [main]  com.oltpbenchmark.DBWorkload writeOutputs - Output Raw data into file: tpcc_2026-07-11_01-31-26.raw.csv
[INFO ] 2026-07-11 01:31:30,660 [main]  com.oltpbenchmark.DBWorkload writeOutputs - Output samples into file: tpcc_2026-07-11_01-31-26.samples.csv
[INFO ] 2026-07-11 01:31:30,809 [main]  com.oltpbenchmark.DBWorkload writeOutputs - Output summary data into file: tpcc_2026-07-11_01-31-26.summary.json
[INFO ] 2026-07-11 01:31:30,815 [main]  com.oltpbenchmark.DBWorkload writeOutputs - Output DBMS parameters into file: tpcc_2026-07-11_01-31-26.params.json
[INFO ] 2026-07-11 01:31:30,825 [main]  com.oltpbenchmark.DBWorkload writeOutputs - Output DBMS metrics into file: tpcc_2026-07-11_01-31-26.metrics.json
[INFO ] 2026-07-11 01:31:30,829 [main]  com.oltpbenchmark.DBWorkload writeOutputs - Output benchmark config into file: tpcc_2026-07-11_01-31-26.config.xml
[INFO ] 2026-07-11 01:31:30,849 [main]  com.oltpbenchmark.DBWorkload writeOutputs - Output results into file: tpcc_2026-07-11_01-31-26.results.csv with window size 5
[INFO ] 2026-07-11 01:31:31,195 [main]  com.oltpbenchmark.DBWorkload writeHistograms - ======================================================================
[INFO ] 2026-07-11 01:31:31,195 [main]  com.oltpbenchmark.DBWorkload writeHistograms - Workload Histograms:

[0;1mCompleted Transactions:[0;0m
com.oltpbenchmark.benchmarks.tpcc.procedures.NewOrder/01                         [434230] ********************************************************************************
com.oltpbenchmark.benchmarks.tpcc.procedures.Payment/02                          [418457] *****************************************************************************
com.oltpbenchmark.benchmarks.tpcc.procedures.OrderStatus/03                      [ 38642] *******
com.oltpbenchmark.benchmarks.tpcc.procedures.Delivery/04                         [ 38839] *******
com.oltpbenchmark.benchmarks.tpcc.procedures.StockLevel/05                       [ 38795] *******

[0;1mAborted Transactions:[0;0m
com.oltpbenchmark.benchmarks.tpcc.procedures.NewOrder/01                         [4399] ********************************************************************************

[0;1mRejected Transactions (Server Retry):[0;0m
<EMPTY>

[0;1mRejected Transactions (Retry Different):[0;0m
<EMPTY>

[0;1mUnexpected SQL Errors:[0;0m
<EMPTY>

[0;1mUnknown Status Transactions:[0;0m
<EMPTY>


[INFO ] 2026-07-11 01:31:31,195 [main]  com.oltpbenchmark.DBWorkload writeHistograms - ======================================================================
