Scarab gitrev: 7185dea
Warning: Scarab expects the trace file type to include OFFLINE_FILE_TYPE_ARCH_REGDEPS (0x20000), but got type: 0xe40
Scarab started at Fri Jul 10 21:36:24 2026

Initialized Ramulator.
** Heartbeat:   0% -- { 1000007 } -- 0.00 KIPS (166.67 KIPS)
** Heartbeat:   1% -- { 2000011 } -- 142.86 KIPS (153.85 KIPS)
** Heartbeat:   2% -- { 3000015 } -- 125.00 KIPS (142.86 KIPS)
** Heartbeat:   3% -- { 4000021 } -- 142.86 KIPS (142.86 KIPS)
** Heartbeat:   4% -- { 5000025 } -- 142.86 KIPS (142.86 KIPS)
** Heartbeat:   5% -- { 6000029 } -- 125.00 KIPS (139.54 KIPS)
** Heartbeat:   5% -- { 7000033 } -- 142.86 KIPS (140.00 KIPS)
** Heartbeat:   6% -- { 8000037 } -- 142.86 KIPS (140.35 KIPS)
** Heartbeat:   7% -- { 9000041 } -- 125.00 KIPS (138.46 KIPS)
** Heartbeat:   8% -- { 10000045 } -- 142.86 KIPS (138.89 KIPS)
** Heartbeat:   9% -- { 11000049 } -- 142.86 KIPS (139.24 KIPS)
** Heartbeat:  10% -- { 12000053 } -- 125.00 KIPS (137.93 KIPS)
** Heartbeat:  10% -- { 13000057 } -- 142.86 KIPS (138.30 KIPS)
** Heartbeat:  11% -- { 14000061 } -- 142.86 KIPS (138.61 KIPS)
** Heartbeat:  12% -- { 15000064 } -- 111.11 KIPS (136.36 KIPS)
** Heartbeat:  13% -- { 16000068 } -- 50.00 KIPS (123.08 KIPS)
** Heartbeat:  14% -- { 17000068 } -- 47.62 KIPS (112.58 KIPS)
** Heartbeat:  15% -- { 18000069 } -- 55.56 KIPS (106.51 KIPS)
** Heartbeat:  15% -- { 19000075 } -- 200.00 KIPS (109.20 KIPS)
** Heartbeat:  16% -- { 20000078 } -- 250.00 KIPS (112.36 KIPS)
** Heartbeat:  17% -- { 21000078 } -- 250.00 KIPS (115.39 KIPS)
** Heartbeat:  18% -- { 22000081 } -- 333.33 KIPS (118.92 KIPS)
** Heartbeat:  19% -- { 23000087 } -- 166.67 KIPS (120.42 KIPS)
** Heartbeat:  20% -- { 24000089 } -- 166.67 KIPS (121.83 KIPS)
** Heartbeat:  20% -- { 25000089 } -- 166.67 KIPS (123.15 KIPS)
** Heartbeat:  21% -- { 26000090 } -- 200.00 KIPS (125.00 KIPS)
** Heartbeat:  22% -- { 27000090 } -- 166.67 KIPS (126.17 KIPS)
** Heartbeat:  23% -- { 28000092 } -- 166.67 KIPS (127.27 KIPS)
** Heartbeat:  24% -- { 29000096 } -- 166.67 KIPS (128.32 KIPS)
** Heartbeat:  25% -- { 30000101 } -- 166.67 KIPS (129.31 KIPS)
** Heartbeat:  25% -- { 31000102 } -- 250.00 KIPS (131.36 KIPS)
** Heartbeat:  26% -- { 32000103 } -- 333.33 KIPS (133.89 KIPS)
** Heartbeat:  27% -- { 33000104 } -- 333.33 KIPS (136.36 KIPS)
** Heartbeat:  28% -- { 34000104 } -- 250.00 KIPS (138.21 KIPS)
** Heartbeat:  29% -- { 35000104 } -- 333.33 KIPS (140.56 KIPS)
** Heartbeat:  30% -- { 36000104 } -- 333.33 KIPS (142.86 KIPS)
** Heartbeat:  30% -- { 37000104 } -- 250.00 KIPS (144.53 KIPS)
** Heartbeat:  31% -- { 38000104 } -- 333.33 KIPS (146.72 KIPS)
** Heartbeat:  32% -- { 39000104 } -- 333.33 KIPS (148.86 KIPS)
** Heartbeat:  33% -- { 40000104 } -- 250.00 KIPS (150.38 KIPS)
** Heartbeat:  34% -- { 41000104 } -- 333.33 KIPS (152.42 KIPS)
** Heartbeat:  35% -- { 42000104 } -- 333.33 KIPS (154.41 KIPS)
** Heartbeat:  35% -- { 43000104 } -- 250.00 KIPS (155.80 KIPS)
** Heartbeat:  36% -- { 44000104 } -- 333.33 KIPS (157.71 KIPS)
** Heartbeat:  37% -- { 45000104 } -- 333.33 KIPS (159.57 KIPS)
** Heartbeat:  38% -- { 46000104 } -- 250.00 KIPS (160.84 KIPS)
** Heartbeat:  39% -- { 47000104 } -- 333.33 KIPS (162.63 KIPS)
** Heartbeat:  40% -- { 48000104 } -- 333.33 KIPS (164.38 KIPS)
** Heartbeat:  40% -- { 49000104 } -- 250.00 KIPS (165.54 KIPS)
** Heartbeat:  41% -- { 50000104 } -- 333.33 KIPS (167.22 KIPS)
** Heartbeat:  42% -- { 51000104 } -- 333.33 KIPS (168.87 KIPS)
** Heartbeat:  43% -- { 52000104 } -- 250.00 KIPS (169.93 KIPS)
** Heartbeat:  44% -- { 53000104 } -- 333.33 KIPS (171.52 KIPS)
** Heartbeat:  45% -- { 54000104 } -- 333.33 KIPS (173.08 KIPS)
** Heartbeat:  45% -- { 55000104 } -- 250.00 KIPS (174.05 KIPS)
** Heartbeat:  46% -- { 56000104 } -- 333.33 KIPS (175.55 KIPS)
** Heartbeat:  47% -- { 57000104 } -- 333.33 KIPS (177.02 KIPS)
** Heartbeat:  48% -- { 58000104 } -- 250.00 KIPS (177.91 KIPS)
** Heartbeat:  49% -- { 59000104 } -- 333.33 KIPS (179.33 KIPS)
** Heartbeat:  50% -- { 60000104 } -- 333.33 KIPS (180.72 KIPS)
** Heartbeat:  50% -- { 61000104 } -- 250.00 KIPS (181.55 KIPS)
** Heartbeat:  51% -- { 62000104 } -- 333.33 KIPS (182.89 KIPS)
** Heartbeat:  52% -- { 63000104 } -- 333.33 KIPS (184.21 KIPS)
** Heartbeat:  53% -- { 64000104 } -- 250.00 KIPS (184.97 KIPS)
** Heartbeat:  54% -- { 65000104 } -- 333.33 KIPS (186.25 KIPS)
** Heartbeat:  55% -- { 66000104 } -- 333.33 KIPS (187.50 KIPS)
** Heartbeat:  55% -- { 67000104 } -- 250.00 KIPS (188.20 KIPS)
** Heartbeat:  56% -- { 68000104 } -- 333.33 KIPS (189.42 KIPS)
** Heartbeat:  57% -- { 69000104 } -- 333.33 KIPS (190.61 KIPS)
** Heartbeat:  58% -- { 70000104 } -- 250.00 KIPS (191.26 KIPS)
** Heartbeat:  59% -- { 71000104 } -- 333.33 KIPS (192.41 KIPS)
** Heartbeat:  60% -- { 72000104 } -- 333.33 KIPS (193.55 KIPS)
** Heartbeat:  60% -- { 73000104 } -- 250.00 KIPS (194.15 KIPS)
** Heartbeat:  61% -- { 74000104 } -- 333.33 KIPS (195.25 KIPS)
** Heartbeat:  62% -- { 75000104 } -- 333.33 KIPS (196.34 KIPS)
** Heartbeat:  63% -- { 76000104 } -- 250.00 KIPS (196.89 KIPS)
** Heartbeat:  64% -- { 77000104 } -- 333.33 KIPS (197.94 KIPS)
** Heartbeat:  65% -- { 78000104 } -- 333.33 KIPS (198.98 KIPS)
** Heartbeat:  65% -- { 79000104 } -- 250.00 KIPS (199.50 KIPS)
** Heartbeat:  66% -- { 80000104 } -- 333.33 KIPS (200.50 KIPS)
** Heartbeat:  67% -- { 81000104 } -- 333.33 KIPS (201.49 KIPS)
** Heartbeat:  68% -- { 82000104 } -- 333.33 KIPS (202.47 KIPS)
** Heartbeat:  69% -- { 83000104 } -- 333.33 KIPS (203.43 KIPS)
** Heartbeat:  70% -- { 84000104 } -- 250.00 KIPS (203.88 KIPS)
** Heartbeat:  70% -- { 85000104 } -- 333.33 KIPS (204.82 KIPS)
** Heartbeat:  71% -- { 86000104 } -- 333.33 KIPS (205.74 KIPS)
** Heartbeat:  72% -- { 87000104 } -- 333.33 KIPS (206.65 KIPS)
** Heartbeat:  73% -- { 88000104 } -- 333.33 KIPS (207.55 KIPS)
** Heartbeat:  74% -- { 89000104 } -- 250.00 KIPS (207.94 KIPS)
** Heartbeat:  75% -- { 90000104 } -- 333.33 KIPS (208.82 KIPS)
** Heartbeat:  75% -- { 91000104 } -- 333.33 KIPS (209.68 KIPS)
** Heartbeat:  76% -- { 92000104 } -- 333.33 KIPS (210.53 KIPS)
** Heartbeat:  77% -- { 93000104 } -- 250.00 KIPS (210.88 KIPS)
** Heartbeat:  78% -- { 94000104 } -- 333.33 KIPS (211.71 KIPS)
** Heartbeat:  79% -- { 95000104 } -- 333.33 KIPS (212.53 KIPS)
** Heartbeat:  80% -- { 96000104 } -- 333.33 KIPS (213.33 KIPS)
** Heartbeat:  80% -- { 97000104 } -- 333.33 KIPS (214.13 KIPS)
** Heartbeat:  81% -- { 98000104 } -- 250.00 KIPS (214.44 KIPS)
** Heartbeat:  82% -- { 99000104 } -- 333.33 KIPS (215.22 KIPS)
** Heartbeat:  83% -- { 100000104 } -- 333.33 KIPS (215.98 KIPS)
** Heartbeat:  84% -- { 101000104 } -- 250.00 KIPS (216.27 KIPS)
** Heartbeat:  85% -- { 102000104 } -- 333.33 KIPS (217.02 KIPS)
** Heartbeat:  85% -- { 103000104 } -- 333.33 KIPS (217.76 KIPS)
** Heartbeat:  86% -- { 104000104 } -- 250.00 KIPS (218.03 KIPS)
** Heartbeat:  87% -- { 105000104 } -- 333.33 KIPS (218.75 KIPS)
** Heartbeat:  88% -- { 106000104 } -- 333.33 KIPS (219.46 KIPS)
** Heartbeat:  89% -- { 107000104 } -- 250.00 KIPS (219.71 KIPS)
** Heartbeat:  90% -- { 108000104 } -- 333.33 KIPS (220.41 KIPS)
** Heartbeat:  90% -- { 109000104 } -- 333.33 KIPS (221.10 KIPS)
** Heartbeat:  91% -- { 110000104 } -- 250.00 KIPS (221.33 KIPS)
** Heartbeat:  92% -- { 111000104 } -- 333.33 KIPS (222.00 KIPS)
** Heartbeat:  93% -- { 112000108 } -- 333.33 KIPS (222.66 KIPS)
** Heartbeat:  94% -- { 113000110 } -- 250.00 KIPS (222.88 KIPS)
** Heartbeat:  95% -- { 114000110 } -- 333.33 KIPS (223.53 KIPS)
** Heartbeat:  95% -- { 115000110 } -- 333.33 KIPS (224.17 KIPS)
** Heartbeat:  96% -- { 116000110 } -- 250.00 KIPS (224.37 KIPS)
** Heartbeat:  97% -- { 117000110 } -- 333.33 KIPS (225.00 KIPS)
** Heartbeat:  98% -- { 118000110 } -- 333.33 KIPS (225.62 KIPS)
** Heartbeat:  99% -- { 119000110 } -- 250.00 KIPS (225.81 KIPS)
** Core 0 Finished:    insts:119947917   cycles:116419680   time:36381150000000      -- 1.03 IPC (1.03 IPC) --  N/A  KIPS (226.42 KIPS)
Scarab finished at Fri Jul 10 21:45:14 2026
