/usr/bin/java  -classpath /mnt/hpca2027-db/tools/ycsb-mongodb-binding-0.17.0/conf:/mnt/hpca2027-db/tools/ycsb-mongodb-binding-0.17.0/lib/HdrHistogram-2.1.4.jar:/mnt/hpca2027-db/tools/ycsb-mongodb-binding-0.17.0/lib/core-0.17.0.jar:/mnt/hpca2027-db/tools/ycsb-mongodb-binding-0.17.0/lib/htrace-core4-4.1.0-incubating.jar:/mnt/hpca2027-db/tools/ycsb-mongodb-binding-0.17.0/lib/jackson-core-asl-1.9.4.jar:/mnt/hpca2027-db/tools/ycsb-mongodb-binding-0.17.0/lib/jackson-mapper-asl-1.9.4.jar:/mnt/hpca2027-db/tools/ycsb-mongodb-binding-0.17.0/lib/logback-classic-1.1.2.jar:/mnt/hpca2027-db/tools/ycsb-mongodb-binding-0.17.0/lib/logback-core-1.1.2.jar:/mnt/hpca2027-db/tools/ycsb-mongodb-binding-0.17.0/lib/mongo-java-driver-3.8.0.jar:/mnt/hpca2027-db/tools/ycsb-mongodb-binding-0.17.0/lib/mongodb-async-driver-2.0.1.jar:/mnt/hpca2027-db/tools/ycsb-mongodb-binding-0.17.0/lib/mongodb-binding-0.17.0.jar:/mnt/hpca2027-db/tools/ycsb-mongodb-binding-0.17.0/lib/slf4j-api-1.7.25.jar:/mnt/hpca2027-db/tools/ycsb-mongodb-binding-0.17.0/lib/snappy-java-1.1.7.1.jar site.ycsb.Client -t -db site.ycsb.db.MongoDbClient -s -P /mnt/hpca2027-db/tools/ycsb-mongodb-binding-0.17.0/workloads/workloada -threads 64 -p mongodb.url=mongodb://127.0.0.1:27017/ycsb?w=1 -p recordcount=10000000 -p operationcount=5000000 -p fieldcount=10 -p fieldlength=100
Command line: -t -db site.ycsb.db.MongoDbClient -s -P /mnt/hpca2027-db/tools/ycsb-mongodb-binding-0.17.0/workloads/workloada -threads 64 -p mongodb.url=mongodb://127.0.0.1:27017/ycsb?w=1 -p recordcount=10000000 -p operationcount=5000000 -p fieldcount=10 -p fieldlength=100
YCSB Client 0.17.0

Loading workload...
Starting test.
2026-07-11 01:36:15:244 0 sec: 0 operations; est completion in 0 second 
mongo client connection created with mongodb://127.0.0.1:27017/ycsb?w=1
DBWrapper: report latency for each error is false and specific error codes to track for latency are: []
DBWrapper: report latency for each error is false and specific error codes to track for latency are: []
DBWrapper: report latency for each error is false and specific error codes to track for latency are: []
DBWrapper: report latency for each error is false and specific error codes to track for latency are: []
DBWrapper: report latency for each error is false and specific error codes to track for latency are: []
DBWrapper: report latency for each error is false and specific error codes to track for latency are: []
DBWrapper: report latency for each error is false and specific error codes to track for latency are: []
DBWrapper: report latency for each error is false and specific error codes to track for latency are: []
DBWrapper: report latency for each error is false and specific error codes to track for latency are: []
DBWrapper: report latency for each error is false and specific error codes to track for latency are: []
DBWrapper: report latency for each error is false and specific error codes to track for latency are: []
DBWrapper: report latency for each error is false and specific error codes to track for latency are: []
DBWrapper: report latency for each error is false and specific error codes to track for latency are: []
DBWrapper: report latency for each error is false and specific error codes to track for latency are: []
DBWrapper: report latency for each error is false and specific error codes to track for latency are: []
DBWrapper: report latency for each error is false and specific error codes to track for latency are: []
DBWrapper: report latency for each error is false and specific error codes to track for latency are: []
DBWrapper: report latency for each error is false and specific error codes to track for latency are: []
DBWrapper: report latency for each error is false and specific error codes to track for latency are: []
DBWrapper: report latency for each error is false and specific error codes to track for latency are: []
DBWrapper: report latency for each error is false and specific error codes to track for latency are: []
DBWrapper: report latency for each error is false and specific error codes to track for latency are: []
DBWrapper: report latency for each error is false and specific error codes to track for latency are: []
DBWrapper: report latency for each error is false and specific error codes to track for latency are: []
DBWrapper: report latency for each error is false and specific error codes to track for latency are: []
DBWrapper: report latency for each error is false and specific error codes to track for latency are: []
DBWrapper: report latency for each error is false and specific error codes to track for latency are: []
DBWrapper: report latency for each error is false and specific error codes to track for latency are: []
DBWrapper: report latency for each error is false and specific error codes to track for latency are: []
DBWrapper: report latency for each error is false and specific error codes to track for latency are: []
DBWrapper: report latency for each error is false and specific error codes to track for latency are: []
DBWrapper: report latency for each error is false and specific error codes to track for latency are: []
DBWrapper: report latency for each error is false and specific error codes to track for latency are: []
DBWrapper: report latency for each error is false and specific error codes to track for latency are: []
DBWrapper: report latency for each error is false and specific error codes to track for latency are: []
DBWrapper: report latency for each error is false and specific error codes to track for latency are: []
DBWrapper: report latency for each error is false and specific error codes to track for latency are: []
DBWrapper: report latency for each error is false and specific error codes to track for latency are: []
DBWrapper: report latency for each error is false and specific error codes to track for latency are: []
DBWrapper: report latency for each error is false and specific error codes to track for latency are: []
DBWrapper: report latency for each error is false and specific error codes to track for latency are: []
DBWrapper: report latency for each error is false and specific error codes to track for latency are: []
DBWrapper: report latency for each error is false and specific error codes to track for latency are: []
DBWrapper: report latency for each error is false and specific error codes to track for latency are: []
DBWrapper: report latency for each error is false and specific error codes to track for latency are: []
DBWrapper: report latency for each error is false and specific error codes to track for latency are: []
DBWrapper: report latency for each error is false and specific error codes to track for latency are: []
DBWrapper: report latency for each error is false and specific error codes to track for latency are: []
DBWrapper: report latency for each error is false and specific error codes to track for latency are: []
DBWrapper: report latency for each error is false and specific error codes to track for latency are: []
DBWrapper: report latency for each error is false and specific error codes to track for latency are: []
DBWrapper: report latency for each error is false and specific error codes to track for latency are: []
DBWrapper: report latency for each error is false and specific error codes to track for latency are: []
DBWrapper: report latency for each error is false and specific error codes to track for latency are: []
DBWrapper: report latency for each error is false and specific error codes to track for latency are: []
DBWrapper: report latency for each error is false and specific error codes to track for latency are: []
DBWrapper: report latency for each error is false and specific error codes to track for latency are: []
DBWrapper: report latency for each error is false and specific error codes to track for latency are: []
DBWrapper: report latency for each error is false and specific error codes to track for latency are: []
DBWrapper: report latency for each error is false and specific error codes to track for latency are: []
DBWrapper: report latency for each error is false and specific error codes to track for latency are: []
DBWrapper: report latency for each error is false and specific error codes to track for latency are: []
DBWrapper: report latency for each error is false and specific error codes to track for latency are: []
DBWrapper: report latency for each error is false and specific error codes to track for latency are: []
2026-07-11 01:36:25:210 10 sec: 592831 operations; 59277.17 current ops/sec; est completion in 1 minute [READ: Count=297226, Max=125631, Min=160, Avg=1041.41, 90=1438, 99=7047, 99.9=28191, 99.99=100991] [UPDATE: Count=296268, Max=126463, Min=178, Avg=1008.32, 90=1462, 99=6283, 99.9=27263, 99.99=76351] 
2026-07-11 01:36:35:210 20 sec: 1474002 operations; 88125.91 current ops/sec; est completion in 48 seconds [READ: Count=440566, Max=43551, Min=148, Avg=702.64, 90=1102, 99=2149, 99.9=8735, 99.99=21247] [UPDATE: Count=440290, Max=40095, Min=167, Avg=742.33, 90=1161, 99=2309, 99.9=8951, 99.99=21151] 
2026-07-11 01:36:45:210 30 sec: 2361413 operations; 88741.1 current ops/sec; est completion in 34 seconds [READ: Count=444133, Max=51327, Min=138, Avg=683.73, 90=1058, 99=2024, 99.9=7747, 99.99=20767] [UPDATE: Count=443317, Max=72255, Min=177, Avg=752.71, 90=1154, 99=2857, 99.9=9295, 99.99=23071] 
2026-07-11 01:36:55:210 40 sec: 3267246 operations; 90583.3 current ops/sec; est completion in 22 seconds [READ: Count=453724, Max=36287, Min=137, Avg=679.78, 90=1026, 99=1739, 99.9=6315, 99.99=21791] [UPDATE: Count=451872, Max=39423, Min=178, Avg=727.14, 90=1085, 99=2049, 99.9=6967, 99.99=22495] 
2026-07-11 01:37:05:210 50 sec: 4178636 operations; 91139 current ops/sec; est completion in 10 seconds [READ: Count=455088, Max=32799, Min=139, Avg=666.87, 90=1047, 99=1884, 99.9=6551, 99.99=16119] [UPDATE: Count=456283, Max=35903, Min=174, Avg=731.5, 90=1139, 99=2449, 99.9=8027, 99.99=17263] 
2026-07-11 01:37:14:711 59 sec: 5000000 operations; 86441.17 current ops/sec; [READ: Count=410179, Max=45759, Min=137, Avg=693.14, 90=1067, 99=1771, 99.9=5859, 99.99=25599] [CLEANUP: Count=64, Max=4563, Min=0, Avg=72.73, 90=2, 99=9, 99.9=4563, 99.99=4563] [UPDATE: Count=411054, Max=40415, Min=160, Avg=727.43, 90=1115, 99=1854, 99.9=5851, 99.99=29055] 
[OVERALL], RunTime(ms), 59501
[OVERALL], Throughput(ops/sec), 84032.20113947665
[TOTAL_GCS_G1_Young_Generation], Count, 80
[TOTAL_GC_TIME_G1_Young_Generation], Time(ms), 186
[TOTAL_GC_TIME_%_G1_Young_Generation], Time(%), 0.31259978823885315
[TOTAL_GCS_G1_Old_Generation], Count, 0
[TOTAL_GC_TIME_G1_Old_Generation], Time(ms), 0
[TOTAL_GC_TIME_%_G1_Old_Generation], Time(%), 0.0
[TOTAL_GCs], Count, 80
[TOTAL_GC_TIME], Time(ms), 186
[TOTAL_GC_TIME_%], Time(%), 0.31259978823885315
[READ], Operations, 2500916
[READ], AverageLatency(us), 727.3307939970795
[READ], MinLatency(us), 137
[READ], MaxLatency(us), 125631
[READ], 95thPercentileLatency(us), 1306
[READ], 99thPercentileLatency(us), 2439
[READ], Return=OK, 2500916
[CLEANUP], Operations, 64
[CLEANUP], AverageLatency(us), 72.734375
[CLEANUP], MinLatency(us), 0
[CLEANUP], MaxLatency(us), 4563
[CLEANUP], 95thPercentileLatency(us), 2
[CLEANUP], 99thPercentileLatency(us), 9
[UPDATE], Operations, 2499084
[UPDATE], AverageLatency(us), 768.5289281992922
[UPDATE], MinLatency(us), 160
[UPDATE], MaxLatency(us), 126463
[UPDATE], 95thPercentileLatency(us), 1407
[UPDATE], 99thPercentileLatency(us), 2719
[UPDATE], Return=OK, 2499084
