Linux 5.15.0-177-generic (node0.paper.datacntr-effcy-pg0.utah.cloudlab.us) 	07/10/26 	_x86_64_	(32 CPU)

23:17:24     CPU    %usr   %nice    %sys %iowait    %irq   %soft  %steal  %guest  %gnice   %idle
23:17:25     all    6.20    0.00    1.38    0.00    0.00    0.31    0.00    0.00    0.00   92.12
23:17:25       0    2.86    0.00    0.00    0.00    0.00    3.81    0.00    0.00    0.00   93.33
23:17:25       1    0.95    0.00    0.95    0.00    0.00    4.76    0.00    0.00    0.00   93.33
23:17:25       2    0.00    0.00    0.00    0.00    0.00    1.00    0.00    0.00    0.00   99.00
23:17:25       3    2.00    0.00    0.00    0.00    0.00    0.00    0.00    0.00    0.00   98.00
23:17:25       4    1.03    0.00    1.03    0.00    0.00    0.00    0.00    0.00    0.00   97.94
23:17:25       5    1.03    0.00    1.03    0.00    0.00    0.00    0.00    0.00    0.00   97.94
23:17:25       6   92.00    0.00    0.00    0.00    0.00    0.00    0.00    0.00    0.00    8.00
23:17:25       7    1.01    0.00    0.00    0.00    0.00    0.00    0.00    0.00    0.00   98.99
23:17:25       8    2.00    0.00    1.00    0.00    0.00    0.00    0.00    0.00    0.00   97.00
23:17:25       9    1.01    0.00    1.01    0.00    0.00    0.00    0.00    0.00    0.00   97.98
23:17:25      10    0.00    0.00    2.00    0.00    0.00    0.00    0.00    0.00    0.00   98.00
23:17:25      11    0.00    0.00    1.01    0.00    0.00    0.00    0.00    0.00    0.00   98.99
23:17:25      12    1.01    0.00    0.00    0.00    0.00    0.00    0.00    0.00    0.00   98.99
23:17:25      13    1.98    0.00    0.00    0.00    0.00    0.00    0.00    0.00    0.00   98.02
23:17:25      14    2.00    0.00    1.00    0.00    0.00    0.00    0.00    0.00    0.00   97.00
23:17:25      15    0.00    0.00    0.00    0.00    0.00    0.00    0.00    0.00    0.00  100.00
23:17:25      16   25.25    0.00   12.12    0.00    0.00    0.00    0.00    0.00    0.00   62.63
23:17:25      17    1.00    0.00    1.00    0.00    0.00    0.00    0.00    0.00    0.00   98.00
23:17:25      18    0.00    0.00    1.00    0.00    0.00    0.00    0.00    0.00    0.00   99.00
23:17:25      19    0.00    0.00    0.00    0.00    0.00    0.00    0.00    0.00    0.00  100.00
23:17:25      20    1.98    0.00    1.98    0.00    0.00    0.00    0.00    0.00    0.00   96.04
23:17:25      21    2.04    0.00    0.00    0.00    0.00    0.00    0.00    0.00    0.00   97.96
23:17:25      22    9.09    0.00    0.00    0.00    0.00    0.00    0.00    0.00    0.00   90.91
23:17:25      23    1.01    0.00    0.00    0.00    0.00    0.00    0.00    0.00    0.00   98.99
23:17:25      24    1.98    0.00    1.98    0.00    0.00    0.00    0.00    0.00    0.00   96.04
23:17:25      25    4.00    0.00    2.00    0.00    0.00    0.00    0.00    0.00    0.00   94.00
23:17:25      26    4.00    0.00    1.00    0.00    0.00    0.00    0.00    0.00    0.00   95.00
23:17:25      27    1.02    0.00    0.00    0.00    0.00    0.00    0.00    0.00    0.00   98.98
23:17:25      28   28.71    0.00    9.90    0.00    0.00    0.00    0.00    0.00    0.00   61.39
23:17:25      29    2.00    0.00    2.00    0.00    0.00    0.00    0.00    0.00    0.00   96.00
23:17:25      30    2.97    0.00    1.98    0.00    0.00    0.00    0.00    0.00    0.00   95.05
23:17:25      31    4.00    0.00    0.00    0.00    0.00    0.00    0.00    0.00    0.00   96.00

23:17:25     CPU    %usr   %nice    %sys %iowait    %irq   %soft  %steal  %guest  %gnice   %idle
23:17:26     all    5.99    0.00    1.25    0.00    0.00    0.69    0.00    0.00    0.00   92.07
23:17:26       0    1.01    0.00    0.00    0.00    0.00    0.00    0.00    0.00    0.00   98.99
23:17:26       1    0.00    0.00    0.00    0.00    0.00   17.65    0.00    0.00    0.00   82.35
23:17:26       2    0.00    0.00    1.00    0.00    0.00    0.00    0.00    0.00    0.00   99.00
23:17:26       3    1.01    0.00    0.00    0.00    0.00    0.00    0.00    0.00    0.00   98.99
23:17:26       4    1.01    0.00    0.00    0.00    0.00    0.00    0.00    0.00    0.00   98.99
23:17:26       5    0.00    0.00    1.02    0.00    0.00    0.00    0.00    0.00    0.00   98.98
23:17:26       6  100.00    0.00    0.00    0.00    0.00    0.00    0.00    0.00    0.00    0.00
23:17:26       7    1.01    0.00    0.00    0.00    0.00    0.00    0.00    0.00    0.00   98.99
23:17:26       8    1.01    0.00    0.00    0.00    0.00    0.00    0.00    0.00    0.00   98.99
23:17:26       9    1.01    0.00    1.01    0.00    0.00    0.00    0.00    0.00    0.00   97.98
23:17:26      10    1.00    0.00    1.00    0.00    0.00    0.00    0.00    0.00    0.00   98.00
23:17:26      11    1.00    0.00    0.00    0.00    0.00    0.00    0.00    0.00    0.00   99.00
23:17:26      12    0.00    0.00    0.00    0.00    0.00    0.00    0.00    0.00    0.00  100.00
23:17:26      13    0.00    0.00    1.01    0.00    0.00    0.00    0.00    0.00    0.00   98.99
23:17:26      14    2.00    0.00    0.00    0.00    0.00    0.00    0.00    0.00    0.00   98.00
23:17:26      15    0.00    0.00    1.01    0.00    0.00    0.00    0.00    0.00    0.00   98.99
23:17:26      16   75.00    0.00   25.00    0.00    0.00    0.00    0.00    0.00    0.00    0.00
23:17:26      17    0.00    0.00    1.00    0.00    0.00    0.00    0.00    0.00    0.00   99.00
23:17:26      18    0.00    0.00    0.00    0.00    0.00    0.00    0.00    0.00    0.00  100.00
23:17:26      19    0.99    0.00    0.99    0.00    0.00    0.00    0.00    0.00    0.00   98.02
23:17:26      20    0.00    0.00    0.00    0.00    0.00    0.00    0.00    0.00    0.00  100.00
23:17:26      21    0.00    0.00    0.00    0.00    0.00    1.02    0.00    0.00    0.00   98.98
23:17:26      22    1.98    0.00    1.98    0.00    0.00    0.00    0.00    0.00    0.00   96.04
23:17:26      23    0.00    0.00    1.01    0.00    0.00    0.00    0.00    0.00    0.00   98.99
23:17:26      24    1.01    0.00    1.01    0.00    0.00    0.00    0.00    0.00    0.00   97.98
23:17:26      25    0.00    0.00    0.00    0.00    0.00    0.00    0.00    0.00    0.00  100.00
23:17:26      26    0.00    0.00    0.00    0.00    0.00    0.00    0.00    0.00    0.00  100.00
23:17:26      27    0.99    0.00    0.99    0.00    0.00    0.00    0.00    0.00    0.00   98.02
23:17:26      28    0.00    0.00    0.00    0.00    0.00    0.00    0.00    0.00    0.00  100.00
23:17:26      29    1.00    0.00    0.00    0.00    0.00    0.00    0.00    0.00    0.00   99.00
23:17:26      30    1.98    0.00    0.99    0.00    0.00    0.00    0.00    0.00    0.00   97.03
23:17:26      31    0.00    0.00    1.00    0.00    0.00    0.00    0.00    0.00    0.00   99.00

23:17:26     CPU    %usr   %nice    %sys %iowait    %irq   %soft  %steal  %guest  %gnice   %idle
23:17:27     all    6.51    0.00    1.35    0.78    0.00    0.38    0.00    0.00    0.00   90.98
23:17:27       0    3.09    0.00    3.09    0.00    0.00    0.00    0.00    0.00    0.00   93.81
23:17:27       1    0.89    0.00    0.89    0.00    0.00   10.71    0.00    0.00    0.00   87.50
23:17:27       2    1.00    0.00    1.00    0.00    0.00    0.00    0.00    0.00    0.00   98.00
23:17:27       3    0.00    0.00    0.00    0.00    0.00    0.00    0.00    0.00    0.00  100.00
23:17:27       4    0.99    0.00    2.97    0.00    0.00    0.00    0.00    0.00    0.00   96.04
23:17:27       5    2.02    0.00    2.02    0.00    0.00    0.00    0.00    0.00    0.00   95.96
23:17:27       6  100.00    0.00    0.00    0.00    0.00    0.00    0.00    0.00    0.00    0.00
23:17:27       7    1.00    0.00    1.00    0.00    0.00    0.00    0.00    0.00    0.00   98.00
23:17:27       8    3.03    0.00    0.00    0.00    0.00    0.00    0.00    0.00    0.00   96.97
23:17:27       9    1.03    0.00    0.00    0.00    0.00    0.00    0.00    0.00    0.00   98.97
23:17:27      10    0.00    0.00    1.00    0.00    0.00    0.00    0.00    0.00    0.00   99.00
23:17:27      11    1.98    0.00    0.99    0.00    0.00    0.00    0.00    0.00    0.00   97.03
23:17:27      12    1.01    0.00    0.00    0.00    0.00    0.00    0.00    0.00    0.00   98.99
23:17:27      13    2.00    0.00    0.00    0.00    0.00    0.00    0.00    0.00    0.00   98.00
23:17:27      14    1.00    0.00    0.00    0.00    0.00    0.00    0.00    0.00    0.00   99.00
23:17:27      15    0.00    0.00    0.00    0.00    0.00    0.00    0.00    0.00    0.00  100.00
23:17:27      16   73.74    0.00   20.20    0.00    0.00    0.00    0.00    0.00    0.00    6.06
23:17:27      17    0.00    0.00    0.00    0.00    0.00    0.00    0.00    0.00    0.00  100.00
23:17:27      18    0.00    0.00    0.00    0.00    0.00    0.00    0.00    0.00    0.00  100.00
23:17:27      19    0.00    0.00    0.00    0.00    0.00    0.00    0.00    0.00    0.00  100.00
23:17:27      20    1.01    0.00    2.02    5.05    0.00    0.00    0.00    0.00    0.00   91.92
23:17:27      21    2.00    0.00    4.00   20.00    0.00    0.00    0.00    0.00    0.00   74.00
23:17:27      22    2.04    0.00    0.00    0.00    0.00    0.00    0.00    0.00    0.00   97.96
23:17:27      23    2.02    0.00    0.00    0.00    0.00    0.00    0.00    0.00    0.00   97.98
23:17:27      24    1.01    0.00    0.00    0.00    0.00    0.00    0.00    0.00    0.00   98.99
23:17:27      25    1.01    0.00    1.01    0.00    0.00    0.00    0.00    0.00    0.00   97.98
23:17:27      26    0.99    0.00    0.99    0.00    0.00    0.00    0.00    0.00    0.00   98.02
23:17:27      27    1.98    0.00    0.99    0.00    0.00    0.00    0.00    0.00    0.00   97.03
23:17:27      28    1.01    0.00    0.00    0.00    0.00    0.00    0.00    0.00    0.00   98.99
23:17:27      29    1.00    0.00    1.00    0.00    0.00    0.00    0.00    0.00    0.00   98.00
23:17:27      30    0.00    0.00    0.00    0.00    0.00    0.00    0.00    0.00    0.00  100.00
23:17:27      31    2.00    0.00    0.00    0.00    0.00    0.00    0.00    0.00    0.00   98.00

23:17:27     CPU    %usr   %nice    %sys %iowait    %irq   %soft  %steal  %guest  %gnice   %idle
23:17:28     all    6.17    0.00    1.47    1.00    0.00    0.75    0.00    0.00    0.00   90.61
23:17:28       0   18.10    0.00    3.45    0.00    0.00   14.66    0.00    0.00    0.00   63.79
23:17:28       1    0.94    0.00    0.00    0.00    0.00    6.60    0.00    0.00    0.00   92.45
23:17:28       2   55.00    0.00   20.00    0.00    0.00    0.00    0.00    0.00    0.00   25.00
23:17:28       3    0.99    0.00    0.99    0.00    0.00    0.00    0.00    0.00    0.00   98.02
23:17:28       4    1.01    0.00    2.02    0.00    0.00    0.00    0.00    0.00    0.00   96.97
23:17:28       5    0.99    0.00    2.97    0.00    0.00    0.00    0.00    0.00    0.00   96.04
23:17:28       6   99.00    0.00    1.00    0.00    0.00    0.00    0.00    0.00    0.00    0.00
23:17:28       7    1.02    0.00    0.00    0.00    0.00    0.00    0.00    0.00    0.00   98.98
23:17:28       8    2.04    0.00    0.00    0.00    0.00    0.00    0.00    0.00    0.00   97.96
23:17:28       9    2.00    0.00    1.00    0.00    0.00    0.00    0.00    0.00    0.00   97.00
23:17:28      10    1.00    0.00    1.00    0.00    0.00    0.00    0.00    0.00    0.00   98.00
23:17:28      11    0.00    0.00    2.00    0.00    0.00    0.00    0.00    0.00    0.00   98.00
23:17:28      12    3.03    0.00    0.00    0.00    0.00    0.00    0.00    0.00    0.00   96.97
23:17:28      13    0.00    0.00    0.00    0.00    0.00    0.00    0.00    0.00    0.00  100.00
23:17:28      14    0.00    0.00    1.00    0.00    0.00    0.00    0.00    0.00    0.00   99.00
23:17:28      15    0.00    0.00    0.00    0.00    0.00    0.00    0.00    0.00    0.00  100.00
23:17:28      16    0.00    0.00    0.99    0.00    0.00    0.00    0.00    0.00    0.00   99.01
23:17:28      17    1.00    0.00    1.00    0.00    0.00    0.00    0.00    0.00    0.00   98.00
23:17:28      18    1.98    0.00    0.00    0.00    0.00    0.00    0.00    0.00    0.00   98.02
23:17:28      19    1.00    0.00    0.00    0.00    0.00    0.00    0.00    0.00    0.00   99.00
23:17:28      20    0.00    0.00    1.03    0.00    0.00    0.00    0.00    0.00    0.00   98.97
23:17:28      21    0.00    0.00    5.10   32.65    0.00    0.00    0.00    0.00    0.00   62.24
23:17:28      22    2.04    0.00    0.00    0.00    0.00    0.00    0.00    0.00    0.00   97.96
23:17:28      23    1.00    0.00    2.00    0.00    0.00    0.00    0.00    0.00    0.00   97.00
23:17:28      24    0.00    0.00    0.00    0.00    0.00    0.00    0.00    0.00    0.00  100.00
23:17:28      25    0.00    0.00    0.00    0.00    0.00    0.00    0.00    0.00    0.00  100.00
23:17:28      26    1.00    0.00    0.00    0.00    0.00    0.00    0.00    0.00    0.00   99.00
23:17:28      27    0.00    0.00    0.00    0.00    0.00    0.00    0.00    0.00    0.00  100.00
23:17:28      28    1.00    0.00    0.00    0.00    0.00    0.00    0.00    0.00    0.00   99.00
23:17:28      29    0.00    0.00    0.00    0.00    0.00    0.00    0.00    0.00    0.00  100.00
23:17:28      30    1.00    0.00    1.00    0.00    0.00    0.00    0.00    0.00    0.00   98.00
23:17:28      31    0.00    0.00    0.00    0.00    0.00    0.00    0.00    0.00    0.00  100.00

23:17:28     CPU    %usr   %nice    %sys %iowait    %irq   %soft  %steal  %guest  %gnice   %idle
23:17:29     all    5.84    0.00    1.37    0.53    0.00    1.43    0.00    0.00    0.00   90.84
23:17:29       0    0.74    0.00    0.00    0.00    0.00   27.94    0.00    0.00    0.00   71.32
23:17:29       1    0.00    0.00    0.99    0.00    0.00    0.99    0.00    0.00    0.00   98.02
23:17:29       2   70.00    0.00   30.00    0.00    0.00    0.00    0.00    0.00    0.00    0.00
23:17:29       3    0.94    0.00    0.00    0.00    0.00    6.60    0.00    0.00    0.00   92.45
23:17:29       4    0.00    0.00    1.03    0.00    0.00    0.00    0.00    0.00    0.00   98.97
23:17:29       5    2.02    0.00    0.00    0.00    0.00    0.00    0.00    0.00    0.00   97.98
23:17:29       6   99.01    0.00    0.99    0.00    0.00    0.00    0.00    0.00    0.00    0.00
23:17:29       7    3.03    0.00    0.00    0.00    0.00    0.00    0.00    0.00    0.00   96.97
23:17:29       8    1.96    0.00    1.96    0.00    0.00    0.00    0.00    0.00    0.00   96.08
23:17:29       9    0.00    0.00    0.00    0.00    0.00    0.00    0.00    0.00    0.00  100.00
23:17:29      10    0.00    0.00    0.00    0.00    0.00    0.00    0.00    0.00    0.00  100.00
23:17:29      11    1.01    0.00    4.04   16.16    0.00    0.00    0.00    0.00    0.00   78.79
23:17:29      12    0.00    0.00    1.01    0.00    0.00    0.00    0.00    0.00    0.00   98.99
23:17:29      13    0.00    0.00    0.00    0.00    0.00    0.00    0.00    0.00    0.00  100.00
23:17:29      14    1.00    0.00    0.00    0.00    0.00    0.00    0.00    0.00    0.00   99.00
23:17:29      15    0.00    0.00    0.00    0.00    0.00    0.00    0.00    0.00    0.00  100.00
23:17:29      16    0.00    0.00    1.00    0.00    0.00    0.00    0.00    0.00    0.00   99.00
23:17:29      17    0.00    0.00    0.00    1.01    0.00    0.00    0.00    0.00    0.00   98.99
23:17:29      18    1.00    0.00    0.00    0.00    0.00    0.00    0.00    0.00    0.00   99.00
23:17:29      19    0.00    0.00    0.00    0.00    0.00    0.00    0.00    0.00    0.00  100.00
23:17:29      20    1.03    0.00    1.03    0.00    0.00    0.00    0.00    0.00    0.00   97.94
23:17:29      21    0.00    0.00    2.04    0.00    0.00    0.00    0.00    0.00    0.00   97.96
23:17:29      22    1.01    0.00    0.00    0.00    0.00    0.00    0.00    0.00    0.00   98.99
23:17:29      23    1.00    0.00    0.00    0.00    0.00    0.00    0.00    0.00    0.00   99.00
23:17:29      24    0.00    0.00    0.00    0.00    0.00    0.00    0.00    0.00    0.00  100.00
23:17:29      25    1.01    0.00    0.00    0.00    0.00    0.00    0.00    0.00    0.00   98.99
23:17:29      26    0.00    0.00    0.00    0.00    0.00    0.00    0.00    0.00    0.00  100.00
23:17:29      27    0.00    0.00    0.00    0.00    0.00    0.00    0.00    0.00    0.00  100.00
23:17:29      28    1.00    0.00    0.00    0.00    0.00    0.00    0.00    0.00    0.00   99.00
23:17:29      29    1.01    0.00    0.00    0.00    0.00    0.00    0.00    0.00    0.00   98.99
23:17:29      30    0.00    0.00    0.00    0.00    0.00    0.00    0.00    0.00    0.00  100.00
23:17:29      31    0.00    0.00    0.00    0.00    0.00    0.00    0.00    0.00    0.00  100.00

23:17:29     CPU    %usr   %nice    %sys %iowait    %irq   %soft  %steal  %guest  %gnice   %idle
23:17:30     all    6.32    0.00    1.05    0.71    0.00    1.42    0.00    0.00    0.00   90.49
23:17:30       0    0.00    0.00    0.70    0.00    0.00   30.77    0.00    0.00    0.00   68.53
23:17:30       1    0.00    0.00    0.00    0.00    0.00    0.00    0.00    0.00    0.00  100.00
23:17:30       2   79.21    0.00   17.82    0.00    0.00    0.00    0.00    0.00    0.00    2.97
23:17:30       3    0.00    0.00    0.00    0.00    0.00    1.98    0.00    0.00    0.00   98.02
23:17:30       4    3.00    0.00    1.00    0.00    0.00    0.00    0.00    0.00    0.00   96.00
23:17:30       5    0.00    0.00    1.03    0.00    0.00    0.00    0.00    0.00    0.00   98.97
23:17:30       6  100.00    0.00    0.00    0.00    0.00    0.00    0.00    0.00    0.00    0.00
23:17:30       7    2.02    0.00    0.00    0.00    0.00    0.00    0.00    0.00    0.00   97.98
23:17:30       8    1.01    0.00    0.00    0.00    0.00    0.00    0.00    0.00    0.00   98.99
23:17:30       9    0.98    0.00    0.98    2.94    0.00    0.00    0.00    0.00    0.00   95.10
23:17:30      10    2.00    0.00    0.00    0.00    0.00    0.00    0.00    0.00    0.00   98.00
23:17:30      11    1.01    0.00    2.02   14.14    0.00    0.00    0.00    0.00    0.00   82.83
23:17:30      12    3.00    0.00    1.00    0.00    0.00    0.00    0.00    0.00    0.00   96.00
23:17:30      13    1.00    0.00    1.00    0.00    0.00    0.00    0.00    0.00    0.00   98.00
23:17:30      14    0.00    0.00    0.00    0.00    0.00    0.00    0.00    0.00    0.00  100.00
23:17:30      15    0.00    0.00    0.00    0.00    0.00    0.00    0.00    0.00    0.00  100.00
23:17:30      16    0.00    0.00    0.00    0.00    0.00    0.00    0.00    0.00    0.00  100.00
23:17:30      17    2.00    0.00    0.00    3.00    0.00    0.00    0.00    0.00    0.00   95.00
23:17:30      18    0.00    0.00    0.00    0.00    0.00    0.00    0.00    0.00    0.00  100.00
23:17:30      19    0.00    0.00    0.00    0.00    0.00    0.00    0.00    0.00    0.00  100.00
23:17:30      20    0.99    0.00    1.98    0.99    0.00    0.00    0.00    0.00    0.00   96.04
23:17:30      21    2.04    0.00    1.02    2.04    0.00    0.00    0.00    0.00    0.00   94.90
23:17:30      22    1.00    0.00    1.00    0.00    0.00    0.00    0.00    0.00    0.00   98.00
23:17:30      23    0.00    0.00    0.00    0.00    0.00    0.00    0.00    0.00    0.00  100.00
23:17:30      24    1.98    0.00    0.99    0.00    0.00    0.00    0.00    0.00    0.00   97.03
23:17:30      25    0.99    0.00    0.99    0.00    0.00    0.00    0.00    0.00    0.00   98.02
23:17:30      26    0.00    0.00    0.00    0.00    0.00    0.00    0.00    0.00    0.00  100.00
23:17:30      27    0.00    0.00    1.00    0.00    0.00    0.00    0.00    0.00    0.00   99.00
23:17:30      28    0.00    0.00    0.00    0.00    0.00    0.00    0.00    0.00    0.00  100.00
23:17:30      29    0.00    0.00    1.01    0.00    0.00    0.00    0.00    0.00    0.00   98.99
23:17:30      30    1.00    0.00    0.00    0.00    0.00    0.00    0.00    0.00    0.00   99.00
23:17:30      31    0.00    0.00    0.00    0.00    0.00    0.00    0.00    0.00    0.00  100.00

23:17:30     CPU    %usr   %nice    %sys %iowait    %irq   %soft  %steal  %guest  %gnice   %idle
23:17:31     all    6.01    0.00    1.55    0.90    0.00    1.36    0.00    0.00    0.00   90.18
23:17:31       0    0.00    0.00    0.00    0.00    0.00   30.71    0.00    0.00    0.00   69.29
23:17:31       1    1.94    0.00    0.97    0.00    0.00    0.97    0.00    0.00    0.00   96.12
23:17:31       2   73.74    0.00   26.26    0.00    0.00    0.00    0.00    0.00    0.00    0.00
23:17:31       3    0.00    0.00    0.00    0.00    0.00    0.00    0.00    0.00    0.00  100.00
23:17:31       4    0.00    0.00    0.00    0.00    0.00    0.00    0.00    0.00    0.00  100.00
23:17:31       5    1.98    0.00    0.99    0.00    0.00    0.00    0.00    0.00    0.00   97.03
23:17:31       6   98.99    0.00    1.01    0.00    0.00    0.00    0.00    0.00    0.00    0.00
23:17:31       7    2.02    0.00    0.00    0.00    0.00    0.00    0.00    0.00    0.00   97.98
23:17:31       8    2.00    0.00    0.00    0.00    0.00    0.00    0.00    0.00    0.00   98.00
23:17:31       9    0.00    0.00    1.01    0.00    0.00    0.00    0.00    0.00    0.00   98.99
23:17:31      10    2.00    0.00    1.00    0.00    0.00    0.00    0.00    0.00    0.00   97.00
23:17:31      11    1.98    0.00    3.96    0.00    0.00    0.00    0.00    0.00    0.00   94.06
23:17:31      12    2.04    0.00    0.00    0.00    0.00    0.00    0.00    0.00    0.00   97.96
23:17:31      13    0.99    0.00    0.99    0.00    0.00    0.00    0.00    0.00    0.00   98.02
23:17:31      14    1.00    0.00    0.00    0.00    0.00    0.00    0.00    0.00    0.00   99.00
23:17:31      15    0.00    0.00    0.00    0.00    0.00    0.00    0.00    0.00    0.00  100.00
23:17:31      16    0.00    0.00    0.00    0.00    0.00    0.00    0.00    0.00    0.00  100.00
23:17:31      17    1.00    0.00    0.00    0.00    0.00    0.00    0.00    0.00    0.00   99.00
23:17:31      18    0.99    0.00    0.99    0.00    0.00    0.00    0.00    0.00    0.00   98.02
23:17:31      19    0.00    0.00    0.00    0.00    0.00    0.00    0.00    0.00    0.00  100.00
23:17:31      20    2.02    0.00    2.02    0.00    0.00    0.00    0.00    0.00    0.00   95.96
23:17:31      21    1.02    0.00    4.08   29.59    0.00    0.00    0.00    0.00    0.00   65.31
23:17:31      22    1.00    0.00    2.00    0.00    0.00    0.00    0.00    0.00    0.00   97.00
23:17:31      23    0.00    0.00    1.00    0.00    0.00    0.00    0.00    0.00    0.00   99.00
23:17:31      24    0.00    0.00    1.00    0.00    0.00    0.00    0.00    0.00    0.00   99.00
23:17:31      25    1.00    0.00    1.00    0.00    0.00    0.00    0.00    0.00    0.00   98.00
23:17:31      26    0.00    0.00    1.00    0.00    0.00    0.00    0.00    0.00    0.00   99.00
23:17:31      27    0.00    0.00    0.00    0.00    0.00    0.00    0.00    0.00    0.00  100.00
23:17:31      28    0.00    0.00    1.00    0.00    0.00    0.00    0.00    0.00    0.00   99.00
23:17:31      29    0.00    0.00    0.00    0.00    0.00    0.00    0.00    0.00    0.00  100.00
23:17:31      30    0.00    0.00    0.00    0.00    0.00    0.00    0.00    0.00    0.00  100.00
23:17:31      31    0.00    0.00    0.00    0.00    0.00    0.00    0.00    0.00    0.00  100.00

23:17:31     CPU    %usr   %nice    %sys %iowait    %irq   %soft  %steal  %guest  %gnice   %idle
23:17:32     all    6.35    0.00    1.33    1.08    0.00    1.39    0.00    0.00    0.00   89.85
23:17:32       0    0.00    0.00    0.69    0.00    0.00   31.25    0.00    0.00    0.00   68.06
23:17:32       1    0.00    0.00    0.00    0.00    0.00    0.00    0.00    0.00    0.00  100.00
23:17:32       2   76.00    0.00   24.00    0.00    0.00    0.00    0.00    0.00    0.00    0.00
23:17:32       3    0.00    0.00    0.00    0.00    0.00    0.00    0.00    0.00    0.00  100.00
23:17:32       4    2.00    0.00    3.00    0.00    0.00    0.00    0.00    0.00    0.00   95.00
23:17:32       5    1.02    0.00    0.00    0.00    0.00    0.00    0.00    0.00    0.00   98.98
23:17:32       6  100.00    0.00    0.00    0.00    0.00    0.00    0.00    0.00    0.00    0.00
23:17:32       7    2.00    0.00    1.00    0.00    0.00    0.00    0.00    0.00    0.00   97.00
23:17:32       8    3.00    0.00    1.00    0.00    0.00    0.00    0.00    0.00    0.00   96.00
23:17:32       9    2.00    0.00    0.00    0.00    0.00    0.00    0.00    0.00    0.00   98.00
23:17:32      10    2.02    0.00    1.01    0.00    0.00    0.00    0.00    0.00    0.00   96.97
23:17:32      11    0.00    0.00    3.03    0.00    0.00    0.00    0.00    0.00    0.00   96.97
23:17:32      12    3.00    0.00    1.00    0.00    0.00    0.00    0.00    0.00    0.00   96.00
23:17:32      13    0.00    0.00    0.00    0.00    0.00    0.00    0.00    0.00    0.00  100.00
23:17:32      14    1.00    0.00    0.00    0.00    0.00    0.00    0.00    0.00    0.00   99.00
23:17:32      15    1.00    0.00    0.00    0.00    0.00    0.00    0.00    0.00    0.00   99.00
23:17:32      16    0.00    0.00    1.01    0.00    0.00    0.00    0.00    0.00    0.00   98.99
23:17:32      17    0.00    0.00    0.00    0.00    0.00    0.00    0.00    0.00    0.00  100.00
23:17:32      18    1.00    0.00    0.00    0.00    0.00    0.00    0.00    0.00    0.00   99.00
23:17:32      19    0.00    0.00    0.00    0.00    0.00    0.00    0.00    0.00    0.00  100.00
23:17:32      20    1.04    0.00    0.00    2.08    0.00    0.00    0.00    0.00    0.00   96.88
23:17:32      21    1.01    0.00    4.04   33.33    0.00    0.00    0.00    0.00    0.00   61.62
23:17:32      22    2.00    0.00    0.00    0.00    0.00    0.00    0.00    0.00    0.00   98.00
23:17:32      23    1.00    0.00    0.00    0.00    0.00    0.00    0.00    0.00    0.00   99.00
23:17:32      24    0.00    0.00    0.00    0.00    0.00    0.00    0.00    0.00    0.00  100.00
23:17:32      25    1.00    0.00    0.00    0.00    0.00    0.00    0.00    0.00    0.00   99.00
23:17:32      26    1.00    0.00    0.00    0.00    0.00    0.00    0.00    0.00    0.00   99.00
23:17:32      27    0.99    0.00    0.99    0.00    0.00    0.00    0.00    0.00    0.00   98.02
23:17:32      28    0.99    0.00    0.99    0.00    0.00    0.00    0.00    0.00    0.00   98.02
23:17:32      29    0.99    0.00    0.99    0.00    0.00    0.00    0.00    0.00    0.00   98.02
23:17:32      30    1.00    0.00    0.00    0.00    0.00    0.00    0.00    0.00    0.00   99.00
23:17:32      31    0.00    0.00    0.00    0.00    0.00    0.00    0.00    0.00    0.00  100.00

23:17:32     CPU    %usr   %nice    %sys %iowait    %irq   %soft  %steal  %guest  %gnice   %idle
23:17:33     all    6.41    0.00    1.25    0.00    0.00    1.03    0.00    0.00    0.00   91.31
23:17:33       0    0.76    0.00    0.00    0.00    0.00   25.19    0.00    0.00    0.00   74.05
23:17:33       1    1.98    0.00    0.00    0.00    0.00    0.00    0.00    0.00    0.00   98.02
23:17:33       2   74.26    0.00   25.74    0.00    0.00    0.00    0.00    0.00    0.00    0.00
23:17:33       3    0.00    0.00    0.00    0.00    0.00    0.00    0.00    0.00    0.00  100.00
23:17:33       4    2.00    0.00    2.00    0.00    0.00    0.00    0.00    0.00    0.00   96.00
23:17:33       5    1.02    0.00    0.00    0.00    0.00    0.00    0.00    0.00    0.00   98.98
23:17:33       6   99.00    0.00    1.00    0.00    0.00    0.00    0.00    0.00    0.00    0.00
23:17:33       7    1.00    0.00    0.00    0.00    0.00    0.00    0.00    0.00    0.00   99.00
23:17:33       8    2.02    0.00    0.00    0.00    0.00    0.00    0.00    0.00    0.00   97.98
23:17:33       9    0.00    0.00    1.00    0.00    0.00    0.00    0.00    0.00    0.00   99.00
23:17:33      10    3.06    0.00    0.00    0.00    0.00    0.00    0.00    0.00    0.00   96.94
23:17:33      11    0.00    0.00    0.00    0.00    0.00    0.00    0.00    0.00    0.00  100.00
23:17:33      12    2.02    0.00    1.01    0.00    0.00    0.00    0.00    0.00    0.00   96.97
23:17:33      13    0.00    0.00    0.00    0.00    0.00    0.00    0.00    0.00    0.00  100.00
23:17:33      14    0.00    0.00    0.00    0.00    0.00    0.00    0.00    0.00    0.00  100.00
23:17:33      15    0.00    0.00    0.00    0.00    0.00    0.00    0.00    0.00    0.00  100.00
23:17:33      16    1.98    0.00    0.00    0.00    0.00    0.00    0.00    0.00    0.00   98.02
23:17:33      17    1.01    0.00    0.00    0.00    0.00    0.00    0.00    0.00    0.00   98.99
23:17:33      18    0.00    0.00    0.00    0.00    0.00    0.00    0.00    0.00    0.00  100.00
23:17:33      19    0.00    0.00    0.00    0.00    0.00    0.00    0.00    0.00    0.00  100.00
23:17:33      20    1.00    0.00    2.00    0.00    0.00    0.00    0.00    0.00    0.00   97.00
23:17:33      21    1.00    0.00    2.00    0.00    0.00    0.00    0.00    0.00    0.00   97.00
23:17:33      22    0.00    0.00    2.02    0.00    0.00    0.00    0.00    0.00    0.00   97.98
23:17:33      23    3.00    0.00    1.00    0.00    0.00    0.00    0.00    0.00    0.00   96.00
23:17:33      24    1.00    0.00    1.00    0.00    0.00    0.00    0.00    0.00    0.00   98.00
23:17:33      25    2.00    0.00    0.00    0.00    0.00    0.00    0.00    0.00    0.00   98.00
23:17:33      26    1.98    0.00    0.99    0.00    0.00    0.00    0.00    0.00    0.00   97.03
23:17:33      27    1.02    0.00    0.00    0.00    0.00    0.00    0.00    0.00    0.00   98.98
23:17:33      28    2.02    0.00    0.00    0.00    0.00    0.00    0.00    0.00    0.00   97.98
23:17:33      29    0.00    0.00    0.00    0.00    0.00    0.00    0.00    0.00    0.00  100.00
23:17:33      30    1.00    0.00    0.00    0.00    0.00    0.00    0.00    0.00    0.00   99.00
23:17:33      31    1.01    0.00    0.00    0.00    0.00    0.00    0.00    0.00    0.00   98.99

23:17:33     CPU    %usr   %nice    %sys %iowait    %irq   %soft  %steal  %guest  %gnice   %idle
23:17:34     all    6.82    0.00    0.96    0.00    0.00    1.43    0.00    0.00    0.00   90.79
23:17:34       0    1.39    0.00    0.00    0.00    0.00   30.56    0.00    0.00    0.00   68.06
23:17:34       1    0.98    0.00    0.98    0.00    0.00    1.96    0.00    0.00    0.00   96.08
23:17:34       2   85.86    0.00   14.14    0.00    0.00    0.00    0.00    0.00    0.00    0.00
23:17:34       3    0.99    0.00    0.99    0.00    0.00    0.00    0.00    0.00    0.00   98.02
23:17:34       4    1.03    0.00    1.03    0.00    0.00    0.00    0.00    0.00    0.00   97.94
23:17:34       5    1.01    0.00    0.00    0.00    0.00    0.00    0.00    0.00    0.00   98.99
23:17:34       6   98.00    0.00    2.00    0.00    0.00    0.00    0.00    0.00    0.00    0.00
23:17:34       7    4.00    0.00    1.00    0.00    0.00    0.00    0.00    0.00    0.00   95.00
23:17:34       8    3.00    0.00    1.00    0.00    0.00    0.00    0.00    0.00    0.00   96.00
23:17:34       9    1.00    0.00    1.00    0.00    0.00    0.00    0.00    0.00    0.00   98.00
23:17:34      10    2.02    0.00    1.01    0.00    0.00    0.00    0.00    0.00    0.00   96.97
23:17:34      11    2.02    0.00    0.00    0.00    0.00    0.00    0.00    0.00    0.00   97.98
23:17:34      12    1.98    0.00    0.99    0.00    0.00    0.00    0.00    0.00    0.00   97.03
23:17:34      13    4.08    0.00    0.00    0.00    0.00    0.00    0.00    0.00    0.00   95.92
23:17:34      14    0.99    0.00    0.99    0.00    0.00    0.00    0.00    0.00    0.00   98.02
23:17:34      15    0.99    0.00    0.99    0.00    0.00    0.00    0.00    0.00    0.00   98.02
23:17:34      16    1.01    0.00    0.00    0.00    0.00    0.00    0.00    0.00    0.00   98.99
23:17:34      17    1.00    0.00    0.00    0.00    0.00    0.00    0.00    0.00    0.00   99.00
23:17:34      18    0.00    0.00    1.01    0.00    0.00    0.00    0.00    0.00    0.00   98.99
23:17:34      19    0.99    0.00    0.00    0.00    0.00    0.00    0.00    0.00    0.00   99.01
23:17:34      20    1.01    0.00    1.01    0.00    0.00    0.00    0.00    0.00    0.00   97.98
23:17:34      21    1.03    0.00    0.00    0.00    0.00    0.00    0.00    0.00    0.00   98.97
23:17:34      22    0.00    0.00    0.00    0.00    0.00    0.00    0.00    0.00    0.00  100.00
23:17:34      23    0.00    0.00    0.00    0.00    0.00    0.00    0.00    0.00    0.00  100.00
23:17:34      24    0.00    0.00    1.00    0.00    0.00    0.00    0.00    0.00    0.00   99.00
23:17:34      25    1.01    0.00    0.00    0.00    0.00    0.00    0.00    0.00    0.00   98.99
23:17:34      26    1.01    0.00    0.00    0.00    0.00    0.00    0.00    0.00    0.00   98.99
23:17:34      27    1.01    0.00    0.00    0.00    0.00    0.00    0.00    0.00    0.00   98.99
23:17:34      28    2.02    0.00    0.00    0.00    0.00    0.00    0.00    0.00    0.00   97.98
23:17:34      29    0.00    0.00    1.03    0.00    0.00    0.00    0.00    0.00    0.00   98.97
23:17:34      30    0.00    0.00    1.00    0.00    0.00    0.00    0.00    0.00    0.00   99.00
23:17:34      31    1.00    0.00    0.00    0.00    0.00    0.00    0.00    0.00    0.00   99.00

23:17:34     CPU    %usr   %nice    %sys %iowait    %irq   %soft  %steal  %guest  %gnice   %idle
23:17:35     all    6.42    0.00    0.96    0.00    0.00    1.37    0.00    0.00    0.00   91.25
23:17:35       0    0.00    0.00    0.00    0.00    0.00    2.00    0.00    0.00    0.00   98.00
23:17:35       1    0.71    0.00    0.00    0.00    0.00   29.79    0.00    0.00    0.00   69.50
23:17:35       2   32.67    0.00    6.93    0.00    0.00    0.00    0.00    0.00    0.00   60.40
23:17:35       3    2.00    0.00    0.00    0.00    0.00    0.00    0.00    0.00    0.00   98.00
23:17:35       4    1.00    0.00    2.00    0.00    0.00    0.00    0.00    0.00    0.00   97.00
23:17:35       5    2.02    0.00    0.00    0.00    0.00    0.00    0.00    0.00    0.00   97.98
23:17:35       6  100.00    0.00    0.00    0.00    0.00    0.00    0.00    0.00    0.00    0.00
23:17:35       7    1.98    0.00    0.99    0.00    0.00    0.00    0.00    0.00    0.00   97.03
23:17:35       8    2.00    0.00    0.00    0.00    0.00    0.00    0.00    0.00    0.00   98.00
23:17:35       9    3.06    0.00    0.00    0.00    0.00    0.00    0.00    0.00    0.00   96.94
23:17:35      10    1.02    0.00    0.00    0.00    0.00    0.00    0.00    0.00    0.00   98.98
23:17:35      11    3.00    0.00    0.00    0.00    0.00    0.00    0.00    0.00    0.00   97.00
23:17:35      12    2.04    0.00    0.00    0.00    0.00    0.00    0.00    0.00    0.00   97.96
23:17:35      13    0.00    0.00    1.02    0.00    0.00    0.00    0.00    0.00    0.00   98.98
23:17:35      14    0.99    0.00    0.99    0.00    0.00    0.00    0.00    0.00    0.00   98.02
23:17:35      15    0.99    0.00    0.99    0.00    0.00    0.00    0.00    0.00    0.00   98.02
23:17:35      16    1.00    0.00    0.00    0.00    0.00    0.00    0.00    0.00    0.00   99.00
23:17:35      17    0.00    0.00    0.00    0.00    0.00    0.00    0.00    0.00    0.00  100.00
23:17:35      18   46.00    0.00   16.00    0.00    0.00    0.00    0.00    0.00    0.00   38.00
23:17:35      19    1.00    0.00    1.00    0.00    0.00    0.00    0.00    0.00    0.00   98.00
23:17:35      20    1.02    0.00    0.00    0.00    0.00    0.00    0.00    0.00    0.00   98.98
23:17:35      21    1.02    0.00    1.02    0.00    0.00    0.00    0.00    0.00    0.00   97.96
23:17:35      22    1.02    0.00    0.00    0.00    0.00    0.00    0.00    0.00    0.00   98.98
23:17:35      23    0.00    0.00    0.00    0.00    0.00    0.00    0.00    0.00    0.00  100.00
23:17:35      24    1.01    0.00    0.00    0.00    0.00    0.00    0.00    0.00    0.00   98.99
23:17:35      25    1.01    0.00    0.00    0.00    0.00    0.00    0.00    0.00    0.00   98.99
23:17:35      26    0.00    0.00    0.00    0.00    0.00    0.00    0.00    0.00    0.00  100.00
23:17:35      27    0.00    0.00    0.00    0.00    0.00    0.00    0.00    0.00    0.00  100.00
23:17:35      28    0.00    0.00    0.00    0.00    0.00    0.00    0.00    0.00    0.00  100.00
23:17:35      29    0.00    0.00    0.00    0.00    0.00    0.00    0.00    0.00    0.00  100.00
23:17:35      30    1.01    0.00    0.00    0.00    0.00    0.00    0.00    0.00    0.00   98.99
23:17:35      31    0.00    0.00    0.00    0.00    0.00    0.00    0.00    0.00    0.00  100.00

23:17:35     CPU    %usr   %nice    %sys %iowait    %irq   %soft  %steal  %guest  %gnice   %idle
23:17:36     all    6.46    0.00    0.96    0.00    0.00    1.40    0.00    0.00    0.00   91.18
23:17:36       0    0.00    0.00    0.00    0.00    0.00   31.47    0.00    0.00    0.00   68.53
23:17:36       1    1.01    0.00    0.00    0.00    0.00    0.00    0.00    0.00    0.00   98.99
23:17:36       2    0.00    0.00    0.00    0.00    0.00    0.00    0.00    0.00    0.00  100.00
23:17:36       3    0.00    0.00    1.00    0.00    0.00    0.00    0.00    0.00    0.00   99.00
23:17:36       4    1.03    0.00    0.00    0.00    0.00    0.00    0.00    0.00    0.00   98.97
23:17:36       5    1.00    0.00    2.00    0.00    0.00    0.00    0.00    0.00    0.00   97.00
23:17:36       6   98.00    0.00    2.00    0.00    0.00    0.00    0.00    0.00    0.00    0.00
23:17:36       7    2.02    0.00    1.01    0.00    0.00    0.00    0.00    0.00    0.00   96.97
23:17:36       8    4.00    0.00    1.00    0.00    0.00    0.00    0.00    0.00    0.00   95.00
23:17:36       9    2.00    0.00    1.00    0.00    0.00    0.00    0.00    0.00    0.00   97.00
23:17:36      10    2.02    0.00    1.01    0.00    0.00    0.00    0.00    0.00    0.00   96.97
23:17:36      11    0.99    0.00    0.99    0.00    0.00    0.00    0.00    0.00    0.00   98.02
23:17:36      12    1.02    0.00    0.00    0.00    0.00    0.00    0.00    0.00    0.00   98.98
23:17:36      13    3.03    0.00    1.01    0.00    0.00    0.00    0.00    0.00    0.00   95.96
23:17:36      14    1.00    0.00    0.00    0.00    0.00    0.00    0.00    0.00    0.00   99.00
23:17:36      15    0.00    0.00    0.00    0.00    0.00    0.00    0.00    0.00    0.00  100.00
23:17:36      16    0.00    0.00    0.00    0.00    0.00    0.00    0.00    0.00    0.00  100.00
23:17:36      17    0.00    0.00    0.00    0.00    0.00    0.00    0.00    0.00    0.00  100.00
23:17:36      18   87.13    0.00   12.87    0.00    0.00    0.00    0.00    0.00    0.00    0.00
23:17:36      19    0.00    0.00    0.00    0.00    0.00    0.00    0.00    0.00    0.00  100.00
23:17:36      20    0.00    0.00    1.03    0.00    0.00    0.00    0.00    0.00    0.00   98.97
23:17:36      21    1.01    0.00    1.01    0.00    0.00    0.00    0.00    0.00    0.00   97.98
23:17:36      22    0.00    0.00    0.00    0.00    0.00    0.00    0.00    0.00    0.00  100.00
23:17:36      23    0.00    0.00    0.00    0.00    0.00    0.00    0.00    0.00    0.00  100.00
23:17:36      24    0.00    0.00    1.98    0.00    0.00    0.00    0.00    0.00    0.00   98.02
23:17:36      25    0.00    0.00    1.00    0.00    0.00    0.00    0.00    0.00    0.00   99.00
23:17:36      26    0.00    0.00    0.00    0.00    0.00    0.00    0.00    0.00    0.00  100.00
23:17:36      27    0.00    0.00    0.00    0.00    0.00    0.00    0.00    0.00    0.00  100.00
23:17:36      28    0.99    0.00    0.00    0.00    0.00    0.00    0.00    0.00    0.00   99.01
23:17:36      29    0.00    0.00    0.00    0.00    0.00    0.00    0.00    0.00    0.00  100.00
23:17:36      30    0.99    0.00    0.99    0.00    0.00    0.00    0.00    0.00    0.00   98.02
23:17:36      31    0.00    0.00    1.00    0.00    0.00    0.00    0.00    0.00    0.00   99.00

23:17:36     CPU    %usr   %nice    %sys %iowait    %irq   %soft  %steal  %guest  %gnice   %idle
23:17:37     all    6.68    0.00    1.47    0.97    0.00    0.69    0.00    0.00    0.00   90.20
23:17:37       0    0.00    0.00    4.17   25.00    0.00   17.50    0.00    0.00    0.00   53.33
23:17:37       1    0.00    0.00    0.00    0.00    0.00    1.00    0.00    0.00    0.00   99.00
23:17:37       2    0.00    0.00    0.00    0.00    0.00    0.00    0.00    0.00    0.00  100.00
23:17:37       3    1.01    0.00    0.00    0.00    0.00    0.00    0.00    0.00    0.00   98.99
23:17:37       4    1.02    0.00    0.00    0.00    0.00    0.00    0.00    0.00    0.00   98.98
23:17:37       5    1.98    0.00    1.98    0.00    0.00    0.00    0.00    0.00    0.00   96.04
23:17:37       6   99.01    0.00    0.99    0.00    0.00    0.00    0.00    0.00    0.00    0.00
23:17:37       7    1.01    0.00    0.00    0.00    0.00    0.00    0.00    0.00    0.00   98.99
23:17:37       8    3.00    0.00    0.00    0.00    0.00    0.00    0.00    0.00    0.00   97.00
23:17:37       9    1.00    0.00    1.00    0.00    0.00    0.00    0.00    0.00    0.00   98.00
23:17:37      10    2.97    0.00    0.99    0.00    0.00    0.00    0.00    0.00    0.00   96.04
23:17:37      11    0.00    0.00    2.04    0.00    0.00    0.00    0.00    0.00    0.00   97.96
23:17:37      12    1.00    0.00    1.00    0.00    0.00    0.00    0.00    0.00    0.00   98.00
23:17:37      13    2.04    0.00    0.00    0.00    0.00    0.00    0.00    0.00    0.00   97.96
23:17:37      14    0.00    0.00    2.00    0.00    0.00    0.00    0.00    0.00    0.00   98.00
23:17:37      15    0.99    0.00    0.99    0.00    0.00    0.00    0.00    0.00    0.00   98.02
23:17:37      16    0.00    0.00    0.00    0.00    0.00    0.00    0.00    0.00    0.00  100.00
23:17:37      17    0.00    0.00    0.00    0.00    0.00    0.00    0.00    0.00    0.00  100.00
23:17:37      18   78.79    0.00   20.20    1.01    0.00    0.00    0.00    0.00    0.00    0.00
23:17:37      19   14.14    0.00    0.00    0.00    0.00    0.00    0.00    0.00    0.00   85.86
23:17:37      20    0.00    0.00    2.02    0.00    0.00    0.00    0.00    0.00    0.00   97.98
23:17:37      21    0.00    0.00    1.02    0.00    0.00    0.00    0.00    0.00    0.00   98.98
23:17:37      22    1.01    0.00    1.01    0.00    0.00    0.00    0.00    0.00    0.00   97.98
23:17:37      23    2.00    0.00    0.00    0.00    0.00    0.00    0.00    0.00    0.00   98.00
23:17:37      24    1.00    0.00    0.00    0.00    0.00    0.00    0.00    0.00    0.00   99.00
23:17:37      25    1.00    0.00    1.00    0.00    0.00    0.00    0.00    0.00    0.00   98.00
23:17:37      26    1.00    0.00    0.00    0.00    0.00    0.00    0.00    0.00    0.00   99.00
23:17:37      27    0.00    0.00    0.00    0.00    0.00    0.00    0.00    0.00    0.00  100.00
23:17:37      28    0.00    0.00    1.00    0.00    0.00    0.00    0.00    0.00    0.00   99.00
23:17:37      29    0.00    0.00    2.02    0.00    0.00    0.00    0.00    0.00    0.00   97.98
23:17:37      30    0.00    0.00    1.98    0.00    0.00    0.00    0.00    0.00    0.00   98.02
23:17:37      31    0.00    0.00    1.01    0.00    0.00    0.00    0.00    0.00    0.00   98.99

23:17:37     CPU    %usr   %nice    %sys %iowait    %irq   %soft  %steal  %guest  %gnice   %idle
23:17:38     all    6.64    0.00    0.78    0.00    0.00    0.56    0.00    0.00    0.00   92.02
23:17:38       0    0.93    0.00    0.00    0.00    0.00    7.41    0.00    0.00    0.00   91.67
23:17:38       1    0.00    0.00    0.00    0.00    0.00    8.41    0.00    0.00    0.00   91.59
23:17:38       2    1.01    0.00    0.00    0.00    0.00    0.00    0.00    0.00    0.00   98.99
23:17:38       3    0.00    0.00    0.00    0.00    0.00    0.00    0.00    0.00    0.00  100.00
23:17:38       4    0.00    0.00    1.02    0.00    0.00    0.00    0.00    0.00    0.00   98.98
23:17:38       5    1.02    0.00    0.00    0.00    0.00    0.00    0.00    0.00    0.00   98.98
23:17:38       6   98.00    0.00    2.00    0.00    0.00    0.00    0.00    0.00    0.00    0.00
23:17:38       7    5.00    0.00    0.00    0.00    0.00    0.00    0.00    0.00    0.00   95.00
23:17:38       8    2.02    0.00    0.00    0.00    0.00    0.00    0.00    0.00    0.00   97.98
23:17:38       9    0.00    0.00    0.00    0.00    0.00    0.00    0.00    0.00    0.00  100.00
23:17:38      10    3.03    0.00    1.01    0.00    0.00    0.00    0.00    0.00    0.00   95.96
23:17:38      11    0.00    0.00    1.01    0.00    0.00    0.00    0.00    0.00    0.00   98.99
23:17:38      12    0.00    0.00    1.00    0.00    0.00    0.00    0.00    0.00    0.00   99.00
23:17:38      13    2.02    0.00    0.00    0.00    0.00    0.00    0.00    0.00    0.00   97.98
23:17:38      14    0.00    0.00    0.00    0.00    0.00    0.00    0.00    0.00    0.00  100.00
23:17:38      15    0.00    0.00    0.00    0.00    0.00    0.00    0.00    0.00    0.00  100.00
23:17:38      16    0.00    0.00    0.00    0.00    0.00    1.00    0.00    0.00    0.00   99.00
23:17:38      17    0.99    0.00    0.99    0.00    0.00    0.00    0.00    0.00    0.00   98.02
23:17:38      18   89.00    0.00   11.00    0.00    0.00    0.00    0.00    0.00    0.00    0.00
23:17:38      19    0.00    0.00    0.00    0.00    0.00    0.00    0.00    0.00    0.00  100.00
23:17:38      20    1.02    0.00    1.02    0.00    0.00    0.00    0.00    0.00    0.00   97.96
23:17:38      21    2.02    0.00    1.01    0.00    0.00    0.00    0.00    0.00    0.00   96.97
23:17:38      22    0.00    0.00    0.00    0.00    0.00    0.00    0.00    0.00    0.00  100.00
23:17:38      23    0.00    0.00    1.98    0.00    0.00    0.00    0.00    0.00    0.00   98.02
23:17:38      24    1.00    0.00    1.00    0.00    0.00    0.00    0.00    0.00    0.00   98.00
23:17:38      25    1.00    0.00    0.00    0.00    0.00    0.00    0.00    0.00    0.00   99.00
23:17:38      26    0.99    0.00    0.99    0.00    0.00    0.00    0.00    0.00    0.00   98.02
23:17:38      27    0.00    0.00    0.00    0.00    0.00    0.00    0.00    0.00    0.00  100.00
23:17:38      28    0.00    0.00    1.03    0.00    0.00    0.00    0.00    0.00    0.00   98.97
23:17:38      29    1.01    0.00    0.00    0.00    0.00    0.00    0.00    0.00    0.00   98.99
23:17:38      30    1.01    0.00    0.00    0.00    0.00    0.00    0.00    0.00    0.00   98.99
23:17:38      31    1.00    0.00    0.00    0.00    0.00    0.00    0.00    0.00    0.00   99.00

23:17:38     CPU    %usr   %nice    %sys %iowait    %irq   %soft  %steal  %guest  %gnice   %idle
23:17:39     all    6.15    0.00    1.15    0.00    0.00    1.06    0.00    0.00    0.00   91.64
23:17:39       0    0.96    0.00    0.96    0.00    0.00    4.81    0.00    0.00    0.00   93.27
23:17:39       1    0.00    0.00    0.00    0.00    0.00   22.83    0.00    0.00    0.00   77.17
23:17:39       2    0.00    0.00    0.00    0.00    0.00    0.00    0.00    0.00    0.00  100.00
23:17:39       3    0.00    0.00    0.00    0.00    0.00    0.00    0.00    0.00    0.00  100.00
23:17:39       4    0.00    0.00    1.02    0.00    0.00    0.00    0.00    0.00    0.00   98.98
23:17:39       5    0.00    0.00    1.02    0.00    0.00    0.00    0.00    0.00    0.00   98.98
23:17:39       6   98.99    0.00    1.01    0.00    0.00    0.00    0.00    0.00    0.00    0.00
23:17:39       7    1.02    0.00    0.00    0.00    0.00    0.00    0.00    0.00    0.00   98.98
23:17:39       8    2.02    0.00    0.00    0.00    0.00    0.00    0.00    0.00    0.00   97.98
23:17:39       9    1.00    0.00    1.00    0.00    0.00    0.00    0.00    0.00    0.00   98.00
23:17:39      10    2.00    0.00    1.00    0.00    0.00    0.00    0.00    0.00    0.00   97.00
23:17:39      11    0.00    0.00    0.00    0.00    0.00    0.00    0.00    0.00    0.00  100.00
23:17:39      12    0.00    0.00    0.00    0.00    0.00    0.00    0.00    0.00    0.00  100.00
23:17:39      13    2.00    0.00    2.00    0.00    0.00    0.00    0.00    0.00    0.00   96.00
23:17:39      14    0.99    0.00    0.99    0.00    0.00    0.00    0.00    0.00    0.00   98.02
23:17:39      15    1.00    0.00    1.00    0.00    0.00    0.00    0.00    0.00    0.00   98.00
23:17:39      16    0.00    0.00    0.00    0.00    0.00    0.00    0.00    0.00    0.00  100.00
23:17:39      17    0.00    0.00    0.00    0.00    0.00    0.00    0.00    0.00    0.00  100.00
23:17:39      18   83.00    0.00   17.00    0.00    0.00    0.00    0.00    0.00    0.00    0.00
23:17:39      19    0.00    0.00    1.00    0.00    0.00    0.00    0.00    0.00    0.00   99.00
23:17:39      20    1.03    0.00    0.00    0.00    0.00    0.00    0.00    0.00    0.00   98.97
23:17:39      21    1.01    0.00    2.02    0.00    0.00    0.00    0.00    0.00    0.00   96.97
23:17:39      22    0.00    0.00    0.00    0.00    0.00    0.00    0.00    0.00    0.00  100.00
23:17:39      23    0.00    0.00    0.00    0.00    0.00    0.00    0.00    0.00    0.00  100.00
23:17:39      24    0.00    0.00    1.01    0.00    0.00    0.00    0.00    0.00    0.00   98.99
23:17:39      25    0.00    0.00    0.00    0.00    0.00    0.00    0.00    0.00    0.00  100.00
23:17:39      26    1.00    0.00    0.00    0.00    0.00    0.00    0.00    0.00    0.00   99.00
23:17:39      27    0.00    0.00    1.01    0.00    0.00    0.00    0.00    0.00    0.00   98.99
23:17:39      28    0.00    0.00    4.00    0.00    0.00    0.00    0.00    0.00    0.00   96.00
23:17:39      29    0.00    0.00    0.00    0.00    0.00    0.00    0.00    0.00    0.00  100.00
23:17:39      30    0.99    0.00    0.99    0.00    0.00    0.00    0.00    0.00    0.00   98.02
23:17:39      31    1.00    0.00    0.00    0.00    0.00    0.00    0.00    0.00    0.00   99.00

23:17:39     CPU    %usr   %nice    %sys %iowait    %irq   %soft  %steal  %guest  %gnice   %idle
23:17:40     all    6.77    0.00    0.62    0.00    0.00    1.30    0.00    0.00    0.00   91.30
23:17:40       0    0.71    0.00    0.00    0.00    0.00   28.57    0.00    0.00    0.00   70.71
23:17:40       1    0.00    0.00    0.00    0.00    0.00    1.98    0.00    0.00    0.00   98.02
23:17:40       2    0.00    0.00    0.00    0.00    0.00    0.00    0.00    0.00    0.00  100.00
23:17:40       3    0.00    0.00    0.00    0.00    0.00    0.00    0.00    0.00    0.00  100.00
23:17:40       4    2.04    0.00    0.00    0.00    0.00    0.00    0.00    0.00    0.00   97.96
23:17:40       5    1.02    0.00    0.00    0.00    0.00    0.00    0.00    0.00    0.00   98.98
23:17:40       6   99.01    0.00    0.99    0.00    0.00    0.00    0.00    0.00    0.00    0.00
23:17:40       7    2.02    0.00    1.01    0.00    0.00    0.00    0.00    0.00    0.00   96.97
23:17:40       8    3.96    0.00    0.99    0.00    0.00    0.00    0.00    0.00    0.00   95.05
23:17:40       9    0.00    0.00    0.00    0.00    0.00    0.00    0.00    0.00    0.00  100.00
23:17:40      10    0.00    0.00    0.00    0.00    0.00    0.00    0.00    0.00    0.00  100.00
23:17:40      11    2.97    0.00    0.99    0.00    0.00    0.00    0.00    0.00    0.00   96.04
23:17:40      12    1.01    0.00    0.00    0.00    0.00    0.00    0.00    0.00    0.00   98.99
23:17:40      13    2.04    0.00    0.00    0.00    0.00    0.00    0.00    0.00    0.00   97.96
23:17:40      14    1.01    0.00    0.00    0.00    0.00    0.00    0.00    0.00    0.00   98.99
23:17:40      15    0.00    0.00    0.00    0.00    0.00    0.00    0.00    0.00    0.00  100.00
23:17:40      16    1.00    0.00    0.00    0.00    0.00    0.00    0.00    0.00    0.00   99.00
23:17:40      17    0.00    0.00    0.00    0.00    0.00    0.00    0.00    0.00    0.00  100.00
23:17:40      18   91.00    0.00    9.00    0.00    0.00    0.00    0.00    0.00    0.00    0.00
23:17:40      19    1.00    0.00    0.00    0.00    0.00    0.00    0.00    0.00    0.00   99.00
23:17:40      20    0.00    0.00    1.02    0.00    0.00    0.00    0.00    0.00    0.00   98.98
23:17:40      21    3.03    0.00    0.00    0.00    0.00    0.00    0.00    0.00    0.00   96.97
23:17:40      22    1.00    0.00    1.00    0.00    0.00    0.00    0.00    0.00    0.00   98.00
23:17:40      23    0.00    0.00    0.00    0.00    0.00    0.00    0.00    0.00    0.00  100.00
23:17:40      24    1.01    0.00    0.00    0.00    0.00    0.00    0.00    0.00    0.00   98.99
23:17:40      25    0.00    0.00    1.00    0.00    0.00    0.00    0.00    0.00    0.00   99.00
23:17:40      26    0.00    0.00    0.00    0.00    0.00    0.00    0.00    0.00    0.00  100.00
23:17:40      27    1.00    0.00    0.00    0.00    0.00    0.00    0.00    0.00    0.00   99.00
23:17:40      28    1.01    0.00    1.01    0.00    0.00    0.00    0.00    0.00    0.00   97.98
23:17:40      29    0.00    0.00    2.00    0.00    0.00    0.00    0.00    0.00    0.00   98.00
23:17:40      30    1.00    0.00    0.00    0.00    0.00    0.00    0.00    0.00    0.00   99.00
23:17:40      31    0.00    0.00    1.00    0.00    0.00    0.00    0.00    0.00    0.00   99.00

23:17:40     CPU    %usr   %nice    %sys %iowait    %irq   %soft  %steal  %guest  %gnice   %idle
23:17:41     all    6.51    0.00    1.09    0.00    0.00    1.43    0.00    0.00    0.00   90.98
23:17:41       0    0.00    0.00    0.00    0.00    0.00   31.69    0.00    0.00    0.00   68.31
23:17:41       1    0.99    0.00    0.00    0.00    0.00    0.99    0.00    0.00    0.00   98.02
23:17:41       2    0.00    0.00    0.00    0.00    0.00    0.00    0.00    0.00    0.00  100.00
23:17:41       3    0.00    0.00    0.00    0.00    0.00    0.00    0.00    0.00    0.00  100.00
23:17:41       4    0.00    0.00    2.02    0.00    0.00    0.00    0.00    0.00    0.00   97.98
23:17:41       5    1.00    0.00    1.00    0.00    0.00    0.00    0.00    0.00    0.00   98.00
23:17:41       6   62.63    0.00    1.01    0.00    0.00    0.00    0.00    0.00    0.00   36.36
23:17:41       7    0.00    0.00    0.99    0.00    0.00    0.00    0.00    0.00    0.00   99.01
23:17:41       8    2.04    0.00    1.02    0.00    0.00    0.00    0.00    0.00    0.00   96.94
23:17:41       9    0.00    0.00    1.01    0.00    0.00    0.00    0.00    0.00    0.00   98.99
23:17:41      10    2.00    0.00    1.00    0.00    0.00    0.00    0.00    0.00    0.00   97.00
23:17:41      11    2.04    0.00    0.00    0.00    0.00    0.00    0.00    0.00    0.00   97.96
23:17:41      12    4.95    0.00    0.99    0.00    0.00    0.00    0.00    0.00    0.00   94.06
23:17:41      13    1.00    0.00    0.00    0.00    0.00    0.00    0.00    0.00    0.00   99.00
23:17:41      14    0.99    0.00    0.99    0.00    0.00    0.00    0.00    0.00    0.00   98.02
23:17:41      15    0.00    0.00    0.00    0.00    0.00    0.00    0.00    0.00    0.00  100.00
23:17:41      16    1.00    0.00    0.00    0.00    0.00    0.00    0.00    0.00    0.00   99.00
23:17:41      17    0.00    0.00    0.00    0.00    0.00    0.00    0.00    0.00    0.00  100.00
23:17:41      18   82.00    0.00   18.00    0.00    0.00    0.00    0.00    0.00    0.00    0.00
23:17:41      19    0.00    0.00    0.00    0.00    0.00    0.00    0.00    0.00    0.00  100.00
23:17:41      20    1.02    0.00    0.00    0.00    0.00    0.00    0.00    0.00    0.00   98.98
23:17:41      21    2.00    0.00    2.00    0.00    0.00    0.00    0.00    0.00    0.00   96.00
23:17:41      22   37.37    0.00    0.00    0.00    0.00    0.00    0.00    0.00    0.00   62.63
23:17:41      23    5.00    0.00    2.00    0.00    0.00    0.00    0.00    0.00    0.00   93.00
23:17:41      24    1.00    0.00    0.00    0.00    0.00    0.00    0.00    0.00    0.00   99.00
23:17:41      25    1.01    0.00    0.00    0.00    0.00    0.00    0.00    0.00    0.00   98.99
23:17:41      26    0.00    0.00    0.00    0.00    0.00    0.00    0.00    0.00    0.00  100.00
23:17:41      27    0.00    0.00    0.00    0.00    0.00    0.00    0.00    0.00    0.00  100.00
23:17:41      28    0.00    0.00    2.04    0.00    0.00    0.00    0.00    0.00    0.00   97.96
23:17:41      29    2.00    0.00    0.00    0.00    0.00    0.00    0.00    0.00    0.00   98.00
23:17:41      30    0.99    0.00    0.99    0.00    0.00    0.00    0.00    0.00    0.00   98.02
23:17:41      31    0.00    0.00    0.00    0.00    0.00    0.00    0.00    0.00    0.00  100.00

23:17:41     CPU    %usr   %nice    %sys %iowait    %irq   %soft  %steal  %guest  %gnice   %idle
23:17:42     all    6.27    0.00    1.40    0.94    0.00    1.09    0.00    0.00    0.00   90.31
23:17:42       0    0.75    0.00    0.75    0.00    0.00   25.37    0.00    0.00    0.00   73.13
23:17:42       1    0.00    0.00    1.00    0.00    0.00    1.00    0.00    0.00    0.00   98.00
23:17:42       2    0.00    0.00    0.00    0.00    0.00    0.00    0.00    0.00    0.00  100.00
23:17:42       3    0.00    0.00    0.00    0.00    0.00    0.00    0.00    0.00    0.00  100.00
23:17:42       4    1.02    0.00    0.00    0.00    0.00    0.00    0.00    0.00    0.00   98.98
23:17:42       5    0.00    0.00    1.02    0.00    0.00    0.00    0.00    0.00    0.00   98.98
23:17:42       6    1.01    0.00    0.00    0.00    0.00    0.00    0.00    0.00    0.00   98.99
23:17:42       7    1.01    0.00    0.00    0.00    0.00    0.00    0.00    0.00    0.00   98.99
23:17:42       8    1.03    0.00    0.00    0.00    0.00    0.00    0.00    0.00    0.00   98.97
23:17:42       9    1.98    0.00    1.98    0.00    0.00    0.00    0.00    0.00    0.00   96.04
23:17:42      10    2.02    0.00    1.01    0.00    0.00    0.00    0.00    0.00    0.00   96.97
23:17:42      11    1.00    0.00    6.00   29.00    0.00    0.00    0.00    0.00    0.00   64.00
23:17:42      12    3.06    0.00    0.00    0.00    0.00    0.00    0.00    0.00    0.00   96.94
23:17:42      13    0.00    0.00    0.00    0.00    0.00    0.00    0.00    0.00    0.00  100.00
23:17:42      14    1.00    0.00    0.00    0.00    0.00    0.00    0.00    0.00    0.00   99.00
23:17:42      15    0.00    0.00    0.00    0.00    0.00    0.00    0.00    0.00    0.00  100.00
23:17:42      16    0.00    0.00    1.00    0.00    0.00    0.00    0.00    0.00    0.00   99.00
23:17:42      17    0.00    0.00    0.00    0.00    0.00    0.00    0.00    0.00    0.00  100.00
23:17:42      18   78.00    0.00   22.00    0.00    0.00    0.00    0.00    0.00    0.00    0.00
23:17:42      19    0.00    0.00    0.00    0.00    0.00    0.00    0.00    0.00    0.00  100.00
23:17:42      20    1.02    0.00    0.00    0.00    0.00    0.00    0.00    0.00    0.00   98.98
23:17:42      21    2.04    0.00    1.02    0.00    0.00    0.00    0.00    0.00    0.00   96.94
23:17:42      22   99.00    0.00    1.00    0.00    0.00    0.00    0.00    0.00    0.00    0.00
23:17:42      23    3.03    0.00    0.00    0.00    0.00    0.00    0.00    0.00    0.00   96.97
23:17:42      24    1.01    0.00    0.00    0.00    0.00    0.00    0.00    0.00    0.00   98.99
23:17:42      25    1.96    0.00    0.98    0.00    0.00    0.00    0.00    0.00    0.00   97.06
23:17:42      26    0.00    0.00    0.99    0.99    0.00    0.00    0.00    0.00    0.00   98.02
23:17:42      27    0.00    0.00    2.02    0.00    0.00    0.00    0.00    0.00    0.00   97.98
23:17:42      28    0.00    0.00    2.04    0.00    0.00    0.00    0.00    0.00    0.00   97.96
23:17:42      29    0.99    0.00    1.98    0.00    0.00    0.00    0.00    0.00    0.00   97.03
23:17:42      30    0.00    0.00    0.00    0.00    0.00    0.00    0.00    0.00    0.00  100.00
23:17:42      31    0.00    0.00    0.00    0.00    0.00    0.00    0.00    0.00    0.00  100.00

23:17:42     CPU    %usr   %nice    %sys %iowait    %irq   %soft  %steal  %guest  %gnice   %idle
23:17:43     all    6.39    0.00    1.98    0.00    0.00    1.33    0.00    0.00    0.00   90.30
23:17:43       0    0.71    0.00    0.00    0.00    0.00   29.29    0.00    0.00    0.00   70.00
23:17:43       1    0.99    0.00    0.00    0.00    0.00    1.98    0.00    0.00    0.00   97.03
23:17:43       2    0.00    0.00   10.00    0.00    0.00    0.00    0.00    0.00    0.00   90.00
23:17:43       3    0.00    0.00    0.00    0.00    0.00    0.00    0.00    0.00    0.00  100.00
23:17:43       4    1.02    0.00    1.02    0.00    0.00    0.00    0.00    0.00    0.00   97.96
23:17:43       5    0.00    0.00    0.00    0.00    0.00    0.00    0.00    0.00    0.00  100.00
23:17:43       6    2.00    0.00    1.00    0.00    0.00    0.00    0.00    0.00    0.00   97.00
23:17:43       7    0.00    0.00    0.00    0.00    0.00    0.00    0.00    0.00    0.00  100.00
23:17:43       8    1.01    0.00    0.00    0.00    0.00    0.00    0.00    0.00    0.00   98.99
23:17:43       9    0.00    0.00    0.00    0.00    0.00    0.00    0.00    0.00    0.00  100.00
23:17:43      10    0.00    0.00    0.00    0.00    0.00    0.00    0.00    0.00    0.00  100.00
23:17:43      11    2.00    0.00    1.00    0.00    0.00    0.00    0.00    0.00    0.00   97.00
23:17:43      12    0.99    0.00    0.99    0.00    0.00    0.00    0.00    0.00    0.00   98.02
23:17:43      13    1.00    0.00    0.00    0.00    0.00    0.00    0.00    0.00    0.00   99.00
23:17:43      14    0.00    0.00    1.01    0.00    0.00    0.00    0.00    0.00    0.00   98.99
23:17:43      15    0.00    0.00    0.00    0.00    0.00    0.00    0.00    0.00    0.00  100.00
23:17:43      16    1.98    0.00    0.00    0.00    0.00    0.00    0.00    0.00    0.00   98.02
23:17:43      17    0.00    0.00    0.00    0.00    0.00    0.00    0.00    0.00    0.00  100.00
23:17:43      18   32.00    0.00   33.00    0.00    0.00    0.00    0.00    0.00    0.00   35.00
23:17:43      19    1.01    0.00    0.00    0.00    0.00    0.00    0.00    0.00    0.00   98.99
23:17:43      20    1.02    0.00    0.00    0.00    0.00    0.00    0.00    0.00    0.00   98.98
23:17:43      21    1.01    0.00    1.01    0.00    0.00    0.00    0.00    0.00    0.00   97.98
23:17:43      22   99.00    0.00    1.00    0.00    0.00    0.00    0.00    0.00    0.00    0.00
23:17:43      23    1.01    0.00    0.00    0.00    0.00    0.00    0.00    0.00    0.00   98.99
23:17:43      24    0.00    0.00    1.01    0.00    0.00    0.00    0.00    0.00    0.00   98.99
23:17:43      25    8.08    0.00    1.01    0.00    0.00    0.00    0.00    0.00    0.00   90.91
23:17:43      26    7.92    0.00    1.98    0.00    0.00    0.00    0.00    0.00    0.00   90.10
23:17:43      27    9.90    0.00    0.99    0.00    0.00    0.00    0.00    0.00    0.00   89.11
23:17:43      28    0.00    0.00    1.02    0.00    0.00    0.00    0.00    0.00    0.00   98.98
23:17:43      29   21.43    0.00    6.12    0.00    0.00    0.00    0.00    0.00    0.00   72.45
23:17:43      30    1.96    0.00    0.98    0.00    0.00    0.00    0.00    0.00    0.00   97.06
23:17:43      31    9.90    0.00    0.99    0.00    0.00    0.00    0.00    0.00    0.00   89.11

Average:     CPU    %usr   %nice    %sys %iowait    %irq   %soft  %steal  %guest  %gnice   %idle
Average:     all    6.36    0.00    1.23    0.36    0.00    1.08    0.00    0.00    0.00   90.97
Average:       0    1.55    0.00    0.67    1.26    0.00   21.33    0.00    0.00    0.00   75.19
Average:       1    0.59    0.00    0.30    0.00    0.00    6.73    0.00    0.00    0.00   92.38
Average:       2   29.06    0.00    9.37    0.00    0.00    0.05    0.00    0.00    0.00   61.51
Average:       3    0.47    0.00    0.16    0.00    0.00    0.47    0.00    0.00    0.00   98.90
Average:       4    1.02    0.00    1.12    0.00    0.00    0.00    0.00    0.00    0.00   97.86
Average:       5    1.01    0.00    0.85    0.00    0.00    0.00    0.00    0.00    0.00   98.14
Average:       6   86.61    0.00    0.79    0.00    0.00    0.00    0.00    0.00    0.00   12.60
Average:       7    1.69    0.00    0.37    0.00    0.00    0.00    0.00    0.00    0.00   97.93
Average:       8    2.22    0.00    0.42    0.00    0.00    0.00    0.00    0.00    0.00   97.35
Average:       9    0.95    0.00    0.69    0.16    0.00    0.00    0.00    0.00    0.00   98.20
Average:      10    1.48    0.00    0.74    0.00    0.00    0.00    0.00    0.00    0.00   97.77
Average:      11    1.11    0.00    1.53    3.12    0.00    0.00    0.00    0.00    0.00   94.23
Average:      12    1.64    0.00    0.48    0.00    0.00    0.00    0.00    0.00    0.00   97.88
Average:      13    1.22    0.00    0.37    0.00    0.00    0.00    0.00    0.00    0.00   98.41
Average:      14    0.79    0.00    0.47    0.00    0.00    0.00    0.00    0.00    0.00   98.73
Average:      15    0.26    0.00    0.26    0.00    0.00    0.00    0.00    0.00    0.00   99.47
Average:      16    9.57    0.00    3.22    0.00    0.00    0.05    0.00    0.00    0.00   87.16
Average:      17    0.42    0.00    0.21    0.21    0.00    0.00    0.00    0.00    0.00   99.15
Average:      18   35.42    0.00    8.54    0.05    0.00    0.00    0.00    0.00    0.00   55.98
Average:      19    1.06    0.00    0.16    0.00    0.00    0.00    0.00    0.00    0.00   98.78
Average:      20    0.86    0.00    0.96    0.43    0.00    0.00    0.00    0.00    0.00   97.75
Average:      21    1.23    0.00    1.71    6.19    0.00    0.05    0.00    0.00    0.00   90.82
Average:      22   13.72    0.00    0.58    0.00    0.00    0.00    0.00    0.00    0.00   85.70
Average:      23    1.06    0.00    0.48    0.00    0.00    0.00    0.00    0.00    0.00   98.46
Average:      24    0.69    0.00    0.63    0.00    0.00    0.00    0.00    0.00    0.00   98.68
Average:      25    1.37    0.00    0.53    0.00    0.00    0.00    0.00    0.00    0.00   98.10
Average:      26    1.11    0.00    0.42    0.05    0.00    0.00    0.00    0.00    0.00   98.42
Average:      27    0.95    0.00    0.42    0.00    0.00    0.00    0.00    0.00    0.00   98.63
Average:      28    2.06    0.00    1.27    0.00    0.00    0.00    0.00    0.00    0.00   96.66
Average:      29    1.65    0.00    0.96    0.00    0.00    0.00    0.00    0.00    0.00   97.40
Average:      30    0.89    0.00    0.58    0.00    0.00    0.00    0.00    0.00    0.00   98.53
Average:      31    1.05    0.00    0.26    0.00    0.00    0.00    0.00    0.00    0.00   98.68
