/usr/bin/java  -classpath /mnt/hpca2027-db/tools/ycsb-mongodb-binding-0.17.0/conf:/mnt/hpca2027-db/tools/ycsb-mongodb-binding-0.17.0/lib/HdrHistogram-2.1.4.jar:/mnt/hpca2027-db/tools/ycsb-mongodb-binding-0.17.0/lib/core-0.17.0.jar:/mnt/hpca2027-db/tools/ycsb-mongodb-binding-0.17.0/lib/htrace-core4-4.1.0-incubating.jar:/mnt/hpca2027-db/tools/ycsb-mongodb-binding-0.17.0/lib/jackson-core-asl-1.9.4.jar:/mnt/hpca2027-db/tools/ycsb-mongodb-binding-0.17.0/lib/jackson-mapper-asl-1.9.4.jar:/mnt/hpca2027-db/tools/ycsb-mongodb-binding-0.17.0/lib/logback-classic-1.1.2.jar:/mnt/hpca2027-db/tools/ycsb-mongodb-binding-0.17.0/lib/logback-core-1.1.2.jar:/mnt/hpca2027-db/tools/ycsb-mongodb-binding-0.17.0/lib/mongo-java-driver-3.8.0.jar:/mnt/hpca2027-db/tools/ycsb-mongodb-binding-0.17.0/lib/mongodb-async-driver-2.0.1.jar:/mnt/hpca2027-db/tools/ycsb-mongodb-binding-0.17.0/lib/mongodb-binding-0.17.0.jar:/mnt/hpca2027-db/tools/ycsb-mongodb-binding-0.17.0/lib/slf4j-api-1.7.25.jar:/mnt/hpca2027-db/tools/ycsb-mongodb-binding-0.17.0/lib/snappy-java-1.1.7.1.jar site.ycsb.Client -t -db site.ycsb.db.MongoDbClient -s -P /mnt/hpca2027-db/tools/ycsb-mongodb-binding-0.17.0/workloads/workloadf -threads 64 -p mongodb.url=mongodb://127.0.0.1:27017/ycsb?w=1 -p recordcount=10000000 -p operationcount=5000000 -p fieldcount=10 -p fieldlength=100
Command line: -t -db site.ycsb.db.MongoDbClient -s -P /mnt/hpca2027-db/tools/ycsb-mongodb-binding-0.17.0/workloads/workloadf -threads 64 -p mongodb.url=mongodb://127.0.0.1:27017/ycsb?w=1 -p recordcount=10000000 -p operationcount=5000000 -p fieldcount=10 -p fieldlength=100
YCSB Client 0.17.0

Loading workload...
Starting test.
2026-07-11 02:08:14:546 0 sec: 0 operations; est completion in 0 second 
mongo client connection created with mongodb://127.0.0.1:27017/ycsb?w=1
DBWrapper: report latency for each error is false and specific error codes to track for latency are: []
DBWrapper: report latency for each error is false and specific error codes to track for latency are: []
DBWrapper: report latency for each error is false and specific error codes to track for latency are: []
DBWrapper: report latency for each error is false and specific error codes to track for latency are: []
DBWrapper: report latency for each error is false and specific error codes to track for latency are: []
DBWrapper: report latency for each error is false and specific error codes to track for latency are: []
DBWrapper: report latency for each error is false and specific error codes to track for latency are: []
DBWrapper: report latency for each error is false and specific error codes to track for latency are: []
DBWrapper: report latency for each error is false and specific error codes to track for latency are: []
DBWrapper: report latency for each error is false and specific error codes to track for latency are: []
DBWrapper: report latency for each error is false and specific error codes to track for latency are: []
DBWrapper: report latency for each error is false and specific error codes to track for latency are: []
DBWrapper: report latency for each error is false and specific error codes to track for latency are: []
DBWrapper: report latency for each error is false and specific error codes to track for latency are: []
DBWrapper: report latency for each error is false and specific error codes to track for latency are: []
DBWrapper: report latency for each error is false and specific error codes to track for latency are: []
DBWrapper: report latency for each error is false and specific error codes to track for latency are: []
DBWrapper: report latency for each error is false and specific error codes to track for latency are: []
DBWrapper: report latency for each error is false and specific error codes to track for latency are: []
DBWrapper: report latency for each error is false and specific error codes to track for latency are: []
DBWrapper: report latency for each error is false and specific error codes to track for latency are: []
DBWrapper: report latency for each error is false and specific error codes to track for latency are: []
DBWrapper: report latency for each error is false and specific error codes to track for latency are: []
DBWrapper: report latency for each error is false and specific error codes to track for latency are: []
DBWrapper: report latency for each error is false and specific error codes to track for latency are: []
DBWrapper: report latency for each error is false and specific error codes to track for latency are: []
DBWrapper: report latency for each error is false and specific error codes to track for latency are: []
DBWrapper: report latency for each error is false and specific error codes to track for latency are: []
DBWrapper: report latency for each error is false and specific error codes to track for latency are: []
DBWrapper: report latency for each error is false and specific error codes to track for latency are: []
DBWrapper: report latency for each error is false and specific error codes to track for latency are: []
DBWrapper: report latency for each error is false and specific error codes to track for latency are: []
DBWrapper: report latency for each error is false and specific error codes to track for latency are: []
DBWrapper: report latency for each error is false and specific error codes to track for latency are: []
DBWrapper: report latency for each error is false and specific error codes to track for latency are: []
DBWrapper: report latency for each error is false and specific error codes to track for latency are: []
DBWrapper: report latency for each error is false and specific error codes to track for latency are: []
DBWrapper: report latency for each error is false and specific error codes to track for latency are: []
DBWrapper: report latency for each error is false and specific error codes to track for latency are: []
DBWrapper: report latency for each error is false and specific error codes to track for latency are: []
DBWrapper: report latency for each error is false and specific error codes to track for latency are: []
DBWrapper: report latency for each error is false and specific error codes to track for latency are: []
DBWrapper: report latency for each error is false and specific error codes to track for latency are: []
DBWrapper: report latency for each error is false and specific error codes to track for latency are: []
DBWrapper: report latency for each error is false and specific error codes to track for latency are: []
DBWrapper: report latency for each error is false and specific error codes to track for latency are: []
DBWrapper: report latency for each error is false and specific error codes to track for latency are: []
DBWrapper: report latency for each error is false and specific error codes to track for latency are: []
DBWrapper: report latency for each error is false and specific error codes to track for latency are: []
DBWrapper: report latency for each error is false and specific error codes to track for latency are: []
DBWrapper: report latency for each error is false and specific error codes to track for latency are: []
DBWrapper: report latency for each error is false and specific error codes to track for latency are: []
DBWrapper: report latency for each error is false and specific error codes to track for latency are: []
DBWrapper: report latency for each error is false and specific error codes to track for latency are: []
DBWrapper: report latency for each error is false and specific error codes to track for latency are: []
DBWrapper: report latency for each error is false and specific error codes to track for latency are: []
DBWrapper: report latency for each error is false and specific error codes to track for latency are: []
DBWrapper: report latency for each error is false and specific error codes to track for latency are: []
DBWrapper: report latency for each error is false and specific error codes to track for latency are: []
DBWrapper: report latency for each error is false and specific error codes to track for latency are: []
DBWrapper: report latency for each error is false and specific error codes to track for latency are: []
DBWrapper: report latency for each error is false and specific error codes to track for latency are: []
DBWrapper: report latency for each error is false and specific error codes to track for latency are: []
DBWrapper: report latency for each error is false and specific error codes to track for latency are: []
2026-07-11 02:08:24:508 10 sec: 400943 operations; 40094.3 current ops/sec; est completion in 1 minute [READ: Count=401083, Max=137343, Min=157, Avg=1019.26, 90=1590, 99=6991, 99.9=31071, 99.99=110143] [READ-MODIFY-WRITE: Count=202604, Max=231679, Min=350, Avg=2027.56, 90=3227, 99=12015, 99.9=46879, 99.99=168447] [UPDATE: Count=202843, Max=171263, Min=181, Avg=995.57, 90=1573, 99=6391, 99.9=27327, 99.99=66815] 
2026-07-11 02:08:34:507 20 sec: 1054888 operations; 65394.5 current ops/sec; est completion in 1 minute [READ: Count=653856, Max=48991, Min=139, Avg=636.46, 90=956, 99=1640, 99.9=5331, 99.99=12991] [READ-MODIFY-WRITE: Count=325516, Max=56031, Min=342, Avg=1314.41, 90=1774, 99=3069, 99.9=11679, 99.99=26239] [UPDATE: Count=325415, Max=53343, Min=169, Avg=675.51, 90=976, 99=1823, 99.9=9439, 99.99=23231] 
2026-07-11 02:08:44:507 30 sec: 1742687 operations; 68779.9 current ops/sec; est completion in 57 seconds [READ: Count=687801, Max=19055, Min=145, Avg=612.17, 90=869, 99=1335, 99.9=4323, 99.99=15775] [READ-MODIFY-WRITE: Count=342774, Max=24991, Min=333, Avg=1244.62, 90=1617, 99=2305, 99.9=6567, 99.99=18543] [UPDATE: Count=342779, Max=21071, Min=176, Avg=630.26, 90=885, 99=1385, 99.9=4455, 99.99=16543] 
2026-07-11 02:08:54:507 40 sec: 2412663 operations; 66997.6 current ops/sec; est completion in 43 seconds [READ: Count=669970, Max=23199, Min=156, Avg=627.39, 90=917, 99=1397, 99.9=4571, 99.99=8303] [READ-MODIFY-WRITE: Count=334836, Max=24927, Min=350, Avg=1277.87, 90=1704, 99=2453, 99.9=6983, 99.99=10815] [UPDATE: Count=334748, Max=24095, Min=176, Avg=648.24, 90=937, 99=1469, 99.9=4975, 99.99=8327] 
2026-07-11 02:09:04:507 50 sec: 3091620 operations; 67895.7 current ops/sec; est completion in 31 seconds [READ: Count=678960, Max=24671, Min=150, Avg=619.77, 90=885, 99=1389, 99.9=5555, 99.99=17791] [READ-MODIFY-WRITE: Count=339208, Max=31679, Min=331, Avg=1261.67, 90=1647, 99=2473, 99.9=8511, 99.99=19695] [UPDATE: Count=339221, Max=31007, Min=173, Avg=639.06, 90=897, 99=1463, 99.9=5743, 99.99=18335] 
2026-07-11 02:09:14:507 60 sec: 3752706 operations; 66108.6 current ops/sec; est completion in 20 seconds [READ: Count=661089, Max=23503, Min=147, Avg=636.54, 90=942, 99=1463, 99.9=5143, 99.99=9607] [READ-MODIFY-WRITE: Count=330601, Max=23983, Min=350, Avg=1294.6, 90=1738, 99=2549, 99.9=7599, 99.99=12847] [UPDATE: Count=330579, Max=21551, Min=173, Avg=655.74, 90=958, 99=1535, 99.9=5379, 99.99=9287] 
2026-07-11 02:09:24:507 70 sec: 4446260 operations; 69355.4 current ops/sec; est completion in 9 second [READ: Count=693553, Max=32399, Min=150, Avg=605.87, 90=861, 99=1355, 99.9=5419, 99.99=16079] [READ-MODIFY-WRITE: Count=346572, Max=49087, Min=343, Avg=1234.53, 90=1605, 99=2381, 99.9=9023, 99.99=23903] [UPDATE: Count=346571, Max=32239, Min=176, Avg=626.9, 90=882, 99=1422, 99.9=6075, 99.99=16447] 
2026-07-11 02:09:32:594 78 sec: 5000000 operations; 68472.86 current ops/sec; [READ: Count=553688, Max=28719, Min=133, Avg=582.1, 90=849, 99=1313, 99.9=4939, 99.99=17215] [READ-MODIFY-WRITE: Count=276495, Max=29551, Min=292, Avg=1189.79, 90=1590, 99=2361, 99.9=8043, 99.99=24735] [CLEANUP: Count=64, Max=4659, Min=0, Avg=73.84, 90=2, 99=7, 99.9=4659, 99.99=4659] [UPDATE: Count=276450, Max=26159, Min=155, Avg=605.04, 90=873, 99=1398, 99.9=4987, 99.99=18159] 
[OVERALL], RunTime(ms), 78087
[OVERALL], Throughput(ops/sec), 64031.14474880582
[TOTAL_GCS_G1_Young_Generation], Count, 131
[TOTAL_GC_TIME_G1_Young_Generation], Time(ms), 297
[TOTAL_GC_TIME_%_G1_Young_Generation], Time(%), 0.38034499980790654
[TOTAL_GCS_G1_Old_Generation], Count, 0
[TOTAL_GC_TIME_G1_Old_Generation], Time(ms), 0
[TOTAL_GC_TIME_%_G1_Old_Generation], Time(%), 0.0
[TOTAL_GCs], Count, 131
[TOTAL_GC_TIME], Time(ms), 297
[TOTAL_GC_TIME_%], Time(%), 0.38034499980790654
[READ], Operations, 5000000
[READ], AverageLatency(us), 650.0898074
[READ], MinLatency(us), 133
[READ], MaxLatency(us), 137343
[READ], 95thPercentileLatency(us), 1090
[READ], 99thPercentileLatency(us), 1884
[READ], Return=OK, 5000000
[READ-MODIFY-WRITE], Operations, 2498606
[READ-MODIFY-WRITE], AverageLatency(us), 1323.115275077383
[READ-MODIFY-WRITE], MinLatency(us), 292
[READ-MODIFY-WRITE], MaxLatency(us), 231679
[READ-MODIFY-WRITE], 95thPercentileLatency(us), 1978
[READ-MODIFY-WRITE], 99thPercentileLatency(us), 3893
[CLEANUP], Operations, 64
[CLEANUP], AverageLatency(us), 73.84375
[CLEANUP], MinLatency(us), 0
[CLEANUP], MaxLatency(us), 4659
[CLEANUP], 95thPercentileLatency(us), 2
[CLEANUP], 99thPercentileLatency(us), 7
[UPDATE], Operations, 2498606
[UPDATE], AverageLatency(us), 669.527532151928
[UPDATE], MinLatency(us), 155
[UPDATE], MaxLatency(us), 171263
[UPDATE], 95thPercentileLatency(us), 1122
[UPDATE], 99thPercentileLatency(us), 1946
[UPDATE], Return=OK, 2498606
