[INFO ] 2026-07-10 22:38:44,971 [main]  com.oltpbenchmark.DBWorkload main - ======================================================================

Benchmark:              TPCC {com.oltpbenchmark.benchmarks.tpcc.TPCCBenchmark}
Configuration:          /mnt/hpca2027-db/screening/mysql_tpcc_100w_32t/measured-run1.xml
Type:                   MYSQL
Driver:                 com.mysql.cj.jdbc.Driver
URL:                    jdbc:mysql://localhost:3307/benchbase?rewriteBatchedStatements=true&allowPublicKeyRetrieval=True&sslMode=DISABLED
Isolation:              TRANSACTION_SERIALIZABLE
Batch Size:             128
Scale Factor:           100.0
Terminals:              32
New Connection Per Txn: false

[INFO ] 2026-07-10 22:38:44,972 [main]  com.oltpbenchmark.DBWorkload main - ======================================================================
[INFO ] 2026-07-10 22:38:45,239 [main]  com.oltpbenchmark.DBWorkload runWorkload - Creating 32 virtual terminals...
[INFO ] 2026-07-10 22:38:45,321 [main]  com.oltpbenchmark.DBWorkload runWorkload - Launching the TPCC Benchmark with 1 Phase...
[INFO ] 2026-07-10 22:38:45,350 [main]  com.oltpbenchmark.ThreadBench runRateLimitedMultiPhase - [0;1mPHASE START[0;0m :: [Workload=TPCC] [Serial=false] [Time=600] [WarmupTime=0] [Rate=unlimited] [Arrival=REGULAR] [Ratios=[45.0, 43.0, 4.0, 4.0, 4.0]] [ActiveWorkers=32]
[INFO ] 2026-07-10 22:38:46,349 [main]  com.oltpbenchmark.ThreadBench runRateLimitedMultiPhase - [0;1mMEASURE[0;0m :: Warmup complete, starting measurements.
[INFO ] 2026-07-10 22:48:47,349 [main]  com.oltpbenchmark.ThreadBench runRateLimitedMultiPhase - [0;1mTERMINATE[0;0m :: Waiting for all terminals to finish ..
[INFO ] 2026-07-10 22:48:47,373 [Thread-32]  com.oltpbenchmark.ThreadBench run - Starting WatchDogThread
[INFO ] 2026-07-10 22:48:47,776 [main]  com.oltpbenchmark.DBWorkload runWorkload - ======================================================================
[INFO ] 2026-07-10 22:48:47,776 [main]  com.oltpbenchmark.DBWorkload runWorkload - Rate limited reqs/s: Results(nanoSeconds=600999882516, measuredRequests=1308803) = 2177.709244336095 requests/sec (throughput), 2168.7075786829305 requests/sec (goodput)
[INFO ] 2026-07-10 22:48:47,791 [main]  com.oltpbenchmark.DBWorkload writeOutputs - Output Raw data into file: tpcc_2026-07-10_22-48-47.raw.csv
[INFO ] 2026-07-10 22:48:53,649 [main]  com.oltpbenchmark.DBWorkload writeOutputs - Output samples into file: tpcc_2026-07-10_22-48-47.samples.csv
[INFO ] 2026-07-10 22:48:53,835 [main]  com.oltpbenchmark.DBWorkload writeOutputs - Output summary data into file: tpcc_2026-07-10_22-48-47.summary.json
[INFO ] 2026-07-10 22:48:53,842 [main]  com.oltpbenchmark.DBWorkload writeOutputs - Output DBMS parameters into file: tpcc_2026-07-10_22-48-47.params.json
[INFO ] 2026-07-10 22:48:53,852 [main]  com.oltpbenchmark.DBWorkload writeOutputs - Output DBMS metrics into file: tpcc_2026-07-10_22-48-47.metrics.json
[INFO ] 2026-07-10 22:48:53,856 [main]  com.oltpbenchmark.DBWorkload writeOutputs - Output benchmark config into file: tpcc_2026-07-10_22-48-47.config.xml
[INFO ] 2026-07-10 22:48:53,876 [main]  com.oltpbenchmark.DBWorkload writeOutputs - Output results into file: tpcc_2026-07-10_22-48-47.results.csv with window size 5
[INFO ] 2026-07-10 22:48:54,267 [main]  com.oltpbenchmark.DBWorkload writeHistograms - ======================================================================
[INFO ] 2026-07-10 22:48:54,267 [main]  com.oltpbenchmark.DBWorkload writeHistograms - Workload Histograms:

[0;1mCompleted Transactions:[0;0m
com.oltpbenchmark.benchmarks.tpcc.procedures.NewOrder/01                         [582843] ********************************************************************************
com.oltpbenchmark.benchmarks.tpcc.procedures.Payment/02                          [563886] *****************************************************************************
com.oltpbenchmark.benchmarks.tpcc.procedures.OrderStatus/03                      [ 52207] *******
com.oltpbenchmark.benchmarks.tpcc.procedures.Delivery/04                         [ 52179] *******
com.oltpbenchmark.benchmarks.tpcc.procedures.StockLevel/05                       [ 52278] *******

[0;1mAborted Transactions:[0;0m
com.oltpbenchmark.benchmarks.tpcc.procedures.NewOrder/01                         [5933] ********************************************************************************

[0;1mRejected Transactions (Server Retry):[0;0m
<EMPTY>

[0;1mRejected Transactions (Retry Different):[0;0m
<EMPTY>

[0;1mUnexpected SQL Errors:[0;0m
<EMPTY>

[0;1mUnknown Status Transactions:[0;0m
<EMPTY>


[INFO ] 2026-07-10 22:48:54,267 [main]  com.oltpbenchmark.DBWorkload writeHistograms - ======================================================================
