Linux 5.15.0-177-generic (node0.paper.datacntr-effcy-pg0.utah.cloudlab.us) 	07/10/26 	_x86_64_	(32 CPU)

16:23:10     CPU    %usr   %nice    %sys %iowait    %irq   %soft  %steal  %guest  %gnice   %idle
16:23:11     all   24.74    0.00    1.60    0.06    0.00    0.97    0.00    0.00    0.00   72.63
16:23:11       0    6.50    0.00    2.44    0.00    0.00   21.95    0.00    0.00    0.00   69.11
16:23:11       1    7.07    0.00    1.01    0.00    0.00    0.00    0.00    0.00    0.00   91.92
16:23:11       2   94.95    0.00    0.00    0.00    0.00    0.00    0.00    0.00    0.00    5.05
16:23:11       3   27.55    0.00    0.00    0.00    0.00    0.00    0.00    0.00    0.00   72.45
16:23:11       4    3.00    0.00    1.00    0.00    0.00    0.00    0.00    0.00    0.00   96.00
16:23:11       5   98.00    0.00    0.00    0.00    0.00    0.00    0.00    0.00    0.00    2.00
16:23:11       6   48.00    0.00    1.00    0.00    0.00    0.00    0.00    0.00    0.00   51.00
16:23:11       7    0.00    0.00    0.00    1.03    0.00    0.00    0.00    0.00    0.00   98.97
16:23:11       8    0.00    0.00    0.00    0.00    0.00    0.00    0.00    0.00    0.00  100.00
16:23:11       9    0.00    0.00    0.00    0.00    0.00    0.00    0.00    0.00    0.00  100.00
16:23:11      10    0.00    0.00    1.01    0.00    0.00    0.00    0.00    0.00    0.00   98.99
16:23:11      11    1.01    0.00    2.02    0.00    0.00    0.00    0.00    0.00    0.00   96.97
16:23:11      12    5.15    0.00    1.03    0.00    0.00    1.03    0.00    0.00    0.00   92.78
16:23:11      13   11.11    0.00    2.02    0.00    0.00    0.00    0.00    0.00    0.00   86.87
16:23:11      14   68.00    0.00    1.00    0.00    0.00    0.00    0.00    0.00    0.00   31.00
16:23:11      15    1.00    0.00    1.00    0.00    0.00    0.00    0.00    0.00    0.00   98.00
16:23:11      16    9.00    0.00    4.00    0.00    0.00    0.00    0.00    0.00    0.00   87.00
16:23:11      17   11.65    0.00    5.83    0.00    0.00    0.97    0.00    0.00    0.00   81.55
16:23:11      18    7.07    0.00    0.00    0.00    0.00    0.00    0.00    0.00    0.00   92.93
16:23:11      19    0.00    0.00    0.00    0.00    0.00    0.00    0.00    0.00    0.00  100.00
16:23:11      20    2.02    0.00    0.00    0.00    0.00    0.00    0.00    0.00    0.00   97.98
16:23:11      21    2.02    0.00    0.00    0.00    0.00    0.00    0.00    0.00    0.00   97.98
16:23:11      22   52.04    0.00    1.02    1.02    0.00    0.00    0.00    0.00    0.00   45.92
16:23:11      23    1.02    0.00    0.00    0.00    0.00    0.00    0.00    0.00    0.00   98.98
16:23:11      24   60.61    0.00    3.03    0.00    0.00    0.00    0.00    0.00    0.00   36.36
16:23:11      25   39.39    0.00    1.01    0.00    0.00    0.00    0.00    0.00    0.00   59.60
16:23:11      26   62.75    0.00    3.92    0.00    0.00    0.00    0.00    0.00    0.00   33.33
16:23:11      27   30.00    0.00    3.00    0.00    0.00    0.00    0.00    0.00    0.00   67.00
16:23:11      28   65.00    0.00    8.00    0.00    0.00    1.00    0.00    0.00    0.00   26.00
16:23:11      29   26.53    0.00    2.04    0.00    0.00    1.02    0.00    0.00    0.00   70.41
16:23:11      30   19.59    0.00    3.09    0.00    0.00    0.00    0.00    0.00    0.00   77.32
16:23:11      31   32.67    0.00    1.98    0.00    0.00    0.00    0.00    0.00    0.00   65.35

16:23:11     CPU    %usr   %nice    %sys %iowait    %irq   %soft  %steal  %guest  %gnice   %idle
16:23:12     all   30.54    0.00    2.37    0.16    0.00    1.14    0.00    0.00    0.00   65.80
16:23:12       0   25.27    0.00    4.40    0.00    0.00    2.20    0.00    0.00    0.00   68.13
16:23:12       1   48.42    0.00    9.47    0.00    0.00    3.16    0.00    0.00    0.00   38.95
16:23:12       2   98.00    0.00    1.00    0.00    0.00    0.00    0.00    0.00    0.00    1.00
16:23:12       3  100.00    0.00    0.00    0.00    0.00    0.00    0.00    0.00    0.00    0.00
16:23:12       4    0.00    0.00    1.01    0.00    0.00    0.00    0.00    0.00    0.00   98.99
16:23:12       5  100.00    0.00    0.00    0.00    0.00    0.00    0.00    0.00    0.00    0.00
16:23:12       6    9.00    0.00    2.00    2.00    0.00    0.00    0.00    0.00    0.00   87.00
16:23:12       7   22.45    0.00    4.08    1.02    0.00    3.06    0.00    0.00    0.00   69.39
16:23:12       8    0.00    0.00    0.00    0.00    0.00   11.71    0.00    0.00    0.00   88.29
16:23:12       9    1.00    0.00    0.00    0.00    0.00    0.00    0.00    0.00    0.00   99.00
16:23:12      10    1.08    0.00    2.15    0.00    0.00    0.00    0.00    0.00    0.00   96.77
16:23:12      11    1.03    0.00    1.03    0.00    0.00    0.00    0.00    0.00    0.00   97.94
16:23:12      12   45.63    0.00    5.83    0.00    0.00    1.94    0.00    0.00    0.00   46.60
16:23:12      13   11.34    0.00    1.03    0.00    0.00    1.03    0.00    0.00    0.00   86.60
16:23:12      14    1.00    0.00    1.00    0.00    0.00    0.00    0.00    0.00    0.00   98.00
16:23:12      15    0.00    0.00    0.00    0.00    0.00    0.00    0.00    0.00    0.00  100.00
16:23:12      16    1.98    0.00    0.99    0.00    0.00    0.00    0.00    0.00    0.00   97.03
16:23:12      17   28.16    0.00    7.77    0.00    0.00    0.97    0.00    0.00    0.00   63.11
16:23:12      18    1.02    0.00    0.00    0.00    0.00    0.00    0.00    0.00    0.00   98.98
16:23:12      19    2.02    0.00    0.00    0.00    0.00    0.00    0.00    0.00    0.00   97.98
16:23:12      20    0.00    0.00    0.00    0.00    0.00    0.00    0.00    0.00    0.00  100.00
16:23:12      21    1.01    0.00    0.00    1.01    0.00    0.00    0.00    0.00    0.00   97.98
16:23:12      22  100.00    0.00    0.00    0.00    0.00    0.00    0.00    0.00    0.00    0.00
16:23:12      23   15.69    0.00    2.94    0.98    0.00    0.98    0.00    0.00    0.00   79.41
16:23:12      24   33.33    0.00    2.02    0.00    0.00    0.00    0.00    0.00    0.00   64.65
16:23:12      25   57.00    0.00    3.00    0.00    0.00    0.00    0.00    0.00    0.00   40.00
16:23:12      26   79.00    0.00    0.00    0.00    0.00    0.00    0.00    0.00    0.00   21.00
16:23:12      27   27.55    0.00    7.14    0.00    0.00    2.04    0.00    0.00    0.00   63.27
16:23:12      28   30.21    0.00    6.25    0.00    0.00    2.08    0.00    0.00    0.00   61.46
16:23:12      29   30.00    0.00    6.00    0.00    0.00    2.00    0.00    0.00    0.00   62.00
16:23:12      30   22.11    0.00    5.26    0.00    0.00    4.21    0.00    0.00    0.00   68.42
16:23:12      31   81.19    0.00    1.98    0.00    0.00    0.00    0.00    0.00    0.00   16.83

Average:     CPU    %usr   %nice    %sys %iowait    %irq   %soft  %steal  %guest  %gnice   %idle
Average:     all   27.63    0.00    1.98    0.11    0.00    1.05    0.00    0.00    0.00   69.23
Average:       0   14.49    0.00    3.27    0.00    0.00   13.55    0.00    0.00    0.00   68.69
Average:       1   27.32    0.00    5.15    0.00    0.00    1.55    0.00    0.00    0.00   65.98
Average:       2   96.48    0.00    0.50    0.00    0.00    0.00    0.00    0.00    0.00    3.02
Average:       3   64.14    0.00    0.00    0.00    0.00    0.00    0.00    0.00    0.00   35.86
Average:       4    1.51    0.00    1.01    0.00    0.00    0.00    0.00    0.00    0.00   97.49
Average:       5   98.99    0.00    0.00    0.00    0.00    0.00    0.00    0.00    0.00    1.01
Average:       6   28.50    0.00    1.50    1.00    0.00    0.00    0.00    0.00    0.00   69.00
Average:       7   11.28    0.00    2.05    1.03    0.00    1.54    0.00    0.00    0.00   84.10
Average:       8    0.00    0.00    0.00    0.00    0.00    6.19    0.00    0.00    0.00   93.81
Average:       9    0.50    0.00    0.00    0.00    0.00    0.00    0.00    0.00    0.00   99.50
Average:      10    0.52    0.00    1.56    0.00    0.00    0.00    0.00    0.00    0.00   97.92
Average:      11    1.02    0.00    1.53    0.00    0.00    0.00    0.00    0.00    0.00   97.45
Average:      12   26.00    0.00    3.50    0.00    0.00    1.50    0.00    0.00    0.00   69.00
Average:      13   11.22    0.00    1.53    0.00    0.00    0.51    0.00    0.00    0.00   86.73
Average:      14   34.50    0.00    1.00    0.00    0.00    0.00    0.00    0.00    0.00   64.50
Average:      15    0.51    0.00    0.51    0.00    0.00    0.00    0.00    0.00    0.00   98.99
Average:      16    5.47    0.00    2.49    0.00    0.00    0.00    0.00    0.00    0.00   92.04
Average:      17   19.90    0.00    6.80    0.00    0.00    0.97    0.00    0.00    0.00   72.33
Average:      18    4.06    0.00    0.00    0.00    0.00    0.00    0.00    0.00    0.00   95.94
Average:      19    1.02    0.00    0.00    0.00    0.00    0.00    0.00    0.00    0.00   98.98
Average:      20    1.02    0.00    0.00    0.00    0.00    0.00    0.00    0.00    0.00   98.98
Average:      21    1.52    0.00    0.00    0.51    0.00    0.00    0.00    0.00    0.00   97.98
Average:      22   76.26    0.00    0.51    0.51    0.00    0.00    0.00    0.00    0.00   22.73
Average:      23    8.50    0.00    1.50    0.50    0.00    0.50    0.00    0.00    0.00   89.00
Average:      24   46.97    0.00    2.53    0.00    0.00    0.00    0.00    0.00    0.00   50.51
Average:      25   48.24    0.00    2.01    0.00    0.00    0.00    0.00    0.00    0.00   49.75
Average:      26   70.79    0.00    1.98    0.00    0.00    0.00    0.00    0.00    0.00   27.23
Average:      27   28.79    0.00    5.05    0.00    0.00    1.01    0.00    0.00    0.00   65.15
Average:      28   47.96    0.00    7.14    0.00    0.00    1.53    0.00    0.00    0.00   43.37
Average:      29   28.28    0.00    4.04    0.00    0.00    1.52    0.00    0.00    0.00   66.16
Average:      30   20.83    0.00    4.17    0.00    0.00    2.08    0.00    0.00    0.00   72.92
Average:      31   56.93    0.00    1.98    0.00    0.00    0.00    0.00    0.00    0.00   41.09
